Component: ARM Compiler 5.06 update 7 (build 960) Tool: armlink [4d3601]

==============================================================================

Section Cross References

    startup_stm32f407xx.o(STACK) refers (Special) to heapauxi.o(.text) for __use_two_region_memory
    startup_stm32f407xx.o(HEAP) refers (Special) to heapauxi.o(.text) for __use_two_region_memory
    startup_stm32f407xx.o(RESET) refers (Special) to heapauxi.o(.text) for __use_two_region_memory
    startup_stm32f407xx.o(RESET) refers to startup_stm32f407xx.o(STACK) for __initial_sp
    startup_stm32f407xx.o(RESET) refers to startup_stm32f407xx.o(.text) for Reset_Handler
    startup_stm32f407xx.o(RESET) refers to stm32f4xx_it.o(i.NMI_Handler) for NMI_Handler
    startup_stm32f407xx.o(RESET) refers to stm32f4xx_it.o(i.HardFault_Handler) for HardFault_Handler
    startup_stm32f407xx.o(RESET) refers to stm32f4xx_it.o(i.MemManage_Handler) for MemManage_Handler
    startup_stm32f407xx.o(RESET) refers to stm32f4xx_it.o(i.BusFault_Handler) for BusFault_Handler
    startup_stm32f407xx.o(RESET) refers to stm32f4xx_it.o(i.UsageFault_Handler) for UsageFault_Handler
    startup_stm32f407xx.o(RESET) refers to port.o(.emb_text) for SVC_Handler
    startup_stm32f407xx.o(RESET) refers to stm32f4xx_it.o(i.DebugMon_Handler) for DebugMon_Handler
    startup_stm32f407xx.o(RESET) refers to cmsis_os2.o(i.SysTick_Handler) for SysTick_Handler
    startup_stm32f407xx.o(RESET) refers to stm32f4xx_it.o(i.DMA1_Stream0_IRQHandler) for DMA1_Stream0_IRQHandler
    startup_stm32f407xx.o(RESET) refers to stm32f4xx_it.o(i.DMA1_Stream2_IRQHandler) for DMA1_Stream2_IRQHandler
    startup_stm32f407xx.o(RESET) refers to stm32f4xx_it.o(i.DMA1_Stream4_IRQHandler) for DMA1_Stream4_IRQHandler
    startup_stm32f407xx.o(RESET) refers to stm32f4xx_it.o(i.DMA1_Stream5_IRQHandler) for DMA1_Stream5_IRQHandler
    startup_stm32f407xx.o(RESET) refers to stm32f4xx_it.o(i.DMA1_Stream6_IRQHandler) for DMA1_Stream6_IRQHandler
    startup_stm32f407xx.o(RESET) refers to stm32f4xx_it.o(i.CAN1_RX0_IRQHandler) for CAN1_RX0_IRQHandler
    startup_stm32f407xx.o(RESET) refers to stm32f4xx_it.o(i.TIM2_IRQHandler) for TIM2_IRQHandler
    startup_stm32f407xx.o(RESET) refers to stm32f4xx_it.o(i.SPI2_IRQHandler) for SPI2_IRQHandler
    startup_stm32f407xx.o(RESET) refers to stm32f4xx_it.o(i.USART1_IRQHandler) for USART1_IRQHandler
    startup_stm32f407xx.o(RESET) refers to stm32f4xx_it.o(i.USART2_IRQHandler) for USART2_IRQHandler
    startup_stm32f407xx.o(RESET) refers to stm32f4xx_it.o(i.DMA1_Stream7_IRQHandler) for DMA1_Stream7_IRQHandler
    startup_stm32f407xx.o(RESET) refers to stm32f4xx_it.o(i.UART4_IRQHandler) for UART4_IRQHandler
    startup_stm32f407xx.o(RESET) refers to stm32f4xx_it.o(i.UART5_IRQHandler) for UART5_IRQHandler
    startup_stm32f407xx.o(RESET) refers to stm32f4xx_it.o(i.TIM6_DAC_IRQHandler) for TIM6_DAC_IRQHandler
    startup_stm32f407xx.o(RESET) refers to stm32f4xx_it.o(i.DMA2_Stream2_IRQHandler) for DMA2_Stream2_IRQHandler
    startup_stm32f407xx.o(RESET) refers to stm32f4xx_it.o(i.CAN2_RX0_IRQHandler) for CAN2_RX0_IRQHandler
    startup_stm32f407xx.o(RESET) refers to stm32f4xx_it.o(i.DMA2_Stream7_IRQHandler) for DMA2_Stream7_IRQHandler
    startup_stm32f407xx.o(.text) refers (Special) to heapauxi.o(.text) for __use_two_region_memory
    startup_stm32f407xx.o(.text) refers to system_stm32f4xx.o(i.SystemInit) for SystemInit
    startup_stm32f407xx.o(.text) refers to __main.o(!!!main) for __main
    startup_stm32f407xx.o(.text) refers to startup_stm32f407xx.o(HEAP) for Heap_Mem
    startup_stm32f407xx.o(.text) refers to startup_stm32f407xx.o(STACK) for Stack_Mem
    main.o(i.HAL_TIM_PeriodElapsedCallback) refers to stm32f4xx_hal.o(i.HAL_IncTick) for HAL_IncTick
    main.o(i.SystemClock_Config) refers to rt_memclr_w.o(.text) for __aeabi_memclr4
    main.o(i.SystemClock_Config) refers to stm32f4xx_hal_rcc.o(i.HAL_RCC_OscConfig) for HAL_RCC_OscConfig
    main.o(i.SystemClock_Config) refers to stm32f4xx_hal_rcc.o(i.HAL_RCC_ClockConfig) for HAL_RCC_ClockConfig
    main.o(i.main) refers to stm32f4xx_hal.o(i.HAL_Init) for HAL_Init
    main.o(i.main) refers to main.o(i.SystemClock_Config) for SystemClock_Config
    main.o(i.main) refers to gpio.o(i.MX_GPIO_Init) for MX_GPIO_Init
    main.o(i.main) refers to dma.o(i.MX_DMA_Init) for MX_DMA_Init
    main.o(i.main) refers to spi.o(i.MX_SPI2_Init) for MX_SPI2_Init
    main.o(i.main) refers to usart.o(i.MX_USART1_UART_Init) for MX_USART1_UART_Init
    main.o(i.main) refers to can.o(i.MX_CAN1_Init) for MX_CAN1_Init
    main.o(i.main) refers to can.o(i.MX_CAN2_Init) for MX_CAN2_Init
    main.o(i.main) refers to tim.o(i.MX_TIM2_Init) for MX_TIM2_Init
    main.o(i.main) refers to usart.o(i.MX_UART4_Init) for MX_UART4_Init
    main.o(i.main) refers to usart.o(i.MX_USART2_UART_Init) for MX_USART2_UART_Init
    main.o(i.main) refers to usart.o(i.MX_UART5_Init) for MX_UART5_Init
[...]
    xQueueGenericReset                       0x0800ca75   Thumb Code   132  queue.o(i.xQueueGenericReset)
    xQueueGenericSend                        0x0800cafd   Thumb Code   350  queue.o(i.xQueueGenericSend)
    xQueueGenericSendFromISR                 0x0800cc61   Thumb Code   190  queue.o(i.xQueueGenericSendFromISR)
    xQueueReceive                            0x0800cd21   Thumb Code   308  queue.o(i.xQueueReceive)
    xTaskCheckForTimeOut                     0x0800ce59   Thumb Code   112  tasks.o(i.xTaskCheckForTimeOut)
    xTaskCreate                              0x0800cecd   Thumb Code    90  tasks.o(i.xTaskCreate)
    xTaskCreateStatic                        0x0800cf27   Thumb Code    90  tasks.o(i.xTaskCreateStatic)
    xTaskGetSchedulerState                   0x0800cf81   Thumb Code    22  tasks.o(i.xTaskGetSchedulerState)
    xTaskGetTickCount                        0x0800cf9d   Thumb Code     6  tasks.o(i.xTaskGetTickCount)
    xTaskIncrementTick                       0x0800cfa9   Thumb Code   192  tasks.o(i.xTaskIncrementTick)
    xTaskPriorityDisinherit                  0x0800d071   Thumb Code   116  tasks.o(i.xTaskPriorityDisinherit)
    xTaskRemoveFromEventList                 0x0800d0ed   Thumb Code    98  tasks.o(i.xTaskRemoveFromEventList)
    xTaskResumeAll                           0x0800d15d   Thumb Code   180  tasks.o(i.xTaskResumeAll)
    xTimerCreateTimerTask                    0x0800d21d   Thumb Code    78  timers.o(i.xTimerCreateTimerTask)
    xTimerGenericCommand                     0x0800d27d   Thumb Code    94  timers.o(i.xTimerGenericCommand)
    __aeabi_dneg                             0x0800d2e1   Thumb Code     0  basic.o(x$fpl$basic)
    _dneg                                    0x0800d2e1   Thumb Code     6  basic.o(x$fpl$basic)
    __aeabi_fneg                             0x0800d2e7   Thumb Code     0  basic.o(x$fpl$basic)
    _fneg                                    0x0800d2e7   Thumb Code     6  basic.o(x$fpl$basic)
    _dabs                                    0x0800d2ed   Thumb Code     6  basic.o(x$fpl$basic)
    _fabs                                    0x0800d2f3   Thumb Code     6  basic.o(x$fpl$basic)
    __aeabi_d2f                              0x0800d2f9   Thumb Code     0  d2f.o(x$fpl$d2f)
    _d2f                                     0x0800d2f9   Thumb Code    98  d2f.o(x$fpl$d2f)
    __aeabi_dadd                             0x0800d35d   Thumb Code     0  daddsub_clz.o(x$fpl$dadd)
    _dadd                                    0x0800d35d   Thumb Code   332  daddsub_clz.o(x$fpl$dadd)
    __fpl_dcheck_NaN1                        0x0800d4ad   Thumb Code    10  dcheck1.o(x$fpl$dcheck1)
    __fpl_dcmp_Inf                           0x0800d4bd   Thumb Code    24  dcmpi.o(x$fpl$dcmpinf)
    __aeabi_ddiv                             0x0800d4d5   Thumb Code     0  ddiv.o(x$fpl$ddiv)
    _ddiv                                    0x0800d4d5   Thumb Code   552  ddiv.o(x$fpl$ddiv)
    __aeabi_cdcmpeq                          0x0800d785   Thumb Code     0  deqf.o(x$fpl$deqf)
    _dcmpeq                                  0x0800d785   Thumb Code   120  deqf.o(x$fpl$deqf)
    __aeabi_i2d                              0x0800d7fd   Thumb Code     0  dflt_clz.o(x$fpl$dflt)
    _dflt                                    0x0800d7fd   Thumb Code    46  dflt_clz.o(x$fpl$dflt)
    __aeabi_ui2d                             0x0800d82b   Thumb Code     0  dflt_clz.o(x$fpl$dfltu)
    _dfltu                                   0x0800d82b   Thumb Code    38  dflt_clz.o(x$fpl$dfltu)
    __aeabi_cdcmple                          0x0800d851   Thumb Code     0  dleqf.o(x$fpl$dleqf)
    _dcmple                                  0x0800d851   Thumb Code   120  dleqf.o(x$fpl$dleqf)
    __fpl_dcmple_InfNaN                      0x0800d8b3   Thumb Code     0  dleqf.o(x$fpl$dleqf)
    __aeabi_dmul                             0x0800d8c9   Thumb Code     0  dmul.o(x$fpl$dmul)
    _dmul                                    0x0800d8c9   Thumb Code   332  dmul.o(x$fpl$dmul)
    __fpl_dnaninf                            0x0800da1d   Thumb Code   156  dnaninf.o(x$fpl$dnaninf)
    __fpl_dretinf                            0x0800dab9   Thumb Code    12  dretinf.o(x$fpl$dretinf)
    __aeabi_cdrcmple                         0x0800dac5   Thumb Code     0  drleqf.o(x$fpl$drleqf)
    _drcmple                                 0x0800dac5   Thumb Code   108  drleqf.o(x$fpl$drleqf)
    __aeabi_drsub                            0x0800db31   Thumb Code     0  daddsub_clz.o(x$fpl$drsb)
    _drsb                                    0x0800db31   Thumb Code    22  daddsub_clz.o(x$fpl$drsb)
    _dsqrt                                   0x0800db49   Thumb Code   404  dsqrt_umaal.o(x$fpl$dsqrt)
    __aeabi_dsub                             0x0800dce1   Thumb Code     0  daddsub_clz.o(x$fpl$dsub)
    _dsub                                    0x0800dce1   Thumb Code   464  daddsub_clz.o(x$fpl$dsub)
    __aeabi_f2d                              0x0800deb5   Thumb Code     0  f2d.o(x$fpl$f2d)
    _f2d                                     0x0800deb5   Thumb Code    86  f2d.o(x$fpl$f2d)
    __fpl_fnaninf                            0x0800df0b   Thumb Code   140  fnaninf.o(x$fpl$fnaninf)
    _fp_init                                 0x0800df97   Thumb Code    10  fpinit.o(x$fpl$fpinit)
    __fplib_config_fpu_vfp                   0x0800df9f   Thumb Code     0  fpinit.o(x$fpl$fpinit)
    __fplib_config_pureend_doubles           0x0800df9f   Thumb Code     0  fpinit.o(x$fpl$fpinit)
    _frem                                    0x0800dfa1   Thumb Code   240  frem_clz.o(x$fpl$frem)
    __fpl_fretinf                            0x0800e095   Thumb Code    10  fretinf.o(x$fpl$fretinf)
    __fpl_return_NaN                         0x0800e09f   Thumb Code   100  retnan.o(x$fpl$retnan)
    __ARM_scalbn                             0x0800e103   Thumb Code    92  scalbn.o(x$fpl$scalbn)
    __fpl_cmpreturn                          0x0800e15f   Thumb Code    48  trapv.o(x$fpl$trapveneer)
    __I$use$fp                               0x0800e18e   Number         0  usenofp.o(x$fpl$usenofp)
    Task1_attributes                         0x0800e190   Data          36  freertos.o(.constdata)
    Task2_attributes                         0x0800e1b4   Data          36  freertos.o(.constdata)
    Task3_attributes                         0x0800e1d8   Data          36  freertos.o(.constdata)
    Task4_attributes                         0x0800e1fc   Data          36  freertos.o(.constdata)
    Task5_attributes                         0x0800e220   Data          36  freertos.o(.constdata)
    Task6_attributes                         0x0800e244   Data          36  freertos.o(.constdata)
    AHBPrescTable                            0x0800e270   Data          16  system_stm32f4xx.o(.constdata)
    APBPrescTable                            0x0800e280   Data           8  system_stm32f4xx.o(.constdata)
    TX_ADDRESS                               0x0800e288   Data           5  nrf24l01.o(.constdata)
    RX_ADDRESS                               0x0800e28d   Data           5  nrf24l01.o(.constdata)
    crc_ccitt_table                          0x0800e292   Data         512  go1_sdk.o(.constdata)
    __mathlib_zero                           0x0800e6f8   Data           8  qnan.o(.constdata)
    Region$$Table$$Base                      0x0800e750   Number         0  anon$$obj.o(Region$$Table)
    Region$$Table$$Limit                     0x0800e770   Number         0  anon$$obj.o(Region$$Table)
    Task1Handle                              0x20000000   Data           4  freertos.o(.data)
    Task2Handle                              0x20000004   Data           4  freertos.o(.data)
    Task3Handle                              0x20000008   Data           4  freertos.o(.data)
    Task4Handle                              0x2000000c   Data           4  freertos.o(.data)
    Task5Handle                              0x20000010   Data           4  freertos.o(.data)
    Task6Handle                              0x20000014   Data           4  freertos.o(.data)
    uwTickFreq                               0x2000001c   Data           1  stm32f4xx_hal.o(.data)
    uwTickPrio                               0x20000020   Data           4  stm32f4xx_hal.o(.data)
    uwTick                                   0x20000024   Data           4  stm32f4xx_hal.o(.data)
    SystemCoreClock                          0x20000028   Data           4  system_stm32f4xx.o(.data)
    pxCurrentTCB                             0x2000002c   Data           4  tasks.o(.data)
    RxMsg_CAN1                               0x200000ac   Data           8  can_bsp.o(.data)
    RxMsg_CAN2                               0x200000b4   Data           8  can_bsp.o(.data)
    leftup_motor                             0x200000bc   Data         300  global.declare.o(.data)
    leftdown_motor                           0x200001e8   Data         300  global.declare.o(.data)
    rightup_motor                            0x20000314   Data         300  global.declare.o(.data)
    rightdown_motor                          0x20000440   Data         300  global.declare.o(.data)
    leftup_turn_motor                        0x2000056c   Data         300  global.declare.o(.data)
    rightup_turn_motor                       0x20000698   Data         300  global.declare.o(.data)
    rightdown_turn_motor                     0x200007c4   Data         300  global.declare.o(.data)
    leftdown_turn_motor                      0x200008f0   Data         300  global.declare.o(.data)
    leftup_init_angle                        0x20000a1c   Data           4  global.declare.o(.data)
    rightup_init_angle                       0x20000a20   Data           4  global.declare.o(.data)
    leftdown_init_angle                      0x20000a24   Data           4  global.declare.o(.data)
    rightdown_init_angle                     0x20000a28   Data           4  global.declare.o(.data)
    leftup_init_flag                         0x20000a2c   Data           1  global.declare.o(.data)
    rightup_init_flag                        0x20000a2d   Data           1  global.declare.o(.data)
    leftdown_init_flag                       0x20000a2e   Data           1  global.declare.o(.data)
    rightdown_init_flag                      0x20000a2f   Data           1  global.declare.o(.data)
    j60_motor_cmd_down                       0x20000a30   Data          64  global.declare.o(.data)
    go1_send_left                            0x20000a70   Data          84  global.declare.o(.data)
    go1_send_right                           0x20000ac4   Data          84  global.declare.o(.data)
    go1_left_0                               0x20000b18   Data           4  global.declare.o(.data)
    go1_right_0                              0x20000b1c   Data           4  global.declare.o(.data)
    go1_left_init_flag                       0x20000b20   Data           1  global.declare.o(.data)
    go1_right_init_flag                      0x20000b21   Data           1  global.declare.o(.data)
    LineAccelStep                            0x20000b24   Data           4  global.declare.o(.data)
    wheel_encoder_velt_filter                0x20000b28   Data          80  global.declare.o(.data)
    chassis_run                              0x20000b78   Data         340  global.declare.o(.data)
    foot                                     0x20000ccc   Data          24  global.declare.o(.data)
    foot_up_G_feedforward_flag               0x20000ce4   Data           1  global.declare.o(.data)
    foot_down_G_feedforward_flag             0x20000ce5   Data           1  global.declare.o(.data)
    foot_motor_runtime_flag                  0x20000ce6   Data           1  global.declare.o(.data)
    foot_motor_runtime                       0x20000ce8   Data           4  global.declare.o(.data)
    Js_Value                                 0x20000cec   Data          10  global.declare.o(.data)
    RC_Key_pre_value                         0x20000cf6   Data           2  global.declare.o(.data)
    tim_ms                                   0x20000cf8   Data           8  global.declare.o(.data)
    up_s_state                               0x20000d00   Data           1  global.declare.o(.data)
    flag_path_1                              0x20000d01   Data           1  global.declare.o(.data)
    part_over_flag                           0x20000d02   Data           1  global.declare.o(.data)
    flag_part_2                              0x20000d03   Data           1  global.declare.o(.data)
    judge_123                                0x20000d04   Data           1  global.declare.o(.data)
    flag_vision_update                       0x20000d05   Data           1  global.declare.o(.data)
    nav                                      0x20000d08   Data         528  global.declare.o(.data)
    flag_lock                                0x20000f18   Data           1  global.declare.o(.data)
    TIM2_CNT                                 0x20000f1c   Data           4  global.declare.o(.data)
    TIM2_CNT_1                               0x20000f20   Data           4  global.declare.o(.data)
    flag_permutation_path                    0x20000f24   Data           1  global.declare.o(.data)
    flag_point_to_point                      0x20000f25   Data           1  global.declare.o(.data)
    flag_choose                              0x20000f26   Data           1  global.declare.o(.data)
    flag_zero                                0x20000f27   Data           1  global.declare.o(.data)
    flag_rotation                            0x20000f28   Data           1  global.declare.o(.data)
    flag_point_end                           0x20000f29   Data           1  global.declare.o(.data)
    point_tim                                0x20000f2c   Data           4  global.declare.o(.data)
    flag_point_block                         0x20000f30   Data           1  global.declare.o(.data)
    flag_part_2_to_3                         0x20000f31   Data           1  global.declare.o(.data)
    flag_2_begin                             0x20000f32   Data           1  global.declare.o(.data)
    j60_Tx                                   0x20000f33   Data           8  global.declare.o(.data)
    travel_switch                            0x20000f3b   Data           1  global.declare.o(.data)
    travel_switch_mode                       0x20000f3c   Data           8  global.declare.o(.data)
    FLAG_NRF                                 0x20000f44   Data           1  global.declare.o(.data)
    time_cnt                                 0x20000f48   Data           8  global.declare.o(.data)
    time_cnt_pre                             0x20000f50   Data           8  global.declare.o(.data)
    up_d_state                               0x20000f58   Data           1  global.declare.o(.data)
    vision_tx                                0x20000f59   Data           3  global.declare.o(.data)
    block_state                              0x20000f5c   Data           4  global.declare.o(.data)
    path_state                               0x20000f60   Data           1  global.declare.o(.data)
    nrf_renewcnt                             0x20000f61   Data           1  nrf24l01.o(.data)
    flag_path                                0x20000f64   Data           1  auto_path.o(.data)
    P_Num                                    0x20000f65   Data           1  auto_path.o(.data)
    W_Num                                    0x20000f66   Data           1  auto_path.o(.data)
    Ts                                       0x20000f68   Data           4  auto_path.o(.data)
    t_run                                    0x20000f6c   Data           4  auto_path.o(.data)
    t_rotation                               0x20000f70   Data           4  auto_path.o(.data)
    flag_D_init                              0x20000f74   Data           1  board_communicate.o(.data)
    flag_D_ready_get_head                    0x20000f75   Data           1  board_communicate.o(.data)
    flag_D_get_left                          0x20000f76   Data           1  board_communicate.o(.data)
    flag_D_get_right                         0x20000f77   Data           1  board_communicate.o(.data)
    flag_D_get_block                         0x20000f78   Data           1  board_communicate.o(.data)
    flag_S_init                              0x20000f79   Data           1  board_communicate.o(.data)
    flag_S_get_block_down                    0x20000f7a   Data           1  board_communicate.o(.data)
    flag_S_get_block_up                      0x20000f7b   Data           1  board_communicate.o(.data)
    flag_S_get_block_top                     0x20000f7c   Data           1  board_communicate.o(.data)
    flag_S_throw_block_back                  0x20000f7d   Data           1  board_communicate.o(.data)
    flag_S_throw_block_front                 0x20000f7e   Data           1  board_communicate.o(.data)
    flag_S_give_D                            0x20000f7f   Data           1  board_communicate.o(.data)
    flag_S_get_D_block                       0x20000f80   Data           1  board_communicate.o(.data)
    flag_S_put_block_middle                  0x20000f81   Data           1  board_communicate.o(.data)
    flag_S_put_block_top                     0x20000f82   Data           1  board_communicate.o(.data)
    CHM                                      0x20000f84   Data           4  board_communicate.o(.data)
    flag_iinit                               0x20000fc4   Data           1  action.o(.data)
    up_stairs_flag                           0x20000fc5   Data           1  action.o(.data)
    i                                        0x20000fc8   Data           4  action.o(.data)
    hcan1                                    0x20000fcc   Data          40  can.o(.bss)
    hcan2                                    0x20000ff4   Data          40  can.o(.bss)
    hspi2                                    0x2000101c   Data          88  spi.o(.bss)
    htim2                                    0x20001074   Data          72  tim.o(.bss)
    huart4                                   0x200010bc   Data          72  usart.o(.bss)
    huart5                                   0x20001104   Data          72  usart.o(.bss)
    huart1                                   0x2000114c   Data          72  usart.o(.bss)
    huart2                                   0x20001194   Data          72  usart.o(.bss)
    hdma_uart4_rx                            0x200011dc   Data          96  usart.o(.bss)
    hdma_uart4_tx                            0x2000123c   Data          96  usart.o(.bss)
    hdma_uart5_rx                            0x2000129c   Data          96  usart.o(.bss)
    hdma_uart5_tx                            0x200012fc   Data          96  usart.o(.bss)
    hdma_usart1_rx                           0x2000135c   Data          96  usart.o(.bss)
    hdma_usart1_tx                           0x200013bc   Data          96  usart.o(.bss)
    hdma_usart2_rx                           0x2000141c   Data          96  usart.o(.bss)
    hdma_usart2_tx                           0x2000147c   Data          96  usart.o(.bss)
    htim6                                    0x200014dc   Data          72  stm32f4xx_hal_timebase_tim.o(.bss)
    xQueueRegistry                           0x20001524   Data          64  queue.o(.bss)
    foot_g_feedforward                       0x20005e28   Data          12  global.declare.o(.bss)
    j60_motor_data_down                      0x20005e34   Data          36  global.declare.o(.bss)
    go1_recv_left                            0x20005e58   Data          64  global.declare.o(.bss)
    go1_recv_right                           0x20005e98   Data          64  global.declare.o(.bss)
    stRobot                                  0x20005ed8   Data          40  global.declare.o(.bss)
    expect_robot_local_Velt                  0x20005f00   Data          24  global.declare.o(.bss)
    steer_velt                               0x20005f18   Data          16  global.declare.o(.bss)
    steer_pos                                0x20005f28   Data          16  global.declare.o(.bss)
    steer_pos_pre                            0x20005f38   Data          16  global.declare.o(.bss)
    friction_feedforward                     0x20005f48   Data          16  global.declare.o(.bss)
    cur_steer_velt                           0x20005f58   Data          16  global.declare.o(.bss)
    dt35_distance                            0x20005f68   Data          10  global.declare.o(.bss)
    dt35_now                                 0x20005f74   Data          60  global.declare.o(.bss)
    monitor                                  0x20005fb0   Data         172  global.declare.o(.bss)
    vision_rec                               0x2000605c   Data          49  global.declare.o(.bss)
    vision_data_recieve                      0x20006090   Data          72  global.declare.o(.bss)
    Path_Permuta                             0x200060d8   Data        2664  global.declare.o(.bss)
    Path_Point                               0x20006b40   Data          28  global.declare.o(.bss)
    down_tx                                  0x20006b5c   Data          17  global.declare.o(.bss)
    down_rx                                  0x20006b6d   Data          17  global.declare.o(.bss)
    nRF24L01_RxBuf                           0x20006b7e   Data          32  nrf24l01.o(.bss)
    nRF24L01_ack_pay                         0x20006b9e   Data          35  nrf24l01.o(.bss)
    __libspace_start                         0x20006bc4   Data          96  libspace.o(.bss)
    __temporary_stack_top$libspace           0x20006c24   Data           0  libspace.o(.bss)



==============================================================================

Memory Map of the image

  Image Entry point : 0x08000189

  Load Region LR_IROM1 (Base: 0x08000000, Size: 0x0000f73c, Max: 0x00100000, ABSOLUTE, COMPRESSED[0x0000e9f4])

    Execution Region ER_IROM1 (Exec base: 0x08000000, Load base: 0x08000000, Size: 0x0000e770, Max: 0x00100000, ABSOLUTE)

    Exec Addr    Load Addr    Size         Type   Attr      Idx    E Section Name        Object

    0x08000000   0x08000000   0x00000188   Data   RO            3    RESET               startup_stm32f407xx.o
    0x08000188   0x08000188   0x00000008   Code   RO         6829  * !!!main             c_w.l(__main.o)
    0x08000190   0x08000190   0x00000034   Code   RO         7234    !!!scatter          c_w.l(__scatter.o)
    0x080001c4   0x080001c4   0x0000005a   Code   RO         7232    !!dczerorl2         c_w.l(__dczerorl2.o)
    0x0800021e   0x0800021e   0x00000002   PAD
    0x08000220   0x08000220   0x0000001c   Code   RO         7236    !!handler_zi        c_w.l(__scatter_zi.o)
    0x0800023c   0x0800023c   0x00000002   Code   RO         7099    .ARM.Collect$$libinit$$00000000  c_w.l(libinit.o)
    0x0800023e   0x0800023e   0x00000004   Code   RO         7110    .ARM.Collect$$libinit$$00000001  c_w.l(libinit2.o)
    0x08000242   0x08000242   0x00000000   Code   RO         7113    .ARM.Collect$$libinit$$00000004  c_w.l(libinit2.o)
    0x08000242   0x08000242   0x00000000   Code   RO         7116    .ARM.Collect$$libinit$$0000000A  c_w.l(libinit2.o)
    0x08000242   0x08000242   0x00000000   Code   RO         7118    .ARM.Collect$$libinit$$0000000C  c_w.l(libinit2.o)
    0x08000242   0x08000242   0x00000000   Code   RO         7120    .ARM.Collect$$libinit$$0000000E  c_w.l(libinit2.o)
    0x08000242   0x08000242   0x00000000   Code   RO         7123    .ARM.Collect$$libinit$$00000011  c_w.l(libinit2.o)
    0x08000242   0x08000242   0x00000000   Code   RO         7125    .ARM.Collect$$libinit$$00000013  c_w.l(libinit2.o)
    0x08000242   0x08000242   0x00000000   Code   RO         7127    .ARM.Collect$$libinit$$00000015  c_w.l(libinit2.o)
    0x08000242   0x08000242   0x00000000   Code   RO         7129    .ARM.Collect$$libinit$$00000017  c_w.l(libinit2.o)
    0x08000242   0x08000242   0x00000000   Code   RO         7131    .ARM.Collect$$libinit$$00000019  c_w.l(libinit2.o)
    0x08000242   0x08000242   0x00000000   Code   RO         7133    .ARM.Collect$$libinit$$0000001B  c_w.l(libinit2.o)
    0x08000242   0x08000242   0x00000000   Code   RO         7135    .ARM.Collect$$libinit$$0000001D  c_w.l(libinit2.o)
    0x08000242   0x08000242   0x00000000   Code   RO         7137    .ARM.Collect$$libinit$$0000001F  c_w.l(libinit2.o)
    0x08000242   0x08000242   0x00000000   Code   RO         7139    .ARM.Collect$$libinit$$00000021  c_w.l(libinit2.o)
    0x08000242   0x08000242   0x00000000   Code   RO         7141    .ARM.Collect$$libinit$$00000023  c_w.l(libinit2.o)
    0x08000242   0x08000242   0x00000000   Code   RO         7143    .ARM.Collect$$libinit$$00000025  c_w.l(libinit2.o)
    0x08000242   0x08000242   0x00000000   Code   RO         7147    .ARM.Collect$$libinit$$0000002C  c_w.l(libinit2.o)
    0x08000242   0x08000242   0x00000000   Code   RO         7149    .ARM.Collect$$libinit$$0000002E  c_w.l(libinit2.o)
    0x08000242   0x08000242   0x00000000   Code   RO         7151    .ARM.Collect$$libinit$$00000030  c_w.l(libinit2.o)
    0x08000242   0x08000242   0x00000000   Code   RO         7153    .ARM.Collect$$libinit$$00000032  c_w.l(libinit2.o)
    0x08000242   0x08000242   0x00000002   Code   RO         7154    .ARM.Collect$$libinit$$00000033  c_w.l(libinit2.o)
    0x08000244   0x08000244   0x00000002   Code   RO         7187    .ARM.Collect$$libshutdown$$00000000  c_w.l(libshutdown.o)
    0x08000246   0x08000246   0x00000000   Code   RO         7213    .ARM.Collect$$libshutdown$$00000002  c_w.l(libshutdown2.o)
    0x08000246   0x08000246   0x00000000   Code   RO         7215    .ARM.Collect$$libshutdown$$00000004  c_w.l(libshutdown2.o)
    0x08000246   0x08000246   0x00000000   Code   RO         7217    .ARM.Collect$$libshutdown$$00000006  c_w.l(libshutdown2.o)
    0x08000246   0x08000246   0x00000000   Code   RO         7220    .ARM.Collect$$libshutdown$$00000009  c_w.l(libshutdown2.o)
    0x08000246   0x08000246   0x00000000   Code   RO         7223    .ARM.Collect$$libshutdown$$0000000C  c_w.l(libshutdown2.o)
    0x08000246   0x08000246   0x00000000   Code   RO         7225    .ARM.Collect$$libshutdown$$0000000E  c_w.l(libshutdown2.o)
    0x08000246   0x08000246   0x00000000   Code   RO         7228    .ARM.Collect$$libshutdown$$00000011  c_w.l(libshutdown2.o)
    0x08000246   0x08000246   0x00000002   Code   RO         7229    .ARM.Collect$$libshutdown$$00000012  c_w.l(libshutdown2.o)
    0x08000248   0x08000248   0x00000000   Code   RO         6967    .ARM.Collect$$rtentry$$00000000  c_w.l(__rtentry.o)
    0x08000248   0x08000248   0x00000000   Code   RO         7060    .ARM.Collect$$rtentry$$00000002  c_w.l(__rtentry2.o)
    0x08000248   0x08000248   0x00000006   Code   RO         7072    .ARM.Collect$$rtentry$$00000004  c_w.l(__rtentry4.o)
    0x0800024e   0x0800024e   0x00000000   Code   RO         7062    .ARM.Collect$$rtentry$$00000009  c_w.l(__rtentry2.o)
    0x0800024e   0x0800024e   0x00000004   Code   RO         7063    .ARM.Collect$$rtentry$$0000000A  c_w.l(__rtentry2.o)
    0x08000252   0x08000252   0x00000000   Code   RO         7065    .ARM.Collect$$rtentry$$0000000C  c_w.l(__rtentry2.o)
    0x08000252   0x08000252   0x00000008   Code   RO         7066    .ARM.Collect$$rtentry$$0000000D  c_w.l(__rtentry2.o)
    0x0800025a   0x0800025a   0x00000002   Code   RO         7102    .ARM.Collect$$rtexit$$00000000  c_w.l(rtexit.o)
    0x0800025c   0x0800025c   0x00000000   Code   RO         7160    .ARM.Collect$$rtexit$$00000002  c_w.l(rtexit2.o)
    0x0800025c   0x0800025c   0x00000004   Code   RO         7161    .ARM.Collect$$rtexit$$00000003  c_w.l(rtexit2.o)
    0x08000260   0x08000260   0x00000006   Code   RO         7162    .ARM.Collect$$rtexit$$00000004  c_w.l(rtexit2.o)
    0x08000266   0x08000266   0x00000002   PAD
    0x08000268   0x08000268   0x000000be   Code   RO         5577    .emb_text           port.o
    0x08000326   0x08000326   0x00000002   PAD
    0x08000328   0x08000328   0x00000040   Code   RO            4    .text               startup_stm32f407xx.o
    0x08000368   0x08000368   0x000000ee   Code   RO         6815    .text               c_w.l(lludivv7m.o)
    0x08000456   0x08000456   0x0000008a   Code   RO         6817    .text               c_w.l(rt_memcpy_v6.o)
    0x080004e0   0x080004e0   0x00000064   Code   RO         6819    .text               c_w.l(rt_memcpy_w.o)
    0x08000544   0x08000544   0x00000010   Code   RO         6823    .text               c_w.l(aeabi_memset.o)
    0x08000554   0x08000554   0x0000004e   Code   RO         6825    .text               c_w.l(rt_memclr_w.o)
    0x080005a2   0x080005a2   0x00000006   Code   RO         6827    .text               c_w.l(heapauxi.o)
    0x080005a8   0x080005a8   0x00000016   Code   RO         6972    .text               c_w.l(_rserrno.o)
    0x080005be   0x080005be   0x00000044   Code   RO         6974    .text               c_w.l(rt_memclr.o)
    0x08000602   0x08000602   0x00000002   PAD
    0x08000604   0x08000604   0x00000008   Code   RO         7079    .text               c_w.l(rt_errno_addr_intlibspace.o)
    0x0800060c   0x0800060c   0x00000008   Code   RO         7083    .text               c_w.l(libspace.o)
    0x08000614   0x08000614   0x0000004a   Code   RO         7086    .text               c_w.l(sys_stackheap_outer.o)
    0x0800065e   0x0800065e   0x00000012   Code   RO         7088    .text               c_w.l(exit.o)
    0x08000670   0x08000670   0x0000000c   Code   RO         7157    .text               c_w.l(sys_exit.o)
    0x0800067c   0x0800067c   0x00000002   Code   RO         7176    .text               c_w.l(use_no_semi.o)
    0x0800067e   0x0800067e   0x00000000   Code   RO         7178    .text               c_w.l(indicate_semi.o)
    0x0800067e   0x0800067e   0x00000048   Code   RO         6058    i.Abs_Encoder_Process_DJI  motor_dji_sdk.o
    0x080006c6   0x080006c6   0x00000002   Code   RO          590    i.BusFault_Handler  stm32f4xx_it.o
    0x080006c8   0x080006c8   0x00000040   Code   RO         5801    i.CAN1_FILTER_CONFIG  can_bsp.o
    0x08000708   0x08000708   0x0000000c   Code   RO          591    i.CAN1_RX0_IRQHandler  stm32f4xx_it.o
    0x08000714   0x08000714   0x00000044   Code   RO         5802    i.CAN2_FILTER_CONFIG  can_bsp.o
    0x08000758   0x08000758   0x0000000c   Code   RO          592    i.CAN2_RX0_IRQHandler  stm32f4xx_it.o
    0x08000764   0x08000764   0x0000003a   Code   RO         5803    i.CAN_SendCurrent   can_bsp.o
    0x0800079e   0x0800079e   0x00000002   PAD
    0x080007a0   0x080007a0   0x00000144   Code   RO         5804    i.CAN_SendData_J60  can_bsp.o
    0x080008e4   0x080008e4   0x00000048   Code   RO         5805    i.CANx_SendStdData  can_bsp.o
    0x0800092c   0x0800092c   0x0000010a   Code   RO         5657    i.CalTD             algorithm.o
    0x08000a36   0x08000a36   0x00000002   PAD
    0x08000a38   0x08000a38   0x00000034   Code   RO         5658    i.Cal_Angle_Error   algorithm.o
    0x08000a6c   0x08000a6c   0x00000224   Code   RO         6676    i.CalculateVelocities  remote_control.o
    0x08000c90   0x08000c90   0x00000150   Code   RO         6371    i.CheckPathEnd      auto_path.o
    0x08000de0   0x08000de0   0x00000020   Code   RO         5661    i.ClipFloat         algorithm.o
    0x08000e00   0x08000e00   0x00000040   Code   RO         5662    i.ConvertAngle      algorithm.o
    0x08000e40   0x08000e40   0x000000e4   Code   RO         5663    i.Convert_velt      algorithm.o
    0x08000f24   0x08000f24   0x000000d4   Code   RO         5664    i.Covert_coordinate  algorithm.o
    0x08000ff8   0x08000ff8   0x0000009c   Code   RO         6059    i.DJI_ControlLoop   motor_dji_sdk.o
    0x08001094   0x08001094   0x0000000c   Code   RO          593    i.DMA1_Stream0_IRQHandler  stm32f4xx_it.o
    0x080010a0   0x080010a0   0x0000000c   Code   RO          594    i.DMA1_Stream2_IRQHandler  stm32f4xx_it.o
    0x080010ac   0x080010ac   0x0000000c   Code   RO          595    i.DMA1_Stream4_IRQHandler  stm32f4xx_it.o
    0x080010b8   0x080010b8   0x0000000c   Code   RO          596    i.DMA1_Stream5_IRQHandler  stm32f4xx_it.o
    0x080010c4   0x080010c4   0x0000000c   Code   RO          597    i.DMA1_Stream6_IRQHandler  stm32f4xx_it.o
    0x080010d0   0x080010d0   0x0000000c   Code   RO          598    i.DMA1_Stream7_IRQHandler  stm32f4xx_it.o
    0x080010dc   0x080010dc   0x0000000c   Code   RO          599    i.DMA2_Stream2_IRQHandler  stm32f4xx_it.o
    0x080010e8   0x080010e8   0x0000000c   Code   RO          600    i.DMA2_Stream7_IRQHandler  stm32f4xx_it.o
    0x080010f4   0x080010f4   0x00000028   Code   RO         2485    i.DMA_CalcBaseAndBitshift  stm32f4xx_hal_dma.o
    0x0800111c   0x0800111c   0x00000054   Code   RO         2486    i.DMA_CheckFifoParam  stm32f4xx_hal_dma.o
    0x08001170   0x08001170   0x00000028   Code   RO         2487    i.DMA_SetConfig     stm32f4xx_hal_dma.o
    0x08001198   0x08001198   0x00000078   Code   RO         6677    i.Deal_Key_State    remote_control.o
    0x08001210   0x08001210   0x00000002   Code   RO          601    i.DebugMon_Handler  stm32f4xx_it.o
    0x08001212   0x08001212   0x00000002   PAD
    0x08001214   0x08001214   0x000001fc   Code   RO         5886    i.Drive_Chassis     chassis.o
    0x08001410   0x08001410   0x00000004   Code   RO           13    i.Error_Handler     main.o
    0x08001414   0x08001414   0x00000028   Code   RO         6643    i.Foot_DT35_distance_check  foot.o
    0x0800143c   0x0800143c   0x00000e64   Code   RO         6644    i.Foot_WorkLoop     foot.o
    0x080022a0   0x080022a0   0x00000056   Code   RO         6288    i.GO1_Tx            go1_sdk.o
    0x080022f6   0x080022f6   0x00000002   PAD
    0x080022f8   0x080022f8   0x0000007c   Code   RO         5665    i.Geometric_mean    algorithm.o
    0x08002374   0x08002374   0x00000012   Code   RO         6061    i.GetEncoderNumber_DJI  motor_dji_sdk.o
    0x08002386   0x08002386   0x00000002   PAD
    0x08002388   0x08002388   0x00000024   Code   RO         6062    i.GetSpeed_DJI      motor_dji_sdk.o
    0x080023ac   0x080023ac   0x00000024   Code   RO         1793    i.HAL_CAN_ActivateNotification  stm32f4xx_hal_can.o
    0x080023d0   0x080023d0   0x000000d0   Code   RO         1794    i.HAL_CAN_AddTxMessage  stm32f4xx_hal_can.o
    0x080024a0   0x080024a0   0x0000010c   Code   RO         1795    i.HAL_CAN_ConfigFilter  stm32f4xx_hal_can.o
    0x080025ac   0x080025ac   0x00000002   Code   RO         1798    i.HAL_CAN_ErrorCallback  stm32f4xx_hal_can.o
    0x080025ae   0x080025ae   0x000000f4   Code   RO         1801    i.HAL_CAN_GetRxMessage  stm32f4xx_hal_can.o
    0x080026a2   0x080026a2   0x000001fc   Code   RO         1805    i.HAL_CAN_IRQHandler  stm32f4xx_hal_can.o
    0x0800289e   0x0800289e   0x0000011a   Code   RO         1806    i.HAL_CAN_Init      stm32f4xx_hal_can.o
    0x080029b8   0x080029b8   0x00000104   Code   RO          374    i.HAL_CAN_MspInit   can.o
    0x08002abc   0x08002abc   0x00000002   Code   RO         1813    i.HAL_CAN_RxFifo0FullCallback  stm32f4xx_hal_can.o
    0x08002abe   0x08002abe   0x00000002   PAD
    0x08002ac0   0x08002ac0   0x0000038c   Code   RO         5806    i.HAL_CAN_RxFifo0MsgPendingCallback  can_bsp.o
    0x08002e4c   0x08002e4c   0x00000002   Code   RO         1815    i.HAL_CAN_RxFifo1FullCallback  stm32f4xx_hal_can.o
    0x08002e4e   0x08002e4e   0x00000002   Code   RO         1816    i.HAL_CAN_RxFifo1MsgPendingCallback  stm32f4xx_hal_can.o
    0x08002e50   0x08002e50   0x00000002   Code   RO         1817    i.HAL_CAN_SleepCallback  stm32f4xx_hal_can.o
    0x08002e52   0x08002e52   0x00000056   Code   RO         1818    i.HAL_CAN_Start     stm32f4xx_hal_can.o
    0x08002ea8   0x08002ea8   0x00000002   Code   RO         1820    i.HAL_CAN_TxMailbox0AbortCallback  stm32f4xx_hal_can.o
    0x08002eaa   0x08002eaa   0x00000002   Code   RO         1821    i.HAL_CAN_TxMailbox0CompleteCallback  stm32f4xx_hal_can.o
    0x08002eac   0x08002eac   0x00000002   Code   RO         1822    i.HAL_CAN_TxMailbox1AbortCallback  stm32f4xx_hal_can.o
    0x08002eae   0x08002eae   0x00000002   Code   RO         1823    i.HAL_CAN_TxMailbox1CompleteCallback  stm32f4xx_hal_can.o
    0x08002eb0   0x08002eb0   0x00000002   Code   RO         1824    i.HAL_CAN_TxMailbox2AbortCallback  stm32f4xx_hal_can.o
    0x08002eb2   0x08002eb2   0x00000002   Code   RO         1825    i.HAL_CAN_TxMailbox2CompleteCallback  stm32f4xx_hal_can.o
    0x08002eb4   0x08002eb4   0x00000002   Code   RO         1827    i.HAL_CAN_WakeUpFromRxMsgCallback  stm32f4xx_hal_can.o
    0x08002eb6   0x08002eb6   0x00000092   Code   RO         2488    i.HAL_DMA_Abort     stm32f4xx_hal_dma.o
    0x08002f48   0x08002f48   0x00000024   Code   RO         2489    i.HAL_DMA_Abort_IT  stm32f4xx_hal_dma.o
    0x08002f6c   0x08002f6c   0x000001a0   Code   RO         2493    i.HAL_DMA_IRQHandler  stm32f4xx_hal_dma.o
    0x0800310c   0x0800310c   0x000000d4   Code   RO         2494    i.HAL_DMA_Init      stm32f4xx_hal_dma.o
    0x080031e0   0x080031e0   0x0000006e   Code   RO         2498    i.HAL_DMA_Start_IT  stm32f4xx_hal_dma.o
    0x0800324e   0x0800324e   0x00000002   PAD
    0x08003250   0x08003250   0x000001d0   Code   RO         2381    i.HAL_GPIO_Init     stm32f4xx_hal_gpio.o
    0x08003420   0x08003420   0x0000000a   Code   RO         2385    i.HAL_GPIO_WritePin  stm32f4xx_hal_gpio.o
    0x0800342a   0x0800342a   0x00000002   PAD
    0x0800342c   0x0800342c   0x0000000c   Code   RO         2931    i.HAL_GetTick       stm32f4xx_hal.o
    0x08003438   0x08003438   0x00000010   Code   RO         2937    i.HAL_IncTick       stm32f4xx_hal.o
    0x08003448   0x08003448   0x00000034   Code   RO         2938    i.HAL_Init          stm32f4xx_hal.o
    0x0800347c   0x0800347c   0x00000098   Code   RO          780    i.HAL_InitTick      stm32f4xx_hal_timebase_tim.o
    0x08003514   0x08003514   0x00000038   Code   RO          756    i.HAL_MspInit       stm32f4xx_hal_msp.o
    0x0800354c   0x0800354c   0x0000001a   Code   RO         2773    i.HAL_NVIC_EnableIRQ  stm32f4xx_hal_cortex.o
    0x08003566   0x08003566   0x00000002   PAD
    0x08003568   0x08003568   0x00000040   Code   RO         2779    i.HAL_NVIC_SetPriority  stm32f4xx_hal_cortex.o
    0x080035a8   0x080035a8   0x00000024   Code   RO         2780    i.HAL_NVIC_SetPriorityGrouping  stm32f4xx_hal_cortex.o
    0x080035cc   0x080035cc   0x00000134   Code   RO         2027    i.HAL_RCC_ClockConfig  stm32f4xx_hal_rcc.o
    0x08003700   0x08003700   0x00000040   Code   RO         2031    i.HAL_RCC_GetClockConfig  stm32f4xx_hal_rcc.o
    0x08003740   0x08003740   0x00000020   Code   RO         2034    i.HAL_RCC_GetPCLK1Freq  stm32f4xx_hal_rcc.o
    0x08003760   0x08003760   0x00000020   Code   RO         2035    i.HAL_RCC_GetPCLK2Freq  stm32f4xx_hal_rcc.o
    0x08003780   0x08003780   0x00000060   Code   RO         2036    i.HAL_RCC_GetSysClockFreq  stm32f4xx_hal_rcc.o
    0x080037e0   0x080037e0   0x00000358   Code   RO         2039    i.HAL_RCC_OscConfig  stm32f4xx_hal_rcc.o
    0x08003b38   0x08003b38   0x00000002   Code   RO         3183    i.HAL_SPI_ErrorCallback  stm32f4xx_hal_spi.o
    0x08003b3a   0x08003b3a   0x00000002   PAD
    0x08003b3c   0x08003b3c   0x000000fc   Code   RO         3186    i.HAL_SPI_IRQHandler  stm32f4xx_hal_spi.o
    0x08003c38   0x08003c38   0x000000bc   Code   RO         3187    i.HAL_SPI_Init      stm32f4xx_hal_spi.o
    0x08003cf4   0x08003cf4   0x0000007c   Code   RO          447    i.HAL_SPI_MspInit   spi.o
    0x08003d70   0x08003d70   0x000001e6   Code   RO         3196    i.HAL_SPI_TransmitReceive  stm32f4xx_hal_spi.o
    0x08003f56   0x08003f56   0x00000002   Code   RO         1525    i.HAL_TIMEx_BreakCallback  stm32f4xx_hal_tim_ex.o
    0x08003f58   0x08003f58   0x00000002   Code   RO         1526    i.HAL_TIMEx_CommutCallback  stm32f4xx_hal_tim_ex.o
    0x08003f5a   0x08003f5a   0x00000002   PAD
    0x08003f5c   0x08003f5c   0x00000090   Code   RO         1544    i.HAL_TIMEx_MasterConfigSynchronization  stm32f4xx_hal_tim_ex.o
    0x08003fec   0x08003fec   0x0000005a   Code   RO          821    i.HAL_TIM_Base_Init  stm32f4xx_hal_tim.o
    0x08004046   0x08004046   0x00000002   PAD
    0x08004048   0x08004048   0x00000038   Code   RO          489    i.HAL_TIM_Base_MspInit  tim.o
    0x08004080   0x08004080   0x00000080   Code   RO          826    i.HAL_TIM_Base_Start_IT  stm32f4xx_hal_tim.o
    0x08004100   0x08004100   0x000000dc   Code   RO          830    i.HAL_TIM_ConfigClockSource  stm32f4xx_hal_tim.o
    0x080041dc   0x080041dc   0x00000002   Code   RO          855    i.HAL_TIM_IC_CaptureCallback  stm32f4xx_hal_tim.o
    0x080041de   0x080041de   0x00000130   Code   RO          869    i.HAL_TIM_IRQHandler  stm32f4xx_hal_tim.o
    0x0800430e   0x0800430e   0x00000002   Code   RO          872    i.HAL_TIM_OC_DelayElapsedCallback  stm32f4xx_hal_tim.o
    0x08004310   0x08004310   0x00000002   Code   RO          899    i.HAL_TIM_PWM_PulseFinishedCallback  stm32f4xx_hal_tim.o
    0x08004312   0x08004312   0x00000002   PAD
    0x08004314   0x08004314   0x00000014   Code   RO           14    i.HAL_TIM_PeriodElapsedCallback  main.o
    0x08004328   0x08004328   0x00000002   Code   RO          912    i.HAL_TIM_TriggerCallback  stm32f4xx_hal_tim.o
    0x0800432a   0x0800432a   0x00000002   Code   RO         3510    i.HAL_UARTEx_RxEventCallback  stm32f4xx_hal_uart.o
    0x0800432c   0x0800432c   0x00000072   Code   RO         3521    i.HAL_UART_DMAResume  stm32f4xx_hal_uart.o
    0x0800439e   0x0800439e   0x00000002   Code   RO         3524    i.HAL_UART_ErrorCallback  stm32f4xx_hal_uart.o
    0x080043a0   0x080043a0   0x00000280   Code   RO         3527    i.HAL_UART_IRQHandler  stm32f4xx_hal_uart.o
    0x08004620   0x08004620   0x00000064   Code   RO         3528    i.HAL_UART_Init     stm32f4xx_hal_uart.o
    0x08004684   0x08004684   0x000003c0   Code   RO          531    i.HAL_UART_MspInit  usart.o
    0x08004a44   0x08004a44   0x0000001c   Code   RO         3532    i.HAL_UART_Receive_DMA  stm32f4xx_hal_uart.o
    0x08004a60   0x08004a60   0x00000002   Code   RO         3534    i.HAL_UART_RxCpltCallback  stm32f4xx_hal_uart.o
    0x08004a62   0x08004a62   0x00000002   Code   RO         3535    i.HAL_UART_RxHalfCpltCallback  stm32f4xx_hal_uart.o
    0x08004a64   0x08004a64   0x00000088   Code   RO         3537    i.HAL_UART_Transmit_DMA  stm32f4xx_hal_uart.o
    0x08004aec   0x08004aec   0x0000004c   Code   RO          602    i.HAL_UART_TxCpltCallback  stm32f4xx_it.o
    0x08004b38   0x08004b38   0x00000002   Code   RO         3540    i.HAL_UART_TxHalfCpltCallback  stm32f4xx_hal_uart.o
    0x08004b3a   0x08004b3a   0x00000002   Code   RO          603    i.HardFault_Handler  stm32f4xx_it.o
    0x08004b3c   0x08004b3c   0x00000006   Code   RO         6218    i.J60_FormCanId     j60_sdk.o
    0x08004b42   0x08004b42   0x00000002   PAD
    0x08004b44   0x08004b44   0x000000a0   Code   RO         6219    i.J60_LOOP_CONTROL  j60_sdk.o
    0x08004be4   0x08004be4   0x00000008   Code   RO         6221    i.J60_MOTOR_ENABLE  j60_sdk.o
    0x08004bec   0x08004bec   0x000000d8   Code   RO         6224    i.J60_Unpack_Feedback  j60_sdk.o
    0x08004cc4   0x08004cc4   0x00000036   Code   RO         5666    i.LpFilter          algorithm.o
    0x08004cfa   0x08004cfa   0x00000002   PAD
    0x08004cfc   0x08004cfc   0x00000048   Code   RO          375    i.MX_CAN1_Init      can.o
    0x08004d44   0x08004d44   0x00000048   Code   RO          376    i.MX_CAN2_Init      can.o
    0x08004d8c   0x08004d8c   0x000000ac   Code   RO          422    i.MX_DMA_Init       dma.o
    0x08004e38   0x08004e38   0x00000078   Code   RO          267    i.MX_FREERTOS_Init  freertos.o
    0x08004eb0   0x08004eb0   0x000000ec   Code   RO          243    i.MX_GPIO_Init      gpio.o
    0x08004f9c   0x08004f9c   0x00000048   Code   RO          448    i.MX_SPI2_Init      spi.o
    0x08004fe4   0x08004fe4   0x00000068   Code   RO          490    i.MX_TIM2_Init      tim.o
    0x0800504c   0x0800504c   0x00000040   Code   RO          532    i.MX_UART4_Init     usart.o
    0x0800508c   0x0800508c   0x00000038   Code   RO          533    i.MX_UART5_Init     usart.o
    0x080050c4   0x080050c4   0x00000038   Code   RO          534    i.MX_USART1_UART_Init  usart.o
    0x080050fc   0x080050fc   0x00000040   Code   RO          535    i.MX_USART2_UART_Init  usart.o
    0x0800513c   0x0800513c   0x00000002   Code   RO          604    i.MemManage_Handler  stm32f4xx_it.o
    0x0800513e   0x0800513e   0x00000002   Code   RO          605    i.NMI_Handler       stm32f4xx_it.o
    0x08005140   0x08005140   0x00000048   Code   RO         6106    i.NRF24L01_Check    nrf24l01.o
    0x08005188   0x08005188   0x00000074   Code   RO         6107    i.NRF24L01_RX_Mode  nrf24l01.o
    0x080051fc   0x080051fc   0x00000054   Code   RO         6108    i.NRF24L01_Read_Buf  nrf24l01.o
    0x08005250   0x08005250   0x0000003c   Code   RO         6109    i.NRF24L01_Read_Reg  nrf24l01.o
    0x0800528c   0x0800528c   0x0000006c   Code   RO         6110    i.NRF24L01_RxPacket  nrf24l01.o
    0x080052f8   0x080052f8   0x00000034   Code   RO         6111    i.NRF24L01_Rx_AckPayload  nrf24l01.o
    0x0800532c   0x0800532c   0x00000054   Code   RO         6115    i.NRF24L01_Write_Buf  nrf24l01.o
    0x08005380   0x08005380   0x00000044   Code   RO         6116    i.NRF24L01_Write_Reg  nrf24l01.o
    0x080053c4   0x080053c4   0x000003e8   Code   RO         6372    i.NavPosition       auto_path.o
    0x080057ac   0x080057ac   0x0000014c   Code   RO         6373    i.NavRotation       auto_path.o
    0x080058f8   0x080058f8   0x00000410   Code   RO         6556    i.Navigate_Task     navigate.o
    0x08005d08   0x08005d08   0x000000e0   Code   RO         5667    i.PID_Calc          algorithm.o
    0x08005de8   0x08005de8   0x00000100   Code   RO         5668    i.PID_Calc_Angle    algorithm.o
    0x08005ee8   0x08005ee8   0x000000fc   Code   RO         5669    i.PID_Calc_Pos      algorithm.o
    0x08005fe4   0x08005fe4   0x00000078   Code   RO         6713    i.Part0_INIT        action.o
    0x0800605c   0x0800605c   0x000000cc   Code   RO         6714    i.Part1_action      action.o
    0x08006128   0x08006128   0x00000184   Code   RO         6715    i.Part2_123_action  action.o
    0x080062ac   0x080062ac   0x000003f0   Code   RO         6716    i.Part2_action      action.o
    0x0800669c   0x0800669c   0x00000048   Code   RO         6717    i.Part2_begin       action.o
    0x080066e4   0x080066e4   0x00000370   Code   RO         6374    i.Path_Permutation  auto_path.o
    0x08006a54   0x08006a54   0x000000c8   Code   RO         6375    i.Path_Permutation_Set_1_0  auto_path.o
    0x08006b1c   0x08006b1c   0x000000a0   Code   RO         6376    i.Path_Permutation_Set_1_1  auto_path.o
    0x08006bbc   0x08006bbc   0x000000c8   Code   RO         6377    i.Path_Permutation_Set_1_2  auto_path.o
    0x08006c84   0x08006c84   0x000000a4   Code   RO         6378    i.Path_Permutation_Set_1_3  auto_path.o
    0x08006d28   0x08006d28   0x000000a4   Code   RO         6379    i.Path_Permutation_Set_1to2  auto_path.o
    0x08006dcc   0x08006dcc   0x00000150   Code   RO         6380    i.Path_Permutation_Set_3_10  auto_path.o
    0x08006f1c   0x08006f1c   0x0000016c   Code   RO         6381    i.Path_Permutation_Set_3_12  auto_path.o
    0x08007088   0x08007088   0x000000a4   Code   RO         6382    i.Path_Permutation_Set_3to2  auto_path.o
    0x0800712c   0x0800712c   0x00000138   Code   RO         6383    i.Point_to_Point    auto_path.o
    0x08007264   0x08007264   0x000000f4   Code   RO         6384    i.Rotation_Permutation  auto_path.o
    0x08007358   0x08007358   0x00000074   Code   RO         6385    i.Rotation_Permutation_Set_1  auto_path.o
    0x080073cc   0x080073cc   0x00000074   Code   RO         6386    i.Rotation_Permutation_Set_2  auto_path.o
    0x08007440   0x08007440   0x00000078   Code   RO         6387    i.Rotation_Permutation_Set_3  auto_path.o
    0x080074b8   0x080074b8   0x00000074   Code   RO         6388    i.SET_NAV_PATH_PERMUTATION  auto_path.o
    0x0800752c   0x0800752c   0x0000000c   Code   RO          606    i.SPI2_IRQHandler   stm32f4xx_it.o
    0x08007538   0x08007538   0x00000010   Code   RO         3214    i.SPI_DMAAbortOnError  stm32f4xx_hal_spi.o
    0x08007548   0x08007548   0x0000006c   Code   RO         3225    i.SPI_EndRxTxTransaction  stm32f4xx_hal_spi.o
    0x080075b4   0x080075b4   0x000000bc   Code   RO         3230    i.SPI_WaitFlagStateUntilTimeout  stm32f4xx_hal_spi.o
    0x08007670   0x08007670   0x00000020   Code   RO         6119    i.SPIx_ReadWriteByte  nrf24l01.o
    0x08007690   0x08007690   0x0000002c   Code   RO         5670    i.Sgn               algorithm.o
    0x080076bc   0x080076bc   0x000004c8   Code   RO         5887    i.SpeedDistribute_Four_SteeringWheel  chassis.o
    0x08007b84   0x08007b84   0x0000001a   Code   RO         5009    i.SysTick_Handler   cmsis_os2.o
    0x08007b9e   0x08007b9e   0x00000002   PAD
    0x08007ba0   0x08007ba0   0x00000094   Code   RO           15    i.SystemClock_Config  main.o
    0x08007c34   0x08007c34   0x00000010   Code   RO         3862    i.SystemInit        system_stm32f4xx.o
    0x08007c44   0x08007c44   0x000000c0   Code   RO          268    i.TASK1             freertos.o
    0x08007d04   0x08007d04   0x00000018   Code   RO          269    i.TASK2             freertos.o
    0x08007d1c   0x08007d1c   0x00000018   Code   RO          270    i.TASK3             freertos.o
    0x08007d34   0x08007d34   0x0000001c   Code   RO          271    i.TASK4             freertos.o
    0x08007d50   0x08007d50   0x000000c8   Code   RO          272    i.TASK5             freertos.o
    0x08007e18   0x08007e18   0x00000028   Code   RO          273    i.TASK6             freertos.o
    0x08007e40   0x08007e40   0x000001f4   Code   RO          607    i.TIM2_IRQHandler   stm32f4xx_it.o
    0x08008034   0x08008034   0x0000000c   Code   RO          608    i.TIM6_DAC_IRQHandler  stm32f4xx_it.o
    0x08008040   0x08008040   0x000000d0   Code   RO          914    i.TIM_Base_SetConfig  stm32f4xx_hal_tim.o
    0x08008110   0x08008110   0x00000014   Code   RO          925    i.TIM_ETR_SetConfig  stm32f4xx_hal_tim.o
    0x08008124   0x08008124   0x00000010   Code   RO          926    i.TIM_ITRx_SetConfig  stm32f4xx_hal_tim.o
    0x08008134   0x08008134   0x00000022   Code   RO          932    i.TIM_TI1_ConfigInputStage  stm32f4xx_hal_tim.o
    0x08008156   0x08008156   0x00000024   Code   RO          934    i.TIM_TI2_ConfigInputStage  stm32f4xx_hal_tim.o
    0x0800817a   0x0800817a   0x00000018   Code   RO         5807    i.TravelSwitchDataDeal  can_bsp.o
    0x08008192   0x08008192   0x00000002   PAD
    0x08008194   0x08008194   0x00000084   Code   RO          609    i.UART4_IRQHandler  stm32f4xx_it.o
    0x08008218   0x08008218   0x00000068   Code   RO          610    i.UART5_IRQHandler  stm32f4xx_it.o
    0x08008280   0x08008280   0x0000000e   Code   RO         3541    i.UART_DMAAbortOnError  stm32f4xx_hal_uart.o
    0x0800828e   0x0800828e   0x0000004a   Code   RO         3542    i.UART_DMAError     stm32f4xx_hal_uart.o
    0x080082d8   0x080082d8   0x00000086   Code   RO         3543    i.UART_DMAReceiveCplt  stm32f4xx_hal_uart.o
    0x0800835e   0x0800835e   0x0000001e   Code   RO         3545    i.UART_DMARxHalfCplt  stm32f4xx_hal_uart.o
    0x0800837c   0x0800837c   0x00000042   Code   RO         3547    i.UART_DMATransmitCplt  stm32f4xx_hal_uart.o
    0x080083be   0x080083be   0x0000000a   Code   RO         3549    i.UART_DMATxHalfCplt  stm32f4xx_hal_uart.o
    0x080083c8   0x080083c8   0x0000004e   Code   RO         3551    i.UART_EndRxTransfer  stm32f4xx_hal_uart.o
    0x08008416   0x08008416   0x0000001c   Code   RO         3552    i.UART_EndTxTransfer  stm32f4xx_hal_uart.o
    0x08008432   0x08008432   0x000000c2   Code   RO         3553    i.UART_Receive_IT   stm32f4xx_hal_uart.o
    0x080084f4   0x080084f4   0x0000010c   Code   RO         3554    i.UART_SetConfig    stm32f4xx_hal_uart.o
    0x08008600   0x08008600   0x000000a4   Code   RO         3555    i.UART_Start_Receive_DMA  stm32f4xx_hal_uart.o
    0x080086a4   0x080086a4   0x0000011c   Code   RO         6389    i.UP_DOWN_Velt_Set  auto_path.o
    0x080087c0   0x080087c0   0x00000060   Code   RO          611    i.USART1_IRQHandler  stm32f4xx_it.o
    0x08008820   0x08008820   0x00000084   Code   RO          612    i.USART2_IRQHandler  stm32f4xx_it.o
    0x080088a4   0x080088a4   0x00000060   Code   RO         6590    i.Upper_Data_Recieve_Deal  board_communicate.o
    0x08008904   0x08008904   0x00000028   Code   RO         6591    i.Upper_Lower_Communication  board_communicate.o
    0x0800892c   0x0800892c   0x00000002   Code   RO          613    i.UsageFault_Handler  stm32f4xx_it.o
    0x0800892e   0x0800892e   0x00000002   PAD
    0x08008930   0x08008930   0x00000070   Code   RO         6786    i.Vision_Data_Deal  vision.o
    0x080089a0   0x080089a0   0x00000028   Code   RO         6787    i.Vision_Transmit   vision.o
    0x080089c8   0x080089c8   0x00000148   Code   RO         6529    i.Vision_location   locate.o
    0x08008b10   0x08008b10   0x00000030   Code   RO         7035    i.__ARM_fpclassify  m_wm.l(fpclassify.o)
    0x08008b40   0x08008b40   0x00000026   Code   RO         7037    i.__ARM_fpclassifyf  m_wm.l(fpclassifyf.o)
    0x08008b66   0x08008b66   0x00000020   Code   RO         2786    i.__NVIC_SetPriority  stm32f4xx_hal_cortex.o
    0x08008b86   0x08008b86   0x00000002   PAD
    0x08008b88   0x08008b88   0x000002d8   Code   RO         7001    i.__hardfp_atan     m_wm.l(atan.o)
    0x08008e60   0x08008e60   0x00000200   Code   RO         6855    i.__hardfp_atan2    m_wm.l(atan2.o)
    0x08009060   0x08009060   0x000002ac   Code   RO         6867    i.__hardfp_atan2f   m_wm.l(atan2f.o)
    0x0800930c   0x0800930c   0x00000150   Code   RO         6879    i.__hardfp_cosf     m_wm.l(cosf.o)
    0x0800945c   0x0800945c   0x000000b0   Code   RO         6891    i.__hardfp_fmodf    m_wm.l(fmodf.o)
    0x0800950c   0x0800950c   0x00000004   PAD
    0x08009510   0x08009510   0x00000c50   Code   RO         6903    i.__hardfp_pow      m_wm.l(pow.o)
    0x0800a160   0x0800a160   0x00000664   Code   RO         6917    i.__hardfp_powf     m_wm.l(powf.o)
    0x0800a7c4   0x0800a7c4   0x00000190   Code   RO         6931    i.__hardfp_sinf     m_wm.l(sinf.o)
    0x0800a954   0x0800a954   0x0000007a   Code   RO         6943    i.__hardfp_sqrt     m_wm.l(sqrt.o)
    0x0800a9ce   0x0800a9ce   0x0000003a   Code   RO         6955    i.__hardfp_sqrtf    m_wm.l(sqrtf.o)
    0x0800aa08   0x0800aa08   0x000000f8   Code   RO         7053    i.__kernel_poly     m_wm.l(poly.o)
    0x0800ab00   0x0800ab00   0x00000030   Code   RO         7015    i.__mathlib_dbl_divzero  m_wm.l(dunder.o)
    0x0800ab30   0x0800ab30   0x00000014   Code   RO         7016    i.__mathlib_dbl_infnan  m_wm.l(dunder.o)
    0x0800ab44   0x0800ab44   0x00000014   Code   RO         7017    i.__mathlib_dbl_infnan2  m_wm.l(dunder.o)
    0x0800ab58   0x0800ab58   0x00000020   Code   RO         7018    i.__mathlib_dbl_invalid  m_wm.l(dunder.o)
    0x0800ab78   0x0800ab78   0x00000020   Code   RO         7019    i.__mathlib_dbl_overflow  m_wm.l(dunder.o)
    0x0800ab98   0x0800ab98   0x00000020   Code   RO         7021    i.__mathlib_dbl_underflow  m_wm.l(dunder.o)
    0x0800abb8   0x0800abb8   0x00000014   Code   RO         7039    i.__mathlib_flt_divzero  m_wm.l(funder.o)
    0x0800abcc   0x0800abcc   0x00000006   Code   RO         7040    i.__mathlib_flt_infnan  m_wm.l(funder.o)
    0x0800abd2   0x0800abd2   0x00000006   Code   RO         7041    i.__mathlib_flt_infnan2  m_wm.l(funder.o)
    0x0800abd8   0x0800abd8   0x00000010   Code   RO         7042    i.__mathlib_flt_invalid  m_wm.l(funder.o)
    0x0800abe8   0x0800abe8   0x00000010   Code   RO         7043    i.__mathlib_flt_overflow  m_wm.l(funder.o)
    0x0800abf8   0x0800abf8   0x00000010   Code   RO         7045    i.__mathlib_flt_underflow  m_wm.l(funder.o)
    0x0800ac08   0x0800ac08   0x00000154   Code   RO         7056    i.__mathlib_rredf2  m_wm.l(rredf.o)
    0x0800ad5c   0x0800ad5c   0x0000004c   Code   RO         5888    i.angle_nearest_to  chassis.o
    0x0800ada8   0x0800ada8   0x00000010   Code   RO         7003    i.atan              m_wm.l(atan.o)
    0x0800adb8   0x0800adb8   0x00000020   Code   RO         5808    i.can1_start        can_bsp.o
    0x0800add8   0x0800add8   0x00000020   Code   RO         5809    i.can2_start        can_bsp.o
    0x0800adf8   0x0800adf8   0x00000020   Code   RO         6289    i.crc_ccitt         go1_sdk.o
    0x0800ae18   0x0800ae18   0x000000dc   Code   RO         6290    i.extract_data      go1_sdk.o
    0x0800aef4   0x0800aef4   0x00000018   Code   RO         7031    i.fabs              m_wm.l(fabs.o)
    0x0800af0c   0x0800af0c   0x00000030   Code   RO         5671    i.feedforward_G_tor  algorithm.o
    0x0800af3c   0x0800af3c   0x00000028   Code   RO         5674    i.float_to_uint     algorithm.o
    0x0800af64   0x0800af64   0x0000008c   Code   RO         5889    i.friction_compensation  chassis.o
    0x0800aff0   0x0800aff0   0x000000dc   Code   RO           16    i.main              main.o
    0x0800b0cc   0x0800b0cc   0x000001a4   Code   RO         6291    i.modify_data       go1_sdk.o
    0x0800b270   0x0800b270   0x0000001a   Code   RO         5011    i.osDelay           cmsis_os2.o
    0x0800b28a   0x0800b28a   0x00000002   PAD
    0x0800b28c   0x0800b28c   0x00000024   Code   RO         5025    i.osKernelInitialize  cmsis_os2.o
    0x0800b2b0   0x0800b2b0   0x00000038   Code   RO         5028    i.osKernelStart     cmsis_os2.o
    0x0800b2e8   0x0800b2e8   0x00000088   Code   RO         5070    i.osThreadNew       cmsis_os2.o
    0x0800b370   0x0800b370   0x00000034   Code   RO         6678    i.parseDataPacket   remote_control.o
    0x0800b3a4   0x0800b3a4   0x00000364   Code   RO         6390    i.path_get_block    auto_path.o
    0x0800b708   0x0800b708   0x000000b4   Code   RO         6391    i.path_permutation_choose  auto_path.o
    0x0800b7bc   0x0800b7bc   0x00000274   Code   RO         6392    i.path_point_choose  auto_path.o
    0x0800ba30   0x0800ba30   0x0000005c   Code   RO         4470    i.prvAddCurrentTaskToDelayedList  tasks.o
    0x0800ba8c   0x0800ba8c   0x000000d0   Code   RO         4471    i.prvAddNewTaskToReadyList  tasks.o
    0x0800bb5c   0x0800bb5c   0x00000058   Code   RO         4835    i.prvCheckForValidListAndQueue  timers.o
    0x0800bbb4   0x0800bbb4   0x00000026   Code   RO         4067    i.prvCopyDataFromQueue  queue.o
    0x0800bbda   0x0800bbda   0x0000006c   Code   RO         4068    i.prvCopyDataToQueue  queue.o
    0x0800bc46   0x0800bc46   0x00000034   Code   RO         4472    i.prvDeleteTCB      tasks.o
    0x0800bc7a   0x0800bc7a   0x00000002   PAD
    0x0800bc7c   0x0800bc7c   0x0000004c   Code   RO         5522    i.prvHeapInit       heap_4.o
    0x0800bcc8   0x0800bcc8   0x0000005c   Code   RO         4473    i.prvIdleTask       tasks.o
    0x0800bd24   0x0800bd24   0x00000020   Code   RO         4070    i.prvInitialiseNewQueue  queue.o
    0x0800bd44   0x0800bd44   0x000000aa   Code   RO         4474    i.prvInitialiseNewTask  tasks.o
    0x0800bdee   0x0800bdee   0x00000002   PAD
    0x0800bdf0   0x0800bdf0   0x0000004c   Code   RO         5523    i.prvInsertBlockIntoFreeList  heap_4.o
    0x0800be3c   0x0800be3c   0x00000038   Code   RO         4837    i.prvInsertTimerInActiveList  timers.o
    0x0800be74   0x0800be74   0x0000001a   Code   RO         4071    i.prvIsQueueEmpty   queue.o
    0x0800be8e   0x0800be8e   0x00000002   PAD
    0x0800be90   0x0800be90   0x000000fc   Code   RO         4838    i.prvProcessReceivedCommands  timers.o
    0x0800bf8c   0x0800bf8c   0x000000c0   Code   RO         4839    i.prvProcessTimerOrBlockTask  timers.o
    0x0800c04c   0x0800c04c   0x00000020   Code   RO         4476    i.prvResetNextTaskUnblockTime  tasks.o
    0x0800c06c   0x0800c06c   0x00000028   Code   RO         4840    i.prvSampleTimeNow  timers.o
    0x0800c094   0x0800c094   0x0000006c   Code   RO         4841    i.prvSwitchTimerLists  timers.o
    0x0800c100   0x0800c100   0x00000028   Code   RO         5578    i.prvTaskExitError  port.o
    0x0800c128   0x0800c128   0x00000028   Code   RO         4842    i.prvTimerTask      timers.o
    0x0800c150   0x0800c150   0x0000006a   Code   RO         4072    i.prvUnlockQueue    queue.o
    0x0800c1ba   0x0800c1ba   0x00000002   PAD
    0x0800c1bc   0x0800c1bc   0x000000dc   Code   RO         5524    i.pvPortMalloc      heap_4.o
    0x0800c298   0x0800c298   0x0000002c   Code   RO         5579    i.pxPortInitialiseStack  port.o
    0x0800c2c4   0x0800c2c4   0x00000050   Code   RO         5675    i.ramp_signal       algorithm.o
    0x0800c314   0x0800c314   0x0000006e   Code   RO         6945    i.sqrt              m_wm.l(sqrt.o)
    0x0800c382   0x0800c382   0x00000002   PAD
    0x0800c384   0x0800c384   0x00000060   Code   RO         5890    i.swerve_optimize   chassis.o
    0x0800c3e4   0x0800c3e4   0x00000028   Code   RO         5676    i.uint_to_float     algorithm.o
    0x0800c40c   0x0800c40c   0x000000b4   Code   RO         6593    i.updateTxData      board_communicate.o
    0x0800c4c0   0x0800c4c0   0x00000026   Code   RO         4027    i.uxListRemove      list.o
    0x0800c4e6   0x0800c4e6   0x00000002   PAD
    0x0800c4e8   0x0800c4e8   0x00000014   Code   RO         5082    i.vApplicationGetIdleTaskMemory  cmsis_os2.o
    0x0800c4fc   0x0800c4fc   0x00000018   Code   RO         5083    i.vApplicationGetTimerTaskMemory  cmsis_os2.o
    0x0800c514   0x0800c514   0x00000016   Code   RO         4028    i.vListInitialise   list.o
    0x0800c52a   0x0800c52a   0x00000006   Code   RO         4029    i.vListInitialiseItem  list.o
    0x0800c530   0x0800c530   0x00000030   Code   RO         4030    i.vListInsert       list.o
    0x0800c560   0x0800c560   0x00000018   Code   RO         4031    i.vListInsertEnd    list.o
    0x0800c578   0x0800c578   0x00000040   Code   RO         5581    i.vPortEnterCritical  port.o
    0x0800c5b8   0x0800c5b8   0x00000028   Code   RO         5582    i.vPortExitCritical  port.o
    0x0800c5e0   0x0800c5e0   0x00000064   Code   RO         5525    i.vPortFree         heap_4.o
    0x0800c644   0x0800c644   0x00000024   Code   RO         5583    i.vPortSetupTimerInterrupt  port.o
    0x0800c668   0x0800c668   0x00000054   Code   RO         5584    i.vPortValidateInterruptPriority  port.o
    0x0800c6bc   0x0800c6bc   0x00000024   Code   RO         4078    i.vQueueAddToRegistry  queue.o
    0x0800c6e0   0x0800c6e0   0x00000044   Code   RO         4082    i.vQueueWaitForMessageRestricted  queue.o
    0x0800c724   0x0800c724   0x0000004c   Code   RO         4489    i.vTaskDelay        tasks.o
    0x0800c770   0x0800c770   0x00000010   Code   RO         4494    i.vTaskInternalSetTimeOutState  tasks.o
    0x0800c780   0x0800c780   0x0000000c   Code   RO         4495    i.vTaskMissedYield  tasks.o
    0x0800c78c   0x0800c78c   0x00000030   Code   RO         4497    i.vTaskPlaceOnEventList  tasks.o
    0x0800c7bc   0x0800c7bc   0x00000038   Code   RO         4498    i.vTaskPlaceOnEventListRestricted  tasks.o
    0x0800c7f4   0x0800c7f4   0x00000084   Code   RO         4506    i.vTaskStartScheduler  tasks.o
    0x0800c878   0x0800c878   0x00000010   Code   RO         4508    i.vTaskSuspendAll   tasks.o
    0x0800c888   0x0800c888   0x00000064   Code   RO         4509    i.vTaskSwitchContext  tasks.o
    0x0800c8ec   0x0800c8ec   0x000000f4   Code   RO         5585    i.xPortStartScheduler  port.o
    0x0800c9e0   0x0800c9e0   0x0000002c   Code   RO         5586    i.xPortSysTickHandler  port.o
    0x0800ca0c   0x0800ca0c   0x00000066   Code   RO         4088    i.xQueueGenericCreateStatic  queue.o
    0x0800ca72   0x0800ca72   0x00000002   PAD
    0x0800ca74   0x0800ca74   0x00000088   Code   RO         4089    i.xQueueGenericReset  queue.o
    0x0800cafc   0x0800cafc   0x00000164   Code   RO         4090    i.xQueueGenericSend  queue.o
    0x0800cc60   0x0800cc60   0x000000be   Code   RO         4091    i.xQueueGenericSendFromISR  queue.o
    0x0800cd1e   0x0800cd1e   0x00000002   PAD
    0x0800cd20   0x0800cd20   0x00000138   Code   RO         4100    i.xQueueReceive     queue.o
    0x0800ce58   0x0800ce58   0x00000074   Code   RO         4511    i.xTaskCheckForTimeOut  tasks.o
    0x0800cecc   0x0800cecc   0x0000005a   Code   RO         4512    i.xTaskCreate       tasks.o
    0x0800cf26   0x0800cf26   0x0000005a   Code   RO         4513    i.xTaskCreateStatic  tasks.o
    0x0800cf80   0x0800cf80   0x0000001c   Code   RO         4517    i.xTaskGetSchedulerState  tasks.o
    0x0800cf9c   0x0800cf9c   0x0000000c   Code   RO         4518    i.xTaskGetTickCount  tasks.o
    0x0800cfa8   0x0800cfa8   0x000000c8   Code   RO         4520    i.xTaskIncrementTick  tasks.o
    0x0800d070   0x0800d070   0x0000007c   Code   RO         4523    i.xTaskPriorityDisinherit  tasks.o
    0x0800d0ec   0x0800d0ec   0x00000070   Code   RO         4525    i.xTaskRemoveFromEventList  tasks.o
    0x0800d15c   0x0800d15c   0x000000c0   Code   RO         4526    i.xTaskResumeAll    tasks.o
    0x0800d21c   0x0800d21c   0x00000060   Code   RO         4851    i.xTimerCreateTimerTask  timers.o
    0x0800d27c   0x0800d27c   0x00000064   Code   RO         4852    i.xTimerGenericCommand  timers.o
    0x0800d2e0   0x0800d2e0   0x00000018   Code   RO         6976    x$fpl$basic         fz_wm.l(basic.o)
    0x0800d2f8   0x0800d2f8   0x00000062   Code   RO         6831    x$fpl$d2f           fz_wm.l(d2f.o)
    0x0800d35a   0x0800d35a   0x00000002   PAD
    0x0800d35c   0x0800d35c   0x00000150   Code   RO         6833    x$fpl$dadd          fz_wm.l(daddsub_clz.o)
    0x0800d4ac   0x0800d4ac   0x00000010   Code   RO         7081    x$fpl$dcheck1       fz_wm.l(dcheck1.o)
    0x0800d4bc   0x0800d4bc   0x00000018   Code   RO         6978    x$fpl$dcmpinf       fz_wm.l(dcmpi.o)
    0x0800d4d4   0x0800d4d4   0x000002b0   Code   RO         6840    x$fpl$ddiv          fz_wm.l(ddiv.o)
    0x0800d784   0x0800d784   0x00000078   Code   RO         6980    x$fpl$deqf          fz_wm.l(deqf.o)
    0x0800d7fc   0x0800d7fc   0x0000002e   Code   RO         6844    x$fpl$dflt          fz_wm.l(dflt_clz.o)
    0x0800d82a   0x0800d82a   0x00000026   Code   RO         6843    x$fpl$dfltu         fz_wm.l(dflt_clz.o)
    0x0800d850   0x0800d850   0x00000078   Code   RO         6849    x$fpl$dleqf         fz_wm.l(dleqf.o)
    0x0800d8c8   0x0800d8c8   0x00000154   Code   RO         6851    x$fpl$dmul          fz_wm.l(dmul.o)
    0x0800da1c   0x0800da1c   0x0000009c   Code   RO         6982    x$fpl$dnaninf       fz_wm.l(dnaninf.o)
    0x0800dab8   0x0800dab8   0x0000000c   Code   RO         6984    x$fpl$dretinf       fz_wm.l(dretinf.o)
    0x0800dac4   0x0800dac4   0x0000006c   Code   RO         6986    x$fpl$drleqf        fz_wm.l(drleqf.o)
    0x0800db30   0x0800db30   0x00000016   Code   RO         6834    x$fpl$drsb          fz_wm.l(daddsub_clz.o)
    0x0800db46   0x0800db46   0x00000002   PAD
    0x0800db48   0x0800db48   0x00000198   Code   RO         6988    x$fpl$dsqrt         fz_wm.l(dsqrt_umaal.o)
    0x0800dce0   0x0800dce0   0x000001d4   Code   RO         6835    x$fpl$dsub          fz_wm.l(daddsub_clz.o)
    0x0800deb4   0x0800deb4   0x00000056   Code   RO         6853    x$fpl$f2d           fz_wm.l(f2d.o)
    0x0800df0a   0x0800df0a   0x0000008c   Code   RO         6990    x$fpl$fnaninf       fz_wm.l(fnaninf.o)
    0x0800df96   0x0800df96   0x0000000a   Code   RO         7172    x$fpl$fpinit        fz_wm.l(fpinit.o)
    0x0800dfa0   0x0800dfa0   0x000000f4   Code   RO         6992    x$fpl$frem          fz_wm.l(frem_clz.o)
    0x0800e094   0x0800e094   0x0000000a   Code   RO         6994    x$fpl$fretinf       fz_wm.l(fretinf.o)
    0x0800e09e   0x0800e09e   0x00000064   Code   RO         7100    x$fpl$retnan        fz_wm.l(retnan.o)
    0x0800e102   0x0800e102   0x0000005c   Code   RO         6998    x$fpl$scalbn        fz_wm.l(scalbn.o)
    0x0800e15e   0x0800e15e   0x00000030   Code   RO         7155    x$fpl$trapveneer    fz_wm.l(trapv.o)
    0x0800e18e   0x0800e18e   0x00000000   Code   RO         7000    x$fpl$usenofp       fz_wm.l(usenofp.o)
    0x0800e18e   0x0800e18e   0x00000002   PAD
    0x0800e190   0x0800e190   0x000000d8   Data   RO          274    .constdata          freertos.o
    0x0800e268   0x0800e268   0x00000008   Data   RO         2500    .constdata          stm32f4xx_hal_dma.o
    0x0800e270   0x0800e270   0x00000010   Data   RO         3863    .constdata          system_stm32f4xx.o
    0x0800e280   0x0800e280   0x00000008   Data   RO         3864    .constdata          system_stm32f4xx.o
    0x0800e288   0x0800e288   0x0000000a   Data   RO         6123    .constdata          nrf24l01.o
    0x0800e292   0x0800e292   0x00000200   Data   RO         6292    .constdata          go1_sdk.o
    0x0800e492   0x0800e492   0x00000006   PAD
    0x0800e498   0x0800e498   0x00000088   Data   RO         6906    .constdata          m_wm.l(pow.o)
    0x0800e520   0x0800e520   0x00000140   Data   RO         6920    .constdata          m_wm.l(powf.o)
    0x0800e660   0x0800e660   0x00000098   Data   RO         7004    .constdata          m_wm.l(atan.o)
    0x0800e6f8   0x0800e6f8   0x00000008   Data   RO         7055    .constdata          m_wm.l(qnan.o)
    0x0800e700   0x0800e700   0x00000020   Data   RO         7057    .constdata          m_wm.l(rredf.o)
    0x0800e720   0x0800e720   0x0000002e   Data   RO          275    .conststring        freertos.o
    0x0800e74e   0x0800e74e   0x00000002   PAD
    0x0800e750   0x0800e750   0x00000020   Data   RO         7230    Region$$Table       anon$$obj.o


    Execution Region RW_IRAM1 (Exec base: 0x20000000, Load base: 0x0800e770, Size: 0x00007228, Max: 0x0001c000, ABSOLUTE, COMPRESSED[0x00000284])

    Exec Addr    Load Addr    Size         Type   Attr      Idx    E Section Name        Object

    0x20000000   COMPRESSED   0x00000018   Data   RW          276    .data               freertos.o
    0x20000018   COMPRESSED   0x00000004   Data   RW          378    .data               can.o
    0x2000001c   COMPRESSED   0x0000000c   Data   RW         2945    .data               stm32f4xx_hal.o
    0x20000028   COMPRESSED   0x00000004   Data   RW         3865    .data               system_stm32f4xx.o
    0x2000002c   COMPRESSED   0x0000003c   Data   RW         4529    .data               tasks.o
    0x20000068   COMPRESSED   0x00000014   Data   RW         4860    .data               timers.o
    0x2000007c   COMPRESSED   0x00000004   Data   RW         5085    .data               cmsis_os2.o
    0x20000080   COMPRESSED   0x00000020   Data   RW         5531    .data               heap_4.o
    0x200000a0   COMPRESSED   0x0000000c   Data   RW         5587    .data               port.o
    0x200000ac   COMPRESSED   0x00000010   Data   RW         5811    .data               can_bsp.o
    0x200000bc   COMPRESSED   0x0000012c   Data   RW         5964    .data               global.declare.o
    0x200001e8   COMPRESSED   0x0000012c   Data   RW         5965    .data               global.declare.o
    0x20000314   COMPRESSED   0x0000012c   Data   RW         5966    .data               global.declare.o
    0x20000440   COMPRESSED   0x0000012c   Data   RW         5967    .data               global.declare.o
    0x2000056c   COMPRESSED   0x0000012c   Data   RW         5968    .data               global.declare.o
    0x20000698   COMPRESSED   0x0000012c   Data   RW         5969    .data               global.declare.o
    0x200007c4   COMPRESSED   0x0000012c   Data   RW         5970    .data               global.declare.o
    0x200008f0   COMPRESSED   0x0000012c   Data   RW         5971    .data               global.declare.o
    0x20000a1c   COMPRESSED   0x00000004   Data   RW         5972    .data               global.declare.o
    0x20000a20   COMPRESSED   0x00000004   Data   RW         5973    .data               global.declare.o
    0x20000a24   COMPRESSED   0x00000004   Data   RW         5974    .data               global.declare.o
    0x20000a28   COMPRESSED   0x00000004   Data   RW         5975    .data               global.declare.o
    0x20000a2c   COMPRESSED   0x00000001   Data   RW         5976    .data               global.declare.o
    0x20000a2d   COMPRESSED   0x00000001   Data   RW         5977    .data               global.declare.o
    0x20000a2e   COMPRESSED   0x00000001   Data   RW         5978    .data               global.declare.o
    0x20000a2f   COMPRESSED   0x00000001   Data   RW         5979    .data               global.declare.o
    0x20000a30   COMPRESSED   0x00000040   Data   RW         5980    .data               global.declare.o
    0x20000a70   COMPRESSED   0x00000054   Data   RW         5981    .data               global.declare.o
    0x20000ac4   COMPRESSED   0x00000054   Data   RW         5982    .data               global.declare.o
    0x20000b18   COMPRESSED   0x00000004   Data   RW         5983    .data               global.declare.o
    0x20000b1c   COMPRESSED   0x00000004   Data   RW         5984    .data               global.declare.o
    0x20000b20   COMPRESSED   0x00000001   Data   RW         5985    .data               global.declare.o
    0x20000b21   COMPRESSED   0x00000001   Data   RW         5986    .data               global.declare.o
    0x20000b22   COMPRESSED   0x00000002   PAD
    0x20000b24   COMPRESSED   0x00000004   Data   RW         5987    .data               global.declare.o
    0x20000b28   COMPRESSED   0x00000050   Data   RW         5988    .data               global.declare.o
    0x20000b78   COMPRESSED   0x00000154   Data   RW         5989    .data               global.declare.o
    0x20000ccc   COMPRESSED   0x00000018   Data   RW         5990    .data               global.declare.o
    0x20000ce4   COMPRESSED   0x00000001   Data   RW         5991    .data               global.declare.o
    0x20000ce5   COMPRESSED   0x00000001   Data   RW         5992    .data               global.declare.o
    0x20000ce6   COMPRESSED   0x00000001   Data   RW         5993    .data               global.declare.o
    0x20000ce7   COMPRESSED   0x00000001   PAD
    0x20000ce8   COMPRESSED   0x00000004   Data   RW         5994    .data               global.declare.o
    0x20000cec   COMPRESSED   0x0000000a   Data   RW         5995    .data               global.declare.o
    0x20000cf6   COMPRESSED   0x00000002   Data   RW         5996    .data               global.declare.o
    0x20000cf8   COMPRESSED   0x00000008   Data   RW         5997    .data               global.declare.o
    0x20000d00   COMPRESSED   0x00000001   Data   RW         5998    .data               global.declare.o
    0x20000d01   COMPRESSED   0x00000001   Data   RW         5999    .data               global.declare.o
    0x20000d02   COMPRESSED   0x00000001   Data   RW         6000    .data               global.declare.o
    0x20000d03   COMPRESSED   0x00000001   Data   RW         6001    .data               global.declare.o
    0x20000d04   COMPRESSED   0x00000001   Data   RW         6004    .data               global.declare.o
    0x20000d05   COMPRESSED   0x00000001   Data   RW         6005    .data               global.declare.o
    0x20000d06   COMPRESSED   0x00000002   PAD
    0x20000d08   COMPRESSED   0x00000210   Data   RW         6006    .data               global.declare.o
    0x20000f18   COMPRESSED   0x00000001   Data   RW         6007    .data               global.declare.o
    0x20000f19   COMPRESSED   0x00000003   PAD
    0x20000f1c   COMPRESSED   0x00000004   Data   RW         6008    .data               global.declare.o
    0x20000f20   COMPRESSED   0x00000004   Data   RW         6009    .data               global.declare.o
    0x20000f24   COMPRESSED   0x00000001   Data   RW         6010    .data               global.declare.o
    0x20000f25   COMPRESSED   0x00000001   Data   RW         6011    .data               global.declare.o
    0x20000f26   COMPRESSED   0x00000001   Data   RW         6012    .data               global.declare.o
    0x20000f27   COMPRESSED   0x00000001   Data   RW         6013    .data               global.declare.o
    0x20000f28   COMPRESSED   0x00000001   Data   RW         6014    .data               global.declare.o
    0x20000f29   COMPRESSED   0x00000001   Data   RW         6015    .data               global.declare.o
    0x20000f2a   COMPRESSED   0x00000002   PAD
    0x20000f2c   COMPRESSED   0x00000004   Data   RW         6016    .data               global.declare.o
    0x20000f30   COMPRESSED   0x00000001   Data   RW         6017    .data               global.declare.o
    0x20000f31   COMPRESSED   0x00000001   Data   RW         6018    .data               global.declare.o
    0x20000f32   COMPRESSED   0x00000001   Data   RW         6019    .data               global.declare.o
    0x20000f33   COMPRESSED   0x00000008   Data   RW         6021    .data               global.declare.o
    0x20000f3b   COMPRESSED   0x00000001   Data   RW         6022    .data               global.declare.o
    0x20000f3c   COMPRESSED   0x00000008   Data   RW         6023    .data               global.declare.o
    0x20000f44   COMPRESSED   0x00000001   Data   RW         6024    .data               global.declare.o
    0x20000f45   COMPRESSED   0x00000003   PAD
    0x20000f48   COMPRESSED   0x00000008   Data   RW         6025    .data               global.declare.o
    0x20000f50   COMPRESSED   0x00000008   Data   RW         6026    .data               global.declare.o
    0x20000f58   COMPRESSED   0x00000001   Data   RW         6027    .data               global.declare.o
    0x20000f59   COMPRESSED   0x00000003   Data   RW         6030    .data               global.declare.o
    0x20000f5c   COMPRESSED   0x00000004   Data   RW         6031    .data               global.declare.o
    0x20000f60   COMPRESSED   0x00000001   Data   RW         6033    .data               global.declare.o
    0x20000f61   COMPRESSED   0x00000001   Data   RW         6124    .data               nrf24l01.o
    0x20000f62   COMPRESSED   0x00000001   Data   RW         6226    .data               j60_sdk.o
    0x20000f63   COMPRESSED   0x00000001   PAD
    0x20000f64   COMPRESSED   0x00000010   Data   RW         6393    .data               auto_path.o
    0x20000f74   COMPRESSED   0x00000014   Data   RW         6598    .data               board_communicate.o
    0x20000f88   COMPRESSED   0x0000003c   Data   RW         6679    .data               remote_control.o
    0x20000fc4   COMPRESSED   0x00000008   Data   RW         6720    .data               action.o
    0x20000fcc        -       0x00000050   Zero   RW          377    .bss                can.o
    0x2000101c        -       0x00000058   Zero   RW          449    .bss                spi.o
    0x20001074        -       0x00000048   Zero   RW          491    .bss                tim.o
    0x200010bc        -       0x00000420   Zero   RW          536    .bss                usart.o
    0x200014dc        -       0x00000048   Zero   RW          783    .bss                stm32f4xx_hal_timebase_tim.o
    0x20001524        -       0x00000040   Zero   RW         4104    .bss                queue.o
    0x20001564        -       0x000004c4   Zero   RW         4528    .bss                tasks.o
    0x20001a28        -       0x00000118   Zero   RW         4859    .bss                timers.o
    0x20001b40        -       0x000006b8   Zero   RW         5084    .bss                cmsis_os2.o
    0x200021f8        -       0x00003c00   Zero   RW         5530    .bss                heap_4.o
    0x20005df8        -       0x00000030   Zero   RW         5810    .bss                can_bsp.o
    0x20005e28        -       0x0000000c   Zero   RW         5942    .bss                global.declare.o
    0x20005e34        -       0x00000024   Zero   RW         5944    .bss                global.declare.o
    0x20005e58        -       0x00000040   Zero   RW         5945    .bss                global.declare.o
    0x20005e98        -       0x00000040   Zero   RW         5946    .bss                global.declare.o
    0x20005ed8        -       0x00000028   Zero   RW         5947    .bss                global.declare.o
    0x20005f00        -       0x00000018   Zero   RW         5948    .bss                global.declare.o
    0x20005f18        -       0x00000010   Zero   RW         5949    .bss                global.declare.o
    0x20005f28        -       0x00000010   Zero   RW         5950    .bss                global.declare.o
    0x20005f38        -       0x00000010   Zero   RW         5951    .bss                global.declare.o
    0x20005f48        -       0x00000010   Zero   RW         5952    .bss                global.declare.o
    0x20005f58        -       0x00000010   Zero   RW         5953    .bss                global.declare.o
    0x20005f68        -       0x0000000a   Zero   RW         5954    .bss                global.declare.o
    0x20005f72   COMPRESSED   0x00000002   PAD
    0x20005f74        -       0x0000003c   Zero   RW         5955    .bss                global.declare.o
    0x20005fb0        -       0x000000ac   Zero   RW         5956    .bss                global.declare.o
    0x2000605c        -       0x00000031   Zero   RW         5957    .bss                global.declare.o
    0x2000608d   COMPRESSED   0x00000003   PAD
    0x20006090        -       0x00000048   Zero   RW         5958    .bss                global.declare.o
    0x200060d8        -       0x00000a68   Zero   RW         5960    .bss                global.declare.o
    0x20006b40        -       0x0000001c   Zero   RW         5961    .bss                global.declare.o
    0x20006b5c        -       0x00000011   Zero   RW         5962    .bss                global.declare.o
    0x20006b6d        -       0x00000011   Zero   RW         5963    .bss                global.declare.o
    0x20006b7e        -       0x00000020   Zero   RW         6121    .bss                nrf24l01.o
    0x20006b9e        -       0x00000023   Zero   RW         6122    .bss                nrf24l01.o
    0x20006bc1   COMPRESSED   0x00000003   PAD
    0x20006bc4        -       0x00000060   Zero   RW         7084    .bss                c_w.l(libspace.o)
    0x20006c24   COMPRESSED   0x00000004   PAD
    0x20006c28        -       0x00000200   Zero   RW            2    HEAP                startup_stm32f407xx.o
    0x20006e28        -       0x00000400   Zero   RW            1    STACK               startup_stm32f407xx.o


    Execution Region RW_IRAM2 (Exec base: 0x2001c000, Load base: 0x0800e9f4, Size: 0x00000000, Max: 0x00004000, ABSOLUTE)

    **** No section assigned to this execution region ****


==============================================================================

Image component sizes


      Code (inc. data)   RO Data    RW Data    ZI Data      Debug   Object Name

      1792        296          0          8          0       4510   action.o
      2016         92          0          0          0      25223   algorithm.o
      7284       1036          0         16          0      21915   auto_path.o
       316         48          0         20          0       3161   board_communicate.o
       404         42          0          4         80       2594   can.o
      1582        140          0         16         48       7159   can_bsp.o
      2044        202          0          0          0       3929   chassis.o
       324         22          0          4       1720      65447   cmsis_os2.o
       172          4          0          0          0        902   dma.o
         0          0          0          0          0      19540   event_groups.o
      3724        352          0          0          0       3843   foot.o
       628        130        262         24          0       5235   freertos.o
         0          0          0       3736       3409      15308   global.declare.o
       758         98        512          0          0       3560   go1_sdk.o
       236         18          0          0          0       1067   gpio.o
       472         24          0         32      15360       5051   heap_4.o
       390         32          0          1          0       3276   j60_sdk.o
       138          0          0          0          0       3654   list.o
       328         94          0          0          0       1086   locate.o
       392         60          0          0          0     736762   main.o
       282         14          0          0          0       2834   motor_dji_sdk.o
      1040        124          0          0          0       1412   navigate.o
       676         74         10          1         67       8512   nrf24l01.o
       786         80          0         12          0      11717   port.o
      1510         18          0          0         64      17700   queue.o
       720         76          0         60          0       2909   remote_control.o
       196         24          0          0         88       1765   spi.o
        64         26        392          0       1536        860   startup_stm32f407xx.o
        80         14          0         12          0       8186   stm32f4xx_hal.o
      1656          6          0          0          0      14987   stm32f4xx_hal_can.o
       158         14          0          0          0      33082   stm32f4xx_hal_cortex.o
      1084         16          8          0          0       7534   stm32f4xx_hal_dma.o
       474         46          0          0          0       2348   stm32f4xx_hal_gpio.o
        56          4          0          0          0        902   stm32f4xx_hal_msp.o
      1388         82          0          0          0       6185   stm32f4xx_hal_rcc.o
      1240         22          0          0          0       7290   stm32f4xx_hal_spi.o
      1064         72          0          0          0      10809   stm32f4xx_hal_tim.o
       148         28          0          0          0       2645   stm32f4xx_hal_tim_ex.o
       152         20          0          0         72       1535   stm32f4xx_hal_timebase_tim.o
      2088         42          0          0          0      16643   stm32f4xx_hal_uart.o
      1196        264          0          0          0      13615   stm32f4xx_it.o
         0          0          0          0          0        392   stream_buffer.o
        16          4         24          4          0       1183   system_stm32f4xx.o
      2066        160          0         60       1220      27428   tasks.o
       160         12          0          0         72       1766   tim.o
       972         82          0         20        280      32463   timers.o
      1200         98          0          0       1056       4813   usart.o
       152         22          0          0          0       1321   vision.o

    ----------------------------------------------------------------------
     43680       4134       1248       4044      25080    1176058   Object Totals
         0          0         32          0          0          0   (incl. Generated)
        56          0          8         14          8          0   (incl. Padding)

    ----------------------------------------------------------------------

      Code (inc. data)   RO Data    RW Data    ZI Data      Debug   Library Member Name

        90          0          0          0          0          0   __dczerorl2.o
         8          0          0          0          0         68   __main.o
         0          0          0          0          0          0   __rtentry.o
        12          0          0          0          0          0   __rtentry2.o
         6          0          0          0          0          0   __rtentry4.o
        52          8          0          0          0          0   __scatter.o
        28          0          0          0          0          0   __scatter_zi.o
        22          0          0          0          0        100   _rserrno.o
        16          0          0          0          0         68   aeabi_memset.o
        18          0          0          0          0         80   exit.o
         6          0          0          0          0        152   heapauxi.o
         0          0          0          0          0          0   indicate_semi.o
         2          0          0          0          0          0   libinit.o
         6          0          0          0          0          0   libinit2.o
         2          0          0          0          0          0   libshutdown.o
         2          0          0          0          0          0   libshutdown2.o
         8          4          0          0         96         68   libspace.o
       238          0          0          0          0        100   lludivv7m.o
         8          4          0          0          0         68   rt_errno_addr_intlibspace.o
        68          0          0          0          0         68   rt_memclr.o
        78          0          0          0          0         80   rt_memclr_w.o
       138          0          0          0          0         68   rt_memcpy_v6.o
       100          0          0          0          0         80   rt_memcpy_w.o
         2          0          0          0          0          0   rtexit.o
        10          0          0          0          0          0   rtexit2.o
        12          4          0          0          0         68   sys_exit.o
        74          0          0          0          0         80   sys_stackheap_outer.o
         2          0          0          0          0         68   use_no_semi.o
        24          0          0          0          0        164   basic.o
        98          4          0          0          0        140   d2f.o
       826         16          0          0          0        492   daddsub_clz.o
        16          4          0          0          0        116   dcheck1.o
        24          0          0          0          0        116   dcmpi.o
       688        140          0          0          0        256   ddiv.o
       120          4          0          0          0        140   deqf.o
        84          0          0          0          0        232   dflt_clz.o
       120          4          0          0          0        140   dleqf.o
       340         12          0          0          0        152   dmul.o
       156          4          0          0          0        140   dnaninf.o
        12          0          0          0          0        116   dretinf.o
       108          0          0          0          0        128   drleqf.o
       408         56          0          0          0        168   dsqrt_umaal.o
        86          4          0          0          0        132   f2d.o
       140          4          0          0          0        132   fnaninf.o
        10          0          0          0          0        116   fpinit.o
       244          8          0          0          0        132   frem_clz.o
        10          0          0          0          0        116   fretinf.o
       100          0          0          0          0        116   retnan.o
        92          0          0          0          0        116   scalbn.o
        48          0          0          0          0        116   trapv.o
         0          0          0          0          0          0   usenofp.o
       744        106        152          0          0        352   atan.o
       512         64          0          0          0        208   atan2.o
       684         90          0          0          0        208   atan2f.o
       336         56          0          0          0        136   cosf.o
       184         44          0          0          0        744   dunder.o
        24          0          0          0          0        124   fabs.o
       176          0          0          0          0        168   fmodf.o
        48          0          0          0          0        124   fpclassify.o
        38          0          0          0          0        116   fpclassifyf.o
        80         24          0          0          0        696   funder.o
       248          0          0          0          0        152   poly.o
      3152        296        136          0          0        352   pow.o
      1636        110        320          0          0        372   powf.o
         0          0          8          0          0          0   qnan.o
       340         24         32          0          0        160   rredf.o
       400         56          0          0          0        212   sinf.o
       232          0          0          0          0        296   sqrt.o
        58          0          0          0          0        136   sqrtf.o

    ----------------------------------------------------------------------
     13672       1150        648          0        100       9248   Library Totals
        18          0          0          0          4          0   (incl. Padding)

    ----------------------------------------------------------------------

      Code (inc. data)   RO Data    RW Data    ZI Data      Debug   Library Name

      1008         20          0          0         96       1216   c_w.l
      3754        260          0          0          0       3476   fz_wm.l
      8892        870        648          0          0       4556   m_wm.l

    ----------------------------------------------------------------------
     13672       1150        648          0        100       9248   Library Totals

    ----------------------------------------------------------------------

==============================================================================


      Code (inc. data)   RO Data    RW Data    ZI Data      Debug   

     57352       5284       1896       4044      25180    1151734   Grand Totals
     57352       5284       1896        644      25180    1151734   ELF Image Totals (compressed)
     57352       5284       1896        644          0          0   ROM Totals

==============================================================================

    Total RO  Size (Code + RO Data)                59248 (  57.86kB)
    Total RW  Size (RW Data + ZI Data)             29224 (  28.54kB)
    Total ROM Size (Code + RO Data + RW Data)      59892 (  58.49kB)

==============================================================================

