Component: ARM Compiler 5.06 update 7 (build 960) Tool: armlink [4d3601]

==============================================================================

Section Cross References

    startup_stm32f407xx.o(STACK) refers (Special) to heapauxi.o(.text) for __use_two_region_memory
    startup_stm32f407xx.o(HEAP) refers (Special) to heapauxi.o(.text) for __use_two_region_memory
    startup_stm32f407xx.o(RESET) refers (Special) to heapauxi.o(.text) for __use_two_region_memory
    startup_stm32f407xx.o(RESET) refers to startup_stm32f407xx.o(STACK) for __initial_sp
    startup_stm32f407xx.o(RESET) refers to startup_stm32f407xx.o(.text) for Reset_Handler
    startup_stm32f407xx.o(RESET) refers to stm32f4xx_it.o(i.NMI_Handler) for NMI_Handler
    startup_stm32f407xx.o(RESET) refers to stm32f4xx_it.o(i.HardFault_Handler) for HardFault_Handler
    startup_stm32f407xx.o(RESET) refers to stm32f4xx_it.o(i.MemManage_Handler) for MemManage_Handler
    startup_stm32f407xx.o(RESET) refers to stm32f4xx_it.o(i.BusFault_Handler) for BusFault_Handler
    startup_stm32f407xx.o(RESET) refers to stm32f4xx_it.o(i.UsageFault_Handler) for UsageFault_Handler
    startup_stm32f407xx.o(RESET) refers to port.o(.emb_text) for SVC_Handler
    startup_stm32f407xx.o(RESET) refers to stm32f4xx_it.o(i.DebugMon_Handler) for DebugMon_Handler
    startup_stm32f407xx.o(RESET) refers to cmsis_os2.o(i.SysTick_Handler) for SysTick_Handler
    startup_stm32f407xx.o(RESET) refers to stm32f4xx_it.o(i.DMA1_Stream0_IRQHandler) for DMA1_Stream0_IRQHandler
    startup_stm32f407xx.o(RESET) refers to stm32f4xx_it.o(i.DMA1_Stream2_IRQHandler) for DMA1_Stream2_IRQHandler
    startup_stm32f407xx.o(RESET) refers to stm32f4xx_it.o(i.DMA1_Stream4_IRQHandler) for DMA1_Stream4_IRQHandler
    startup_stm32f407xx.o(RESET) refers to stm32f4xx_it.o(i.DMA1_Stream5_IRQHandler) for DMA1_Stream5_IRQHandler
    startup_stm32f407xx.o(RESET) refers to stm32f4xx_it.o(i.DMA1_Stream6_IRQHandler) for DMA1_Stream6_IRQHandler
    startup_stm32f407xx.o(RESET) refers to stm32f4xx_it.o(i.CAN1_RX0_IRQHandler) for CAN1_RX0_IRQHandler
    startup_stm32f407xx.o(RESET) refers to stm32f4xx_it.o(i.TIM2_IRQHandler) for TIM2_IRQHandler
    startup_stm32f407xx.o(RESET) refers to stm32f4xx_it.o(i.SPI2_IRQHandler) for SPI2_IRQHandler
    startup_stm32f407xx.o(RESET) refers to stm32f4xx_it.o(i.USART1_IRQHandler) for USART1_IRQHandler
    startup_stm32f407xx.o(RESET) refers to stm32f4xx_it.o(i.USART2_IRQHandler) for USART2_IRQHandler
    startup_stm32f407xx.o(RESET) refers to stm32f4xx_it.o(i.DMA1_Stream7_IRQHandler) for DMA1_Stream7_IRQHandler
    startup_stm32f407xx.o(RESET) refers to stm32f4xx_it.o(i.UART4_IRQHandler) for UART4_IRQHandler
    startup_stm32f407xx.o(RESET) refers to stm32f4xx_it.o(i.UART5_IRQHandler) for UART5_IRQHandler
    startup_stm32f407xx.o(RESET) refers to stm32f4xx_it.o(i.TIM6_DAC_IRQHandler) for TIM6_DAC_IRQHandler
    startup_stm32f407xx.o(RESET) refers to stm32f4xx_it.o(i.DMA2_Stream1_IRQHandler) for DMA2_Stream1_IRQHandler
    startup_stm32f407xx.o(RESET) refers to stm32f4xx_it.o(i.DMA2_Stream2_IRQHandler) for DMA2_Stream2_IRQHandler
    startup_stm32f407xx.o(RESET) refers to stm32f4xx_it.o(i.CAN2_RX0_IRQHandler) for CAN2_RX0_IRQHandler
    startup_stm32f407xx.o(RESET) refers to stm32f4xx_it.o(i.DMA2_Stream6_IRQHandler) for DMA2_Stream6_IRQHandler
    startup_stm32f407xx.o(RESET) refers to stm32f4xx_it.o(i.DMA2_Stream7_IRQHandler) for DMA2_Stream7_IRQHandler
    startup_stm32f407xx.o(RESET) refers to stm32f4xx_it.o(i.USART6_IRQHandler) for USART6_IRQHandler
    startup_stm32f407xx.o(.text) refers (Special) to heapauxi.o(.text) for __use_two_region_memory
    startup_stm32f407xx.o(.text) refers to system_stm32f4xx.o(i.SystemInit) for SystemInit
    startup_stm32f407xx.o(.text) refers to __main.o(!!!main) for __main
    startup_stm32f407xx.o(.text) refers to startup_stm32f407xx.o(HEAP) for Heap_Mem
    startup_stm32f407xx.o(.text) refers to startup_stm32f407xx.o(STACK) for Stack_Mem
    main.o(i.HAL_TIM_PeriodElapsedCallback) refers to stm32f4xx_hal.o(i.HAL_IncTick) for HAL_IncTick
    main.o(i.SystemClock_Config) refers to rt_memclr_w.o(.text) for __aeabi_memclr4
    main.o(i.SystemClock_Config) refers to stm32f4xx_hal_rcc.o(i.HAL_RCC_OscConfig) for HAL_RCC_OscConfig
    main.o(i.SystemClock_Config) refers to main.o(i.Error_Handler) for Error_Handler
    main.o(i.SystemClock_Config) refers to stm32f4xx_hal_rcc.o(i.HAL_RCC_ClockConfig) for HAL_RCC_ClockConfig
    main.o(i.main) refers to stm32f4xx_hal.o(i.HAL_Init) for HAL_Init
    main.o(i.main) refers to main.o(i.SystemClock_Config) for SystemClock_Config
    main.o(i.main) refers to gpio.o(i.MX_GPIO_Init) for MX_GPIO_Init
    main.o(i.main) refers to dma.o(i.MX_DMA_Init) for MX_DMA_Init
    main.o(i.main) refers to spi.o(i.MX_SPI2_Init) for MX_SPI2_Init
    main.o(i.main) refers to usart.o(i.MX_USART1_UART_Init) for MX_USART1_UART_Init
    main.o(i.main) refers to can.o(i.MX_CAN1_Init) for MX_CAN1_Init
[...]
    __mathlib_flt_divzero                    0x0800dc11   Thumb Code    14  funder.o(i.__mathlib_flt_divzero)
    __mathlib_flt_infnan                     0x0800dc25   Thumb Code     6  funder.o(i.__mathlib_flt_infnan)
    __mathlib_flt_infnan2                    0x0800dc2b   Thumb Code     6  funder.o(i.__mathlib_flt_infnan2)
    __mathlib_flt_invalid                    0x0800dc31   Thumb Code    10  funder.o(i.__mathlib_flt_invalid)
    __mathlib_flt_overflow                   0x0800dc41   Thumb Code    10  funder.o(i.__mathlib_flt_overflow)
    __mathlib_flt_underflow                  0x0800dc51   Thumb Code    10  funder.o(i.__mathlib_flt_underflow)
    __mathlib_rredf2                         0x0800dc61   Thumb Code   316  rredf.o(i.__mathlib_rredf2)
    atan                                     0x0800de21   Thumb Code    16  atan.o(i.atan)
    can1_start                               0x0800de31   Thumb Code    24  can_bsp.o(i.can1_start)
    can2_start                               0x0800de4d   Thumb Code    24  can_bsp.o(i.can2_start)
    extract_data                             0x0800dea9   Thumb Code   224  go1_sdk.o(i.extract_data)
    fabs                                     0x0800df99   Thumb Code    24  fabs.o(i.fabs)
    feedforward_G_tor                        0x0800dfb1   Thumb Code    52  algorithm.o(i.feedforward_G_tor)
    float_to_uint                            0x0800dfed   Thumb Code    50  algorithm.o(i.float_to_uint)
    friction_compensation                    0x0800e021   Thumb Code   148  chassis.o(i.friction_compensation)
    main                                     0x0800e0c5   Thumb Code   214  main.o(i.main)
    modify_data                              0x0800e1cd   Thumb Code   490  go1_sdk.o(i.modify_data)
    osDelay                                  0x0800e3e9   Thumb Code    30  cmsis_os2.o(i.osDelay)
    osKernelInitialize                       0x0800e409   Thumb Code    38  cmsis_os2.o(i.osKernelInitialize)
    osKernelStart                            0x0800e435   Thumb Code    82  cmsis_os2.o(i.osKernelStart)
    osThreadNew                              0x0800e495   Thumb Code   184  cmsis_os2.o(i.osThreadNew)
    parseDataPacket                          0x0800e54d   Thumb Code    68  remote_control.o(i.parseDataPacket)
    path_permutation_choose                  0x0800e595   Thumb Code   190  auto_path.o(i.path_permutation_choose)
    path_point_choose                        0x0800e661   Thumb Code   346  auto_path.o(i.path_point_choose)
    pvPortMalloc                             0x0800f239   Thumb Code   306  heap_4.o(i.pvPortMalloc)
    pxPortInitialiseStack                    0x0800f385   Thumb Code    38  port.o(i.pxPortInitialiseStack)
    ramp_signal                              0x0800f3b1   Thumb Code   148  algorithm.o(i.ramp_signal)
    sqrt                                     0x0800f445   Thumb Code   110  sqrt.o(i.sqrt)
    uint_to_float                            0x0800f52d   Thumb Code    52  algorithm.o(i.uint_to_float)
    updateTxData                             0x0800f561   Thumb Code   240  board_communicate.o(i.updateTxData)
    uxListRemove                             0x0800f65d   Thumb Code    40  list.o(i.uxListRemove)
    vApplicationGetIdleTaskMemory            0x0800f685   Thumb Code    14  cmsis_os2.o(i.vApplicationGetIdleTaskMemory)
    vApplicationGetTimerTaskMemory           0x0800f69d   Thumb Code    16  cmsis_os2.o(i.vApplicationGetTimerTaskMemory)
    vListInitialise                          0x0800f6b5   Thumb Code    26  list.o(i.vListInitialise)
    vListInitialiseItem                      0x0800f6cf   Thumb Code     6  list.o(i.vListInitialiseItem)
    vListInsert                              0x0800f6d5   Thumb Code    52  list.o(i.vListInsert)
    vListInsertEnd                           0x0800f709   Thumb Code    24  list.o(i.vListInsertEnd)
    vPortEnterCritical                       0x0800f721   Thumb Code    76  port.o(i.vPortEnterCritical)
    vPortExitCritical                        0x0800f775   Thumb Code    56  port.o(i.vPortExitCritical)
    vPortFree                                0x0800f7b1   Thumb Code   150  heap_4.o(i.vPortFree)
    vPortSetupTimerInterrupt                 0x0800f855   Thumb Code    36  port.o(i.vPortSetupTimerInterrupt)
    vPortValidateInterruptPriority           0x0800f87d   Thumb Code   106  port.o(i.vPortValidateInterruptPriority)
    vQueueAddToRegistry                      0x0800f8f5   Thumb Code    38  queue.o(i.vQueueAddToRegistry)
    vQueueWaitForMessageRestricted           0x0800f921   Thumb Code    74  queue.o(i.vQueueWaitForMessageRestricted)
    vTaskDelay                               0x0800f96d   Thumb Code    82  tasks.o(i.vTaskDelay)
    vTaskInternalSetTimeOutState             0x0800f9c9   Thumb Code    14  tasks.o(i.vTaskInternalSetTimeOutState)
    vTaskMissedYield                         0x0800f9e1   Thumb Code     8  tasks.o(i.vTaskMissedYield)
    vTaskPlaceOnEventList                    0x0800f9ed   Thumb Code    52  tasks.o(i.vTaskPlaceOnEventList)
    vTaskPlaceOnEventListRestricted          0x0800fa25   Thumb Code    60  tasks.o(i.vTaskPlaceOnEventListRestricted)
    vTaskStartScheduler                      0x0800fa65   Thumb Code   156  tasks.o(i.vTaskStartScheduler)
    vTaskSuspendAll                          0x0800fb1d   Thumb Code    12  tasks.o(i.vTaskSuspendAll)
    vTaskSwitchContext                       0x0800fb2d   Thumb Code   122  tasks.o(i.vTaskSwitchContext)
    xPortStartScheduler                      0x0800fbbd   Thumb Code   330  port.o(i.xPortStartScheduler)
    xPortSysTickHandler                      0x0800fd25   Thumb Code    46  port.o(i.xPortSysTickHandler)
    xQueueGenericCreateStatic                0x0800fd59   Thumb Code   224  queue.o(i.xQueueGenericCreateStatic)
    xQueueGenericReset                       0x0800fe39   Thumb Code   146  queue.o(i.xQueueGenericReset)
    xQueueGenericSend                        0x0800fed1   Thumb Code   420  queue.o(i.xQueueGenericSend)
    xQueueGenericSendFromISR                 0x08010079   Thumb Code   252  queue.o(i.xQueueGenericSendFromISR)
    xQueueReceive                            0x08010175   Thumb Code   356  queue.o(i.xQueueReceive)
    xTaskCheckForTimeOut                     0x080102dd   Thumb Code   132  tasks.o(i.xTaskCheckForTimeOut)
    xTaskCreate                              0x08010369   Thumb Code   100  tasks.o(i.xTaskCreate)
    xTaskCreateStatic                        0x080103cd   Thumb Code   186  tasks.o(i.xTaskCreateStatic)
    xTaskGetSchedulerState                   0x08010489   Thumb Code    24  tasks.o(i.xTaskGetSchedulerState)
    xTaskGetTickCount                        0x080104a9   Thumb Code     6  tasks.o(i.xTaskGetTickCount)
    xTaskIncrementTick                       0x080104b5   Thumb Code   280  tasks.o(i.xTaskIncrementTick)
    xTaskPriorityDisinherit                  0x080105f9   Thumb Code   152  tasks.o(i.xTaskPriorityDisinherit)
    xTaskRemoveFromEventList                 0x0801069d   Thumb Code   126  tasks.o(i.xTaskRemoveFromEventList)
    xTaskResumeAll                           0x08010735   Thumb Code   222  tasks.o(i.xTaskResumeAll)
    xTimerCreateTimerTask                    0x08010839   Thumb Code   100  timers.o(i.xTimerCreateTimerTask)
    xTimerGenericCommand                     0x080108b1   Thumb Code   128  timers.o(i.xTimerGenericCommand)
    __aeabi_dneg                             0x08010935   Thumb Code     0  basic.o(x$fpl$basic)
    _dneg                                    0x08010935   Thumb Code     6  basic.o(x$fpl$basic)
    __aeabi_fneg                             0x0801093b   Thumb Code     0  basic.o(x$fpl$basic)
    _fneg                                    0x0801093b   Thumb Code     6  basic.o(x$fpl$basic)
    _dabs                                    0x08010941   Thumb Code     6  basic.o(x$fpl$basic)
    _fabs                                    0x08010947   Thumb Code     6  basic.o(x$fpl$basic)
    __aeabi_d2f                              0x0801094d   Thumb Code     0  d2f.o(x$fpl$d2f)
    _d2f                                     0x0801094d   Thumb Code    98  d2f.o(x$fpl$d2f)
    __aeabi_dadd                             0x080109b1   Thumb Code     0  daddsub_clz.o(x$fpl$dadd)
    _dadd                                    0x080109b1   Thumb Code   332  daddsub_clz.o(x$fpl$dadd)
    __fpl_dcheck_NaN1                        0x08010b01   Thumb Code    10  dcheck1.o(x$fpl$dcheck1)
    __fpl_dcmp_Inf                           0x08010b11   Thumb Code    24  dcmpi.o(x$fpl$dcmpinf)
    __aeabi_ddiv                             0x08010b29   Thumb Code     0  ddiv.o(x$fpl$ddiv)
    _ddiv                                    0x08010b29   Thumb Code   552  ddiv.o(x$fpl$ddiv)
    __aeabi_cdcmpeq                          0x08010dd9   Thumb Code     0  deqf.o(x$fpl$deqf)
    _dcmpeq                                  0x08010dd9   Thumb Code   120  deqf.o(x$fpl$deqf)
    __aeabi_i2d                              0x08010e51   Thumb Code     0  dflt_clz.o(x$fpl$dflt)
    _dflt                                    0x08010e51   Thumb Code    46  dflt_clz.o(x$fpl$dflt)
    __aeabi_ui2d                             0x08010e7f   Thumb Code     0  dflt_clz.o(x$fpl$dfltu)
    _dfltu                                   0x08010e7f   Thumb Code    38  dflt_clz.o(x$fpl$dfltu)
    __aeabi_cdcmple                          0x08010ea5   Thumb Code     0  dleqf.o(x$fpl$dleqf)
    _dcmple                                  0x08010ea5   Thumb Code   120  dleqf.o(x$fpl$dleqf)
    __fpl_dcmple_InfNaN                      0x08010f07   Thumb Code     0  dleqf.o(x$fpl$dleqf)
    __aeabi_dmul                             0x08010f1d   Thumb Code     0  dmul.o(x$fpl$dmul)
    _dmul                                    0x08010f1d   Thumb Code   332  dmul.o(x$fpl$dmul)
    __fpl_dnaninf                            0x08011071   Thumb Code   156  dnaninf.o(x$fpl$dnaninf)
    __fpl_dretinf                            0x0801110d   Thumb Code    12  dretinf.o(x$fpl$dretinf)
    __aeabi_cdrcmple                         0x08011119   Thumb Code     0  drleqf.o(x$fpl$drleqf)
    _drcmple                                 0x08011119   Thumb Code   108  drleqf.o(x$fpl$drleqf)
    __aeabi_drsub                            0x08011185   Thumb Code     0  daddsub_clz.o(x$fpl$drsb)
    _drsb                                    0x08011185   Thumb Code    22  daddsub_clz.o(x$fpl$drsb)
    _dsqrt                                   0x0801119d   Thumb Code   404  dsqrt_umaal.o(x$fpl$dsqrt)
    __aeabi_dsub                             0x08011335   Thumb Code     0  daddsub_clz.o(x$fpl$dsub)
    _dsub                                    0x08011335   Thumb Code   464  daddsub_clz.o(x$fpl$dsub)
    __aeabi_f2d                              0x08011509   Thumb Code     0  f2d.o(x$fpl$f2d)
    _f2d                                     0x08011509   Thumb Code    86  f2d.o(x$fpl$f2d)
    __fpl_fnaninf                            0x0801155f   Thumb Code   140  fnaninf.o(x$fpl$fnaninf)
    _fp_init                                 0x080115eb   Thumb Code    10  fpinit.o(x$fpl$fpinit)
    __fplib_config_fpu_vfp                   0x080115f3   Thumb Code     0  fpinit.o(x$fpl$fpinit)
    __fplib_config_pureend_doubles           0x080115f3   Thumb Code     0  fpinit.o(x$fpl$fpinit)
    _frem                                    0x080115f5   Thumb Code   240  frem_clz.o(x$fpl$frem)
    __fpl_fretinf                            0x080116e9   Thumb Code    10  fretinf.o(x$fpl$fretinf)
    __fpl_return_NaN                         0x080116f3   Thumb Code   100  retnan.o(x$fpl$retnan)
    __ARM_scalbn                             0x08011757   Thumb Code    92  scalbn.o(x$fpl$scalbn)
    __fpl_cmpreturn                          0x080117b3   Thumb Code    48  trapv.o(x$fpl$trapveneer)
    __I$use$fp                               0x080117e2   Number         0  usenofp.o(x$fpl$usenofp)
    Task1_attributes                         0x080117e4   Data          36  freertos.o(.constdata)
    Task2_attributes                         0x08011808   Data          36  freertos.o(.constdata)
    Task3_attributes                         0x0801182c   Data          36  freertos.o(.constdata)
    Task4_attributes                         0x08011850   Data          36  freertos.o(.constdata)
    Task5_attributes                         0x08011874   Data          36  freertos.o(.constdata)
    Task6_attributes                         0x08011898   Data          36  freertos.o(.constdata)
    AHBPrescTable                            0x080118c4   Data          16  system_stm32f4xx.o(.constdata)
    APBPrescTable                            0x080118d4   Data           8  system_stm32f4xx.o(.constdata)
    TX_ADDRESS                               0x080118dc   Data           5  nrf24l01.o(.constdata)
    RX_ADDRESS                               0x080118e1   Data           5  nrf24l01.o(.constdata)
    crc_ccitt_table                          0x080118e6   Data         512  go1_sdk.o(.constdata)
    FRAME_TAIL                               0x08011ae6   Data           4  vofa.o(.constdata)
    __mathlib_zero                           0x08011d50   Data           8  qnan.o(.constdata)
    Region$$Table$$Base                      0x08011da8   Number         0  anon$$obj.o(Region$$Table)
    Region$$Table$$Limit                     0x08011dc8   Number         0  anon$$obj.o(Region$$Table)
    Task1Handle                              0x20000000   Data           4  freertos.o(.data)
    Task2Handle                              0x20000004   Data           4  freertos.o(.data)
    Task3Handle                              0x20000008   Data           4  freertos.o(.data)
    Task4Handle                              0x2000000c   Data           4  freertos.o(.data)
    Task5Handle                              0x20000010   Data           4  freertos.o(.data)
    Task6Handle                              0x20000014   Data           4  freertos.o(.data)
    uwTick                                   0x2000001c   Data           4  stm32f4xx_hal.o(.data)
    uwTickPrio                               0x20000020   Data           4  stm32f4xx_hal.o(.data)
    uwTickFreq                               0x20000024   Data           1  stm32f4xx_hal.o(.data)
    SystemCoreClock                          0x20000028   Data           4  system_stm32f4xx.o(.data)
    pxCurrentTCB                             0x2000002c   Data           4  tasks.o(.data)
    RxMsg_CAN1                               0x200000ac   Data           8  can_bsp.o(.data)
    RxMsg_CAN2                               0x200000b4   Data           8  can_bsp.o(.data)
    leftup_motor                             0x200000c0   Data         300  global.declare.o(.data)
    leftdown_motor                           0x200001ec   Data         300  global.declare.o(.data)
    rightup_motor                            0x20000318   Data         300  global.declare.o(.data)
    rightdown_motor                          0x20000444   Data         300  global.declare.o(.data)
    leftup_turn_motor                        0x20000570   Data         300  global.declare.o(.data)
    rightup_turn_motor                       0x2000069c   Data         300  global.declare.o(.data)
    rightdown_turn_motor                     0x200007c8   Data         300  global.declare.o(.data)
    leftdown_turn_motor                      0x200008f4   Data         300  global.declare.o(.data)
    leftup_init_angle                        0x20000a20   Data           4  global.declare.o(.data)
    rightup_init_angle                       0x20000a24   Data           4  global.declare.o(.data)
    leftdown_init_angle                      0x20000a28   Data           4  global.declare.o(.data)
    rightdown_init_angle                     0x20000a2c   Data           4  global.declare.o(.data)
    leftup_init_flag                         0x20000a30   Data           1  global.declare.o(.data)
    rightup_init_flag                        0x20000a31   Data           1  global.declare.o(.data)
    leftdown_init_flag                       0x20000a32   Data           1  global.declare.o(.data)
    rightdown_init_flag                      0x20000a33   Data           1  global.declare.o(.data)
    j60_motor_cmd_down                       0x20000a34   Data          64  global.declare.o(.data)
    j60_down_tor                             0x20000a74   Data           4  global.declare.o(.data)
    j60_Tx                                   0x20000a78   Data           8  global.declare.o(.data)
    go1_send_left                            0x20000a80   Data          84  global.declare.o(.data)
    go1_send_right                           0x20000ad4   Data          84  global.declare.o(.data)
    go1_left_0                               0x20000b28   Data           4  global.declare.o(.data)
    go1_right_0                              0x20000b2c   Data           4  global.declare.o(.data)
    go1_left_init_flag                       0x20000b30   Data           1  global.declare.o(.data)
    go1_right_init_flag                      0x20000b31   Data           1  global.declare.o(.data)
    LineAccelStep                            0x20000b34   Data           4  global.declare.o(.data)
    wheel_encoder_velt_filter                0x20000b38   Data          80  global.declare.o(.data)
    chassis_run                              0x20000b88   Data         340  global.declare.o(.data)
    foot                                     0x20000cdc   Data          24  global.declare.o(.data)
    foot_motor_runtime_flag                  0x20000cf4   Data           1  global.declare.o(.data)
    foot_motor_runtime                       0x20000cf8   Data           4  global.declare.o(.data)
    foot_balance_pid                         0x20000cfc   Data          84  global.declare.o(.data)
    travel_switch                            0x20000d50   Data           1  global.declare.o(.data)
    travel_switch_mode                       0x20000d51   Data           8  global.declare.o(.data)
    FLAG_NRF                                 0x20000d59   Data           1  global.declare.o(.data)
    Js_Value                                 0x20000d5a   Data          10  global.declare.o(.data)
    RC_Key_pre_value                         0x20000d64   Data           2  global.declare.o(.data)
    Tx_complete_flag                         0x20000d66   Data           1  global.declare.o(.data)
    tim_ms                                   0x20000d68   Data           8  global.declare.o(.data)
    time_cnt                                 0x20000d70   Data           8  global.declare.o(.data)
    time_cnt_pre                             0x20000d78   Data           8  global.declare.o(.data)
    up_d_state                               0x20000d80   Data           1  global.declare.o(.data)
    up_s_state                               0x20000d81   Data           1  global.declare.o(.data)
    down_robot_state                         0x20000d82   Data           1  global.declare.o(.data)
    down_flag                                0x20000d83   Data           1  global.declare.o(.data)
    up_d_flag                                0x20000d84   Data           1  global.declare.o(.data)
    up_s_flag                                0x20000d85   Data           1  global.declare.o(.data)
    vision_tx                                0x20000d86   Data           3  global.declare.o(.data)
    block_state                              0x20000d89   Data           4  global.declare.o(.data)
    flag_path_1                              0x20000d8d   Data           1  global.declare.o(.data)
    part_over_flag                           0x20000d8e   Data           1  global.declare.o(.data)
    flag_part_2                              0x20000d8f   Data           1  global.declare.o(.data)
    flag_turn                                0x20000d90   Data           1  global.declare.o(.data)
    turn_action                              0x20000d91   Data           1  global.declare.o(.data)
    judge_123                                0x20000d92   Data           1  global.declare.o(.data)
    flag_part_3                              0x20000d93   Data           1  global.declare.o(.data)
    flag_vision_update                       0x20000d94   Data           1  global.declare.o(.data)
    nav                                      0x20000d98   Data         528  global.declare.o(.data)
    path_state                               0x20000fa8   Data           1  global.declare.o(.data)
    flag_lock                                0x20000fa9   Data           1  global.declare.o(.data)
    TIM2_CNT                                 0x20000fac   Data           4  global.declare.o(.data)
    TIM2_CNT_1                               0x20000fb0   Data           4  global.declare.o(.data)
    flag_point_end                           0x20000fb4   Data           1  global.declare.o(.data)
    point_tim                                0x20000fb8   Data           4  global.declare.o(.data)
    flag_permutation_path                    0x20000fbc   Data           1  global.declare.o(.data)
    flag_point_to_point                      0x20000fbd   Data           1  global.declare.o(.data)
    flag_choose                              0x20000fbe   Data           1  global.declare.o(.data)
    flag_zero                                0x20000fbf   Data           1  global.declare.o(.data)
    flag_rotation                            0x20000fc0   Data           1  global.declare.o(.data)
    tx_complete                              0x20000fc1   Data           1  global.declare.o(.data)
    nrf_renewcnt                             0x20000fc2   Data           1  nrf24l01.o(.data)
    t_run                                    0x20000fc4   Data           4  auto_path.o(.data)
    t_rotation                               0x20000fc8   Data           4  auto_path.o(.data)
    Ts                                       0x20000fcc   Data           4  auto_path.o(.data)
    flag_flag_lock                           0x20000fd0   Data           1  auto_path.o(.data)
    flag_path                                0x20000fd1   Data           1  auto_path.o(.data)
    P_Num                                    0x20000fd2   Data           1  auto_path.o(.data)
    W_Num                                    0x20000fd3   Data           1  auto_path.o(.data)
    point_cnt                                0x20000fd4   Data           1  auto_path.o(.data)
    flag_up_step                             0x20000fd8   Data           1  board_communicate.o(.data)
    flag_down_step                           0x20000fd9   Data           1  board_communicate.o(.data)
    flag_up_R1                               0x20000fda   Data           1  board_communicate.o(.data)
    flag_D_init                              0x20000fdb   Data           1  board_communicate.o(.data)
    flag_D_ready_get_head                    0x20000fdc   Data           1  board_communicate.o(.data)
    flag_D_get_left                          0x20000fdd   Data           1  board_communicate.o(.data)
    flag_D_get_right                         0x20000fde   Data           1  board_communicate.o(.data)
    flag_D_get_block                         0x20000fdf   Data           1  board_communicate.o(.data)
    flag_S_init                              0x20000fe0   Data           1  board_communicate.o(.data)
    flag_S_get_block_down                    0x20000fe1   Data           1  board_communicate.o(.data)
    flag_S_get_block_up                      0x20000fe2   Data           1  board_communicate.o(.data)
    flag_S_get_block_top                     0x20000fe3   Data           1  board_communicate.o(.data)
    flag_S_throw_block_back                  0x20000fe4   Data           1  board_communicate.o(.data)
    flag_S_throw_block_front                 0x20000fe5   Data           1  board_communicate.o(.data)
    flag_S_give_D                            0x20000fe6   Data           1  board_communicate.o(.data)
    flag_S_get_D_block                       0x20000fe7   Data           1  board_communicate.o(.data)
    flag_S_put_block_middle                  0x20000fe8   Data           1  board_communicate.o(.data)
    flag_S_put_block_top                     0x20000fe9   Data           1  board_communicate.o(.data)
    flag_S_hold_block                        0x20000fea   Data           1  board_communicate.o(.data)
    flag_update_tx                           0x20000feb   Data           1  board_communicate.o(.data)
    CHM                                      0x20000fec   Data           4  board_communicate.o(.data)
    hcan1                                    0x2000102c   Data          40  can.o(.bss)
    hcan2                                    0x20001054   Data          40  can.o(.bss)
    hspi2                                    0x2000107c   Data          88  spi.o(.bss)
    htim2                                    0x200010d4   Data          72  tim.o(.bss)
    huart4                                   0x2000111c   Data          72  usart.o(.bss)
    huart5                                   0x20001164   Data          72  usart.o(.bss)
    huart1                                   0x200011ac   Data          72  usart.o(.bss)
    huart2                                   0x200011f4   Data          72  usart.o(.bss)
    huart6                                   0x2000123c   Data          72  usart.o(.bss)
    hdma_uart4_rx                            0x20001284   Data          96  usart.o(.bss)
    hdma_uart4_tx                            0x200012e4   Data          96  usart.o(.bss)
    hdma_uart5_rx                            0x20001344   Data          96  usart.o(.bss)
    hdma_uart5_tx                            0x200013a4   Data          96  usart.o(.bss)
    hdma_usart1_rx                           0x20001404   Data          96  usart.o(.bss)
    hdma_usart1_tx                           0x20001464   Data          96  usart.o(.bss)
    hdma_usart2_rx                           0x200014c4   Data          96  usart.o(.bss)
    hdma_usart2_tx                           0x20001524   Data          96  usart.o(.bss)
    hdma_usart6_rx                           0x20001584   Data          96  usart.o(.bss)
    hdma_usart6_tx                           0x200015e4   Data          96  usart.o(.bss)
    htim6                                    0x20001644   Data          72  stm32f4xx_hal_timebase_tim.o(.bss)
    xQueueRegistry                           0x2000168c   Data          64  queue.o(.bss)
    j60_motor_data_down                      0x20005f90   Data          36  global.declare.o(.bss)
    go1_recv_left                            0x20005fb4   Data          64  global.declare.o(.bss)
    go1_recv_right                           0x20005ff4   Data          64  global.declare.o(.bss)
    stRobot                                  0x20006034   Data          40  global.declare.o(.bss)
    expect_robot_local_Velt                  0x2000605c   Data          24  global.declare.o(.bss)
    steer_velt                               0x20006074   Data          16  global.declare.o(.bss)
    steer_pos                                0x20006084   Data          16  global.declare.o(.bss)
    steer_pos_pre                            0x20006094   Data          16  global.declare.o(.bss)
    friction_feedforward                     0x200060a4   Data          16  global.declare.o(.bss)
    cur_steer_velt                           0x200060b4   Data          16  global.declare.o(.bss)
    foot_g_feedforward                       0x200060c4   Data          12  global.declare.o(.bss)
    dt35_distance                            0x200060d0   Data          10  global.declare.o(.bss)
    dt35_now                                 0x200060dc   Data          60  global.declare.o(.bss)
    monitor                                  0x20006118   Data         172  global.declare.o(.bss)
    vofa                                     0x200061c4   Data          80  global.declare.o(.bss)
    Rx_from_VET                              0x20006214   Data          40  global.declare.o(.bss)
    Tx_to_VET                                0x2000623c   Data          40  global.declare.o(.bss)
    vision_rec                               0x20006264   Data          49  global.declare.o(.bss)
    vision_data_recieve                      0x20006298   Data          72  global.declare.o(.bss)
    block_position                           0x200062e0   Data          60  global.declare.o(.bss)
    Path_Permuta                             0x2000631c   Data        2664  global.declare.o(.bss)
    Path_Point                               0x20006d84   Data          28  global.declare.o(.bss)
    down_tx                                  0x20006da0   Data          17  global.declare.o(.bss)
    down_rx                                  0x20006db1   Data          17  global.declare.o(.bss)
    my_system_monitor                        0x20006dc4   Data         172  global.declare.o(.bss)
    nRF24L01_ack_pay                         0x20006e70   Data          35  nrf24l01.o(.bss)
    nRF24L01_TxBuf                           0x20006e93   Data          32  nrf24l01.o(.bss)
    nRF24L01_RxBuf                           0x20006eb3   Data          32  nrf24l01.o(.bss)
    vofa_data                                0x20006ed3   Data         204  vofa.o(.bss)
    __libspace_start                         0x20006fa0   Data          96  libspace.o(.bss)
    __temporary_stack_top$libspace           0x20007000   Data           0  libspace.o(.bss)



==============================================================================

Memory Map of the image

  Image Entry point : 0x08000189

  Load Region LR_IROM1 (Base: 0x08000000, Size: 0x00012df4, Max: 0x00100000, ABSOLUTE, COMPRESSED[0x0001206c])

    Execution Region ER_IROM1 (Exec base: 0x08000000, Load base: 0x08000000, Size: 0x00011dc8, Max: 0x00100000, ABSOLUTE)

    Exec Addr    Load Addr    Size         Type   Attr      Idx    E Section Name        Object

    0x08000000   0x08000000   0x00000188   Data   RO            3    RESET               startup_stm32f407xx.o
    0x08000188   0x08000188   0x00000008   Code   RO         7039  * !!!main             c_w.l(__main.o)
    0x08000190   0x08000190   0x00000034   Code   RO         7444    !!!scatter          c_w.l(__scatter.o)
    0x080001c4   0x080001c4   0x0000005a   Code   RO         7442    !!dczerorl2         c_w.l(__dczerorl2.o)
    0x0800021e   0x0800021e   0x00000002   PAD
    0x08000220   0x08000220   0x0000001c   Code   RO         7446    !!handler_zi        c_w.l(__scatter_zi.o)
    0x0800023c   0x0800023c   0x00000002   Code   RO         7309    .ARM.Collect$$libinit$$00000000  c_w.l(libinit.o)
    0x0800023e   0x0800023e   0x00000004   Code   RO         7320    .ARM.Collect$$libinit$$00000001  c_w.l(libinit2.o)
    0x08000242   0x08000242   0x00000000   Code   RO         7323    .ARM.Collect$$libinit$$00000004  c_w.l(libinit2.o)
    0x08000242   0x08000242   0x00000000   Code   RO         7326    .ARM.Collect$$libinit$$0000000A  c_w.l(libinit2.o)
    0x08000242   0x08000242   0x00000000   Code   RO         7328    .ARM.Collect$$libinit$$0000000C  c_w.l(libinit2.o)
    0x08000242   0x08000242   0x00000000   Code   RO         7330    .ARM.Collect$$libinit$$0000000E  c_w.l(libinit2.o)
    0x08000242   0x08000242   0x00000000   Code   RO         7333    .ARM.Collect$$libinit$$00000011  c_w.l(libinit2.o)
    0x08000242   0x08000242   0x00000000   Code   RO         7335    .ARM.Collect$$libinit$$00000013  c_w.l(libinit2.o)
    0x08000242   0x08000242   0x00000000   Code   RO         7337    .ARM.Collect$$libinit$$00000015  c_w.l(libinit2.o)
    0x08000242   0x08000242   0x00000000   Code   RO         7339    .ARM.Collect$$libinit$$00000017  c_w.l(libinit2.o)
    0x08000242   0x08000242   0x00000000   Code   RO         7341    .ARM.Collect$$libinit$$00000019  c_w.l(libinit2.o)
    0x08000242   0x08000242   0x00000000   Code   RO         7343    .ARM.Collect$$libinit$$0000001B  c_w.l(libinit2.o)
    0x08000242   0x08000242   0x00000000   Code   RO         7345    .ARM.Collect$$libinit$$0000001D  c_w.l(libinit2.o)
    0x08000242   0x08000242   0x00000000   Code   RO         7347    .ARM.Collect$$libinit$$0000001F  c_w.l(libinit2.o)
    0x08000242   0x08000242   0x00000000   Code   RO         7349    .ARM.Collect$$libinit$$00000021  c_w.l(libinit2.o)
    0x08000242   0x08000242   0x00000000   Code   RO         7351    .ARM.Collect$$libinit$$00000023  c_w.l(libinit2.o)
    0x08000242   0x08000242   0x00000000   Code   RO         7353    .ARM.Collect$$libinit$$00000025  c_w.l(libinit2.o)
    0x08000242   0x08000242   0x00000000   Code   RO         7357    .ARM.Collect$$libinit$$0000002C  c_w.l(libinit2.o)
    0x08000242   0x08000242   0x00000000   Code   RO         7359    .ARM.Collect$$libinit$$0000002E  c_w.l(libinit2.o)
    0x08000242   0x08000242   0x00000000   Code   RO         7361    .ARM.Collect$$libinit$$00000030  c_w.l(libinit2.o)
    0x08000242   0x08000242   0x00000000   Code   RO         7363    .ARM.Collect$$libinit$$00000032  c_w.l(libinit2.o)
    0x08000242   0x08000242   0x00000002   Code   RO         7364    .ARM.Collect$$libinit$$00000033  c_w.l(libinit2.o)
    0x08000244   0x08000244   0x00000002   Code   RO         7397    .ARM.Collect$$libshutdown$$00000000  c_w.l(libshutdown.o)
    0x08000246   0x08000246   0x00000000   Code   RO         7423    .ARM.Collect$$libshutdown$$00000002  c_w.l(libshutdown2.o)
    0x08000246   0x08000246   0x00000000   Code   RO         7425    .ARM.Collect$$libshutdown$$00000004  c_w.l(libshutdown2.o)
    0x08000246   0x08000246   0x00000000   Code   RO         7427    .ARM.Collect$$libshutdown$$00000006  c_w.l(libshutdown2.o)
    0x08000246   0x08000246   0x00000000   Code   RO         7430    .ARM.Collect$$libshutdown$$00000009  c_w.l(libshutdown2.o)
    0x08000246   0x08000246   0x00000000   Code   RO         7433    .ARM.Collect$$libshutdown$$0000000C  c_w.l(libshutdown2.o)
    0x08000246   0x08000246   0x00000000   Code   RO         7435    .ARM.Collect$$libshutdown$$0000000E  c_w.l(libshutdown2.o)
    0x08000246   0x08000246   0x00000000   Code   RO         7438    .ARM.Collect$$libshutdown$$00000011  c_w.l(libshutdown2.o)
    0x08000246   0x08000246   0x00000002   Code   RO         7439    .ARM.Collect$$libshutdown$$00000012  c_w.l(libshutdown2.o)
    0x08000248   0x08000248   0x00000000   Code   RO         7185    .ARM.Collect$$rtentry$$00000000  c_w.l(__rtentry.o)
    0x08000248   0x08000248   0x00000000   Code   RO         7270    .ARM.Collect$$rtentry$$00000002  c_w.l(__rtentry2.o)
    0x08000248   0x08000248   0x00000006   Code   RO         7282    .ARM.Collect$$rtentry$$00000004  c_w.l(__rtentry4.o)
    0x0800024e   0x0800024e   0x00000000   Code   RO         7272    .ARM.Collect$$rtentry$$00000009  c_w.l(__rtentry2.o)
    0x0800024e   0x0800024e   0x00000004   Code   RO         7273    .ARM.Collect$$rtentry$$0000000A  c_w.l(__rtentry2.o)
    0x08000252   0x08000252   0x00000000   Code   RO         7275    .ARM.Collect$$rtentry$$0000000C  c_w.l(__rtentry2.o)
    0x08000252   0x08000252   0x00000008   Code   RO         7276    .ARM.Collect$$rtentry$$0000000D  c_w.l(__rtentry2.o)
    0x0800025a   0x0800025a   0x00000002   Code   RO         7312    .ARM.Collect$$rtexit$$00000000  c_w.l(rtexit.o)
    0x0800025c   0x0800025c   0x00000000   Code   RO         7370    .ARM.Collect$$rtexit$$00000002  c_w.l(rtexit2.o)
    0x0800025c   0x0800025c   0x00000004   Code   RO         7371    .ARM.Collect$$rtexit$$00000003  c_w.l(rtexit2.o)
    0x08000260   0x08000260   0x00000006   Code   RO         7372    .ARM.Collect$$rtexit$$00000004  c_w.l(rtexit2.o)
    0x08000266   0x08000266   0x00000002   PAD
    0x08000268   0x08000268   0x000000be   Code   RO         5859    .emb_text           port.o
    0x08000326   0x08000326   0x00000002   PAD
    0x08000328   0x08000328   0x00000040   Code   RO            4    .text               startup_stm32f407xx.o
    0x08000368   0x08000368   0x000000ee   Code   RO         7025    .text               c_w.l(lludivv7m.o)
    0x08000456   0x08000456   0x0000008a   Code   RO         7027    .text               c_w.l(rt_memcpy_v6.o)
    0x080004e0   0x080004e0   0x00000064   Code   RO         7029    .text               c_w.l(rt_memcpy_w.o)
    0x08000544   0x08000544   0x00000010   Code   RO         7033    .text               c_w.l(aeabi_memset.o)
    0x08000554   0x08000554   0x0000004e   Code   RO         7035    .text               c_w.l(rt_memclr_w.o)
    0x080005a2   0x080005a2   0x00000006   Code   RO         7037    .text               c_w.l(heapauxi.o)
    0x080005a8   0x080005a8   0x00000016   Code   RO         7190    .text               c_w.l(_rserrno.o)
    0x080005be   0x080005be   0x00000044   Code   RO         7192    .text               c_w.l(rt_memclr.o)
    0x08000602   0x08000602   0x00000002   PAD
    0x08000604   0x08000604   0x00000008   Code   RO         7289    .text               c_w.l(rt_errno_addr_intlibspace.o)
    0x0800060c   0x0800060c   0x00000008   Code   RO         7293    .text               c_w.l(libspace.o)
    0x08000614   0x08000614   0x0000004a   Code   RO         7296    .text               c_w.l(sys_stackheap_outer.o)
    0x0800065e   0x0800065e   0x00000012   Code   RO         7298    .text               c_w.l(exit.o)
    0x08000670   0x08000670   0x0000000c   Code   RO         7367    .text               c_w.l(sys_exit.o)
    0x0800067c   0x0800067c   0x00000002   Code   RO         7386    .text               c_w.l(use_no_semi.o)
    0x0800067e   0x0800067e   0x00000000   Code   RO         7388    .text               c_w.l(indicate_semi.o)
    0x0800067e   0x0800067e   0x00000060   Code   RO         6250    i.Abs_Encoder_Process_DJI  motor_dji_sdk.o
    0x080006de   0x080006de   0x00000004   Code   RO          701    i.BusFault_Handler  stm32f4xx_it.o
    0x080006e2   0x080006e2   0x00000002   PAD
    0x080006e4   0x080006e4   0x00000048   Code   RO         6084    i.CAN1_FILTER_CONFIG  can_bsp.o
    0x0800072c   0x0800072c   0x00000010   Code   RO          702    i.CAN1_RX0_IRQHandler  stm32f4xx_it.o
    0x0800073c   0x0800073c   0x00000048   Code   RO         6085    i.CAN2_FILTER_CONFIG  can_bsp.o
    0x08000784   0x08000784   0x00000010   Code   RO          703    i.CAN2_RX0_IRQHandler  stm32f4xx_it.o
    0x08000794   0x08000794   0x00000054   Code   RO         6086    i.CAN_SendCurrent   can_bsp.o
    0x080007e8   0x080007e8   0x00000188   Code   RO         6087    i.CAN_SendData_J60  can_bsp.o
    0x08000970   0x08000970   0x0000004c   Code   RO         6088    i.CANx_SendStdData  can_bsp.o
    0x080009bc   0x080009bc   0x000001ec   Code   RO         5939    i.CalTD             algorithm.o
    0x08000ba8   0x08000ba8   0x00000050   Code   RO         5940    i.Cal_Angle_Error   algorithm.o
    0x08000bf8   0x08000bf8   0x000002a0   Code   RO         6898    i.CalculateVelocities  remote_control.o
    0x08000e98   0x08000e98   0x00000224   Code   RO         6600    i.CheckPathEnd      auto_path.o
    0x080010bc   0x080010bc   0x0000002a   Code   RO         5943    i.ClipFloat         algorithm.o
    0x080010e6   0x080010e6   0x00000002   PAD
    0x080010e8   0x080010e8   0x00000064   Code   RO         5944    i.ConvertAngle      algorithm.o
    0x0800114c   0x0800114c   0x00000124   Code   RO         5945    i.Convert_velt      algorithm.o
    0x08001270   0x08001270   0x00000160   Code   RO         5946    i.Covert_coordinate  algorithm.o
    0x080013d0   0x080013d0   0x000000ec   Code   RO         6251    i.DJI_ControlLoop   motor_dji_sdk.o
    0x080014bc   0x080014bc   0x00000010   Code   RO          704    i.DMA1_Stream0_IRQHandler  stm32f4xx_it.o
    0x080014cc   0x080014cc   0x00000010   Code   RO          705    i.DMA1_Stream2_IRQHandler  stm32f4xx_it.o
    0x080014dc   0x080014dc   0x00000010   Code   RO          706    i.DMA1_Stream4_IRQHandler  stm32f4xx_it.o
    0x080014ec   0x080014ec   0x00000010   Code   RO          707    i.DMA1_Stream5_IRQHandler  stm32f4xx_it.o
    0x080014fc   0x080014fc   0x00000010   Code   RO          708    i.DMA1_Stream6_IRQHandler  stm32f4xx_it.o
    0x0800150c   0x0800150c   0x00000010   Code   RO          709    i.DMA1_Stream7_IRQHandler  stm32f4xx_it.o
    0x0800151c   0x0800151c   0x00000010   Code   RO          710    i.DMA2_Stream1_IRQHandler  stm32f4xx_it.o
    0x0800152c   0x0800152c   0x00000010   Code   RO          711    i.DMA2_Stream2_IRQHandler  stm32f4xx_it.o
    0x0800153c   0x0800153c   0x00000010   Code   RO          712    i.DMA2_Stream6_IRQHandler  stm32f4xx_it.o
    0x0800154c   0x0800154c   0x00000010   Code   RO          713    i.DMA2_Stream7_IRQHandler  stm32f4xx_it.o
    0x0800155c   0x0800155c   0x00000034   Code   RO         2670    i.DMA_CalcBaseAndBitshift  stm32f4xx_hal_dma.o
    0x08001590   0x08001590   0x000000aa   Code   RO         2671    i.DMA_CheckFifoParam  stm32f4xx_hal_dma.o
    0x0800163a   0x0800163a   0x0000002c   Code   RO         2672    i.DMA_SetConfig     stm32f4xx_hal_dma.o
    0x08001666   0x08001666   0x00000002   PAD
    0x08001668   0x08001668   0x00000090   Code   RO         6899    i.Deal_Key_State    remote_control.o
    0x080016f8   0x080016f8   0x00000002   Code   RO          714    i.DebugMon_Handler  stm32f4xx_it.o
    0x080016fa   0x080016fa   0x00000002   PAD
    0x080016fc   0x080016fc   0x00000268   Code   RO         6169    i.Drive_Chassis     chassis.o
    0x08001964   0x08001964   0x00000006   Code   RO           13    i.Error_Handler     main.o
    0x0800196a   0x0800196a   0x00000002   PAD
    0x0800196c   0x0800196c   0x0000002c   Code   RO         6859    i.Foot_DT35_distance_check  foot.o
    0x08001998   0x08001998   0x00001a7c   Code   RO         6860    i.Foot_WorkLoop     foot.o
    0x08003414   0x08003414   0x0000005a   Code   RO         6478    i.GO1_Tx            go1_sdk.o
    0x0800346e   0x0800346e   0x00000002   PAD
    0x08003470   0x08003470   0x00000094   Code   RO         5947    i.Geometric_mean    algorithm.o
    0x08003504   0x08003504   0x0000001a   Code   RO         6253    i.GetEncoderNumber_DJI  motor_dji_sdk.o
    0x0800351e   0x0800351e   0x00000032   Code   RO         6254    i.GetSpeed_DJI      motor_dji_sdk.o
    0x08003550   0x08003550   0x0000002a   Code   RO         1933    i.HAL_CAN_ActivateNotification  stm32f4xx_hal_can.o
    0x0800357a   0x0800357a   0x0000014a   Code   RO         1934    i.HAL_CAN_AddTxMessage  stm32f4xx_hal_can.o
    0x080036c4   0x080036c4   0x00000120   Code   RO         1935    i.HAL_CAN_ConfigFilter  stm32f4xx_hal_can.o
    0x080037e4   0x080037e4   0x00000002   Code   RO         1938    i.HAL_CAN_ErrorCallback  stm32f4xx_hal_can.o
    0x080037e6   0x080037e6   0x00000194   Code   RO         1941    i.HAL_CAN_GetRxMessage  stm32f4xx_hal_can.o
    0x0800397a   0x0800397a   0x0000024e   Code   RO         1945    i.HAL_CAN_IRQHandler  stm32f4xx_hal_can.o
    0x08003bc8   0x08003bc8   0x00000174   Code   RO         1946    i.HAL_CAN_Init      stm32f4xx_hal_can.o
    0x08003d3c   0x08003d3c   0x00000160   Code   RO          476    i.HAL_CAN_MspInit   can.o
    0x08003e9c   0x08003e9c   0x00000002   Code   RO         1953    i.HAL_CAN_RxFifo0FullCallback  stm32f4xx_hal_can.o
    0x08003e9e   0x08003e9e   0x00000002   PAD
    0x08003ea0   0x08003ea0   0x0000052c   Code   RO         6089    i.HAL_CAN_RxFifo0MsgPendingCallback  can_bsp.o
    0x080043cc   0x080043cc   0x00000002   Code   RO         1955    i.HAL_CAN_RxFifo1FullCallback  stm32f4xx_hal_can.o
    0x080043ce   0x080043ce   0x00000002   Code   RO         1956    i.HAL_CAN_RxFifo1MsgPendingCallback  stm32f4xx_hal_can.o
    0x080043d0   0x080043d0   0x00000002   Code   RO         1957    i.HAL_CAN_SleepCallback  stm32f4xx_hal_can.o
    0x080043d2   0x080043d2   0x0000005e   Code   RO         1958    i.HAL_CAN_Start     stm32f4xx_hal_can.o
    0x08004430   0x08004430   0x00000002   Code   RO         1960    i.HAL_CAN_TxMailbox0AbortCallback  stm32f4xx_hal_can.o
    0x08004432   0x08004432   0x00000002   Code   RO         1961    i.HAL_CAN_TxMailbox0CompleteCallback  stm32f4xx_hal_can.o
    0x08004434   0x08004434   0x00000002   Code   RO         1962    i.HAL_CAN_TxMailbox1AbortCallback  stm32f4xx_hal_can.o
    0x08004436   0x08004436   0x00000002   Code   RO         1963    i.HAL_CAN_TxMailbox1CompleteCallback  stm32f4xx_hal_can.o
    0x08004438   0x08004438   0x00000002   Code   RO         1964    i.HAL_CAN_TxMailbox2AbortCallback  stm32f4xx_hal_can.o
    0x0800443a   0x0800443a   0x00000002   Code   RO         1965    i.HAL_CAN_TxMailbox2CompleteCallback  stm32f4xx_hal_can.o
    0x0800443c   0x0800443c   0x00000002   Code   RO         1967    i.HAL_CAN_WakeUpFromRxMsgCallback  stm32f4xx_hal_can.o
    0x0800443e   0x0800443e   0x000000ac   Code   RO         2673    i.HAL_DMA_Abort     stm32f4xx_hal_dma.o
    0x080044ea   0x080044ea   0x00000028   Code   RO         2674    i.HAL_DMA_Abort_IT  stm32f4xx_hal_dma.o
    0x08004512   0x08004512   0x00000002   PAD
    0x08004514   0x08004514   0x00000240   Code   RO         2678    i.HAL_DMA_IRQHandler  stm32f4xx_hal_dma.o
    0x08004754   0x08004754   0x000000ec   Code   RO         2679    i.HAL_DMA_Init      stm32f4xx_hal_dma.o
    0x08004840   0x08004840   0x00000092   Code   RO         2683    i.HAL_DMA_Start_IT  stm32f4xx_hal_dma.o
    0x080048d2   0x080048d2   0x00000002   PAD
    0x080048d4   0x080048d4   0x000001f4   Code   RO         2566    i.HAL_GPIO_Init     stm32f4xx_hal_gpio.o
    0x08004ac8   0x08004ac8   0x0000000c   Code   RO         2570    i.HAL_GPIO_WritePin  stm32f4xx_hal_gpio.o
    0x08004ad4   0x08004ad4   0x0000000c   Code   RO         3121    i.HAL_GetTick       stm32f4xx_hal.o
    0x08004ae0   0x08004ae0   0x00000018   Code   RO         3127    i.HAL_IncTick       stm32f4xx_hal.o
    0x08004af8   0x08004af8   0x0000003c   Code   RO         3128    i.HAL_Init          stm32f4xx_hal.o
    0x08004b34   0x08004b34   0x000000b4   Code   RO          909    i.HAL_InitTick      stm32f4xx_hal_timebase_tim.o
    0x08004be8   0x08004be8   0x00000054   Code   RO          885    i.HAL_MspInit       stm32f4xx_hal_msp.o
    0x08004c3c   0x08004c3c   0x00000028   Code   RO         2958    i.HAL_NVIC_EnableIRQ  stm32f4xx_hal_cortex.o
    0x08004c64   0x08004c64   0x0000007c   Code   RO         2964    i.HAL_NVIC_SetPriority  stm32f4xx_hal_cortex.o
    0x08004ce0   0x08004ce0   0x00000028   Code   RO         2965    i.HAL_NVIC_SetPriorityGrouping  stm32f4xx_hal_cortex.o
    0x08004d08   0x08004d08   0x00000184   Code   RO         2167    i.HAL_RCC_ClockConfig  stm32f4xx_hal_rcc.o
    0x08004e8c   0x08004e8c   0x00000044   Code   RO         2171    i.HAL_RCC_GetClockConfig  stm32f4xx_hal_rcc.o
    0x08004ed0   0x08004ed0   0x0000000c   Code   RO         2172    i.HAL_RCC_GetHCLKFreq  stm32f4xx_hal_rcc.o
    0x08004edc   0x08004edc   0x00000020   Code   RO         2174    i.HAL_RCC_GetPCLK1Freq  stm32f4xx_hal_rcc.o
    0x08004efc   0x08004efc   0x00000020   Code   RO         2175    i.HAL_RCC_GetPCLK2Freq  stm32f4xx_hal_rcc.o
    0x08004f1c   0x08004f1c   0x000000b0   Code   RO         2176    i.HAL_RCC_GetSysClockFreq  stm32f4xx_hal_rcc.o
    0x08004fcc   0x08004fcc   0x0000049c   Code   RO         2179    i.HAL_RCC_OscConfig  stm32f4xx_hal_rcc.o
    0x08005468   0x08005468   0x00000002   Code   RO         3373    i.HAL_SPI_ErrorCallback  stm32f4xx_hal_spi.o
    0x0800546a   0x0800546a   0x00000002   PAD
    0x0800546c   0x0800546c   0x0000015c   Code   RO         3376    i.HAL_SPI_IRQHandler  stm32f4xx_hal_spi.o
    0x080055c8   0x080055c8   0x000000c8   Code   RO         3377    i.HAL_SPI_Init      stm32f4xx_hal_spi.o
    0x08005690   0x08005690   0x00000098   Code   RO          552    i.HAL_SPI_MspInit   spi.o
    0x08005728   0x08005728   0x00000248   Code   RO         3386    i.HAL_SPI_TransmitReceive  stm32f4xx_hal_spi.o
    0x08005970   0x08005970   0x00000002   Code   RO         1665    i.HAL_TIMEx_BreakCallback  stm32f4xx_hal_tim_ex.o
    0x08005972   0x08005972   0x00000002   Code   RO         1666    i.HAL_TIMEx_CommutCallback  stm32f4xx_hal_tim_ex.o
    0x08005974   0x08005974   0x000000b4   Code   RO         1684    i.HAL_TIMEx_MasterConfigSynchronization  stm32f4xx_hal_tim_ex.o
    0x08005a28   0x08005a28   0x00000066   Code   RO          950    i.HAL_TIM_Base_Init  stm32f4xx_hal_tim.o
    0x08005a8e   0x08005a8e   0x00000002   PAD
    0x08005a90   0x08005a90   0x00000044   Code   RO          594    i.HAL_TIM_Base_MspInit  tim.o
    0x08005ad4   0x08005ad4   0x000000a8   Code   RO          955    i.HAL_TIM_Base_Start_IT  stm32f4xx_hal_tim.o
    0x08005b7c   0x08005b7c   0x0000010c   Code   RO          959    i.HAL_TIM_ConfigClockSource  stm32f4xx_hal_tim.o
    0x08005c88   0x08005c88   0x00000002   Code   RO          984    i.HAL_TIM_IC_CaptureCallback  stm32f4xx_hal_tim.o
    0x08005c8a   0x08005c8a   0x0000016c   Code   RO          998    i.HAL_TIM_IRQHandler  stm32f4xx_hal_tim.o
    0x08005df6   0x08005df6   0x00000002   Code   RO         1001    i.HAL_TIM_OC_DelayElapsedCallback  stm32f4xx_hal_tim.o
    0x08005df8   0x08005df8   0x00000002   Code   RO         1028    i.HAL_TIM_PWM_PulseFinishedCallback  stm32f4xx_hal_tim.o
    0x08005dfa   0x08005dfa   0x00000002   PAD
    0x08005dfc   0x08005dfc   0x00000018   Code   RO           14    i.HAL_TIM_PeriodElapsedCallback  main.o
    0x08005e14   0x08005e14   0x00000002   Code   RO         1041    i.HAL_TIM_TriggerCallback  stm32f4xx_hal_tim.o
    0x08005e16   0x08005e16   0x00000002   Code   RO         3700    i.HAL_UARTEx_RxEventCallback  stm32f4xx_hal_uart.o
    0x08005e18   0x08005e18   0x000000aa   Code   RO         3711    i.HAL_UART_DMAResume  stm32f4xx_hal_uart.o
    0x08005ec2   0x08005ec2   0x00000002   Code   RO         3714    i.HAL_UART_ErrorCallback  stm32f4xx_hal_uart.o
    0x08005ec4   0x08005ec4   0x00000308   Code   RO         3717    i.HAL_UART_IRQHandler  stm32f4xx_hal_uart.o
    0x080061cc   0x080061cc   0x00000076   Code   RO         3718    i.HAL_UART_Init     stm32f4xx_hal_uart.o
    0x08006242   0x08006242   0x00000002   PAD
    0x08006244   0x08006244   0x0000057c   Code   RO          636    i.HAL_UART_MspInit  usart.o
    0x080067c0   0x080067c0   0x0000002c   Code   RO         3722    i.HAL_UART_Receive_DMA  stm32f4xx_hal_uart.o
    0x080067ec   0x080067ec   0x00000002   Code   RO         3724    i.HAL_UART_RxCpltCallback  stm32f4xx_hal_uart.o
    0x080067ee   0x080067ee   0x00000002   Code   RO         3725    i.HAL_UART_RxHalfCpltCallback  stm32f4xx_hal_uart.o
    0x080067f0   0x080067f0   0x0000009c   Code   RO         3727    i.HAL_UART_Transmit_DMA  stm32f4xx_hal_uart.o
    0x0800688c   0x0800688c   0x00000050   Code   RO          715    i.HAL_UART_TxCpltCallback  stm32f4xx_it.o
    0x080068dc   0x080068dc   0x00000002   Code   RO         3730    i.HAL_UART_TxHalfCpltCallback  stm32f4xx_hal_uart.o
    0x080068de   0x080068de   0x00000004   Code   RO          716    i.HardFault_Handler  stm32f4xx_it.o
    0x080068e2   0x080068e2   0x00000008   Code   RO         6408    i.J60_FormCanId     j60_sdk.o
    0x080068ea   0x080068ea   0x00000002   PAD
    0x080068ec   0x080068ec   0x000000cc   Code   RO         6409    i.J60_LOOP_CONTROL  j60_sdk.o
    0x080069b8   0x080069b8   0x00000014   Code   RO         6411    i.J60_MOTOR_ENABLE  j60_sdk.o
    0x080069cc   0x080069cc   0x00000164   Code   RO         6414    i.J60_Unpack_Feedback  j60_sdk.o
    0x08006b30   0x08006b30   0x00000042   Code   RO         5948    i.LpFilter          algorithm.o
    0x08006b72   0x08006b72   0x00000002   PAD
    0x08006b74   0x08006b74   0x00000048   Code   RO          477    i.MX_CAN1_Init      can.o
    0x08006bbc   0x08006bbc   0x00000048   Code   RO          478    i.MX_CAN2_Init      can.o
    0x08006c04   0x08006c04   0x000000e8   Code   RO          524    i.MX_DMA_Init       dma.o
    0x08006cec   0x08006cec   0x000000a0   Code   RO          366    i.MX_FREERTOS_Init  freertos.o
    0x08006d8c   0x08006d8c   0x00000114   Code   RO          243    i.MX_GPIO_Init      gpio.o
    0x08006ea0   0x08006ea0   0x00000044   Code   RO          553    i.MX_SPI2_Init      spi.o
    0x08006ee4   0x08006ee4   0x0000006c   Code   RO          595    i.MX_TIM2_Init      tim.o
    0x08006f50   0x08006f50   0x0000003c   Code   RO          637    i.MX_UART4_Init     usart.o
    0x08006f8c   0x08006f8c   0x00000038   Code   RO          638    i.MX_UART5_Init     usart.o
    0x08006fc4   0x08006fc4   0x00000038   Code   RO          639    i.MX_USART1_UART_Init  usart.o
    0x08006ffc   0x08006ffc   0x0000003c   Code   RO          640    i.MX_USART2_UART_Init  usart.o
    0x08007038   0x08007038   0x00000038   Code   RO          641    i.MX_USART6_UART_Init  usart.o
    0x08007070   0x08007070   0x00000004   Code   RO          717    i.MemManage_Handler  stm32f4xx_it.o
    0x08007074   0x08007074   0x00000004   Code   RO          718    i.NMI_Handler       stm32f4xx_it.o
    0x08007078   0x08007078   0x0000004c   Code   RO         6298    i.NRF24L01_Check    nrf24l01.o
    0x080070c4   0x080070c4   0x0000006c   Code   RO         6299    i.NRF24L01_RX_Mode  nrf24l01.o
    0x08007130   0x08007130   0x00000050   Code   RO         6300    i.NRF24L01_Read_Buf  nrf24l01.o
    0x08007180   0x08007180   0x00000038   Code   RO         6301    i.NRF24L01_Read_Reg  nrf24l01.o
    0x080071b8   0x080071b8   0x00000074   Code   RO         6302    i.NRF24L01_RxPacket  nrf24l01.o
    0x0800722c   0x0800722c   0x00000034   Code   RO         6303    i.NRF24L01_Rx_AckPayload  nrf24l01.o
    0x08007260   0x08007260   0x00000050   Code   RO         6307    i.NRF24L01_Write_Buf  nrf24l01.o
    0x080072b0   0x080072b0   0x0000003c   Code   RO         6308    i.NRF24L01_Write_Reg  nrf24l01.o
    0x080072ec   0x080072ec   0x0000060c   Code   RO         6601    i.NavPosition       auto_path.o
    0x080078f8   0x080078f8   0x00000228   Code   RO         6602    i.NavRotation       auto_path.o
    0x08007b20   0x08007b20   0x00000574   Code   RO         6777    i.Navigate_Task     navigate.o
    0x08008094   0x08008094   0x0000019c   Code   RO         5949    i.PID_Calc          algorithm.o
    0x08008230   0x08008230   0x00000214   Code   RO         5950    i.PID_Calc_Angle    algorithm.o
    0x08008444   0x08008444   0x0000020c   Code   RO         5951    i.PID_Calc_Pos      algorithm.o
    0x08008650   0x08008650   0x00000780   Code   RO         6603    i.Path_Permutation  auto_path.o
    0x08008dd0   0x08008dd0   0x000000bc   Code   RO         6604    i.Path_Permutation_Set_1_0  auto_path.o
    0x08008e8c   0x08008e8c   0x000000dc   Code   RO         6605    i.Path_Permutation_Set_1_1  auto_path.o
    0x08008f68   0x08008f68   0x000000e4   Code   RO         6606    i.Path_Permutation_Set_1_2  auto_path.o
    0x0800904c   0x0800904c   0x000000e4   Code   RO         6607    i.Path_Permutation_Set_1_3  auto_path.o
    0x08009130   0x08009130   0x000000bc   Code   RO         6608    i.Path_Permutation_Set_1to2  auto_path.o
    0x080091ec   0x080091ec   0x00000198   Code   RO         6609    i.Path_Permutation_Set_3_10  auto_path.o
    0x08009384   0x08009384   0x00000184   Code   RO         6610    i.Path_Permutation_Set_3_12  auto_path.o
    0x08009508   0x08009508   0x000000bc   Code   RO         6611    i.Path_Permutation_Set_3to2  auto_path.o
    0x080095c4   0x080095c4   0x000001b0   Code   RO         6612    i.Point_to_Point    auto_path.o
    0x08009774   0x08009774   0x000001e0   Code   RO         6613    i.Rotation_Permutation  auto_path.o
    0x08009954   0x08009954   0x00000080   Code   RO         6614    i.Rotation_Permutation_Set_1  auto_path.o
    0x080099d4   0x080099d4   0x00000080   Code   RO         6615    i.Rotation_Permutation_Set_2  auto_path.o
    0x08009a54   0x08009a54   0x00000084   Code   RO         6616    i.Rotation_Permutation_Set_3  auto_path.o
    0x08009ad8   0x08009ad8   0x00000084   Code   RO         6617    i.SET_NAV_PATH_PERMUTATION  auto_path.o
    0x08009b5c   0x08009b5c   0x00000010   Code   RO          719    i.SPI2_IRQHandler   stm32f4xx_it.o
    0x08009b6c   0x08009b6c   0x00000014   Code   RO         3404    i.SPI_DMAAbortOnError  stm32f4xx_hal_spi.o
    0x08009b80   0x08009b80   0x00000088   Code   RO         3415    i.SPI_EndRxTxTransaction  stm32f4xx_hal_spi.o
    0x08009c08   0x08009c08   0x000000d8   Code   RO         3420    i.SPI_WaitFlagStateUntilTimeout  stm32f4xx_hal_spi.o
    0x08009ce0   0x08009ce0   0x00000024   Code   RO         6311    i.SPIx_ReadWriteByte  nrf24l01.o
    0x08009d04   0x08009d04   0x00000030   Code   RO         5952    i.Sgn               algorithm.o
    0x08009d34   0x08009d34   0x00000660   Code   RO         6170    i.SpeedDistribute_Four_SteeringWheel  chassis.o
    0x0800a394   0x0800a394   0x00000016   Code   RO         5270    i.SysTick_Handler   cmsis_os2.o
    0x0800a3aa   0x0800a3aa   0x00000002   PAD
    0x0800a3ac   0x0800a3ac   0x000000b4   Code   RO           15    i.SystemClock_Config  main.o
    0x0800a460   0x0800a460   0x00000014   Code   RO         4062    i.SystemInit        system_stm32f4xx.o
    0x0800a474   0x0800a474   0x000000e0   Code   RO          367    i.TASK1             freertos.o
    0x0800a554   0x0800a554   0x00000020   Code   RO          368    i.TASK2             freertos.o
    0x0800a574   0x0800a574   0x00000020   Code   RO          369    i.TASK3             freertos.o
    0x0800a594   0x0800a594   0x00000020   Code   RO          370    i.TASK4             freertos.o
    0x0800a5b4   0x0800a5b4   0x00000030   Code   RO          371    i.TASK5             freertos.o
    0x0800a5e4   0x0800a5e4   0x000000d4   Code   RO          372    i.TASK6             freertos.o
    0x0800a6b8   0x0800a6b8   0x000001f0   Code   RO          720    i.TIM2_IRQHandler   stm32f4xx_it.o
    0x0800a8a8   0x0800a8a8   0x00000010   Code   RO          721    i.TIM6_DAC_IRQHandler  stm32f4xx_it.o
    0x0800a8b8   0x0800a8b8   0x000000e0   Code   RO         1043    i.TIM_Base_SetConfig  stm32f4xx_hal_tim.o
    0x0800a998   0x0800a998   0x00000016   Code   RO         1054    i.TIM_ETR_SetConfig  stm32f4xx_hal_tim.o
    0x0800a9ae   0x0800a9ae   0x00000012   Code   RO         1055    i.TIM_ITRx_SetConfig  stm32f4xx_hal_tim.o
    0x0800a9c0   0x0800a9c0   0x00000026   Code   RO         1061    i.TIM_TI1_ConfigInputStage  stm32f4xx_hal_tim.o
    0x0800a9e6   0x0800a9e6   0x00000028   Code   RO         1063    i.TIM_TI2_ConfigInputStage  stm32f4xx_hal_tim.o
    0x0800aa0e   0x0800aa0e   0x0000001a   Code   RO         6090    i.TravelSwitchDataDeal  can_bsp.o
    0x0800aa28   0x0800aa28   0x000000b8   Code   RO          722    i.UART4_IRQHandler  stm32f4xx_it.o
    0x0800aae0   0x0800aae0   0x00000088   Code   RO          723    i.UART5_IRQHandler  stm32f4xx_it.o
    0x0800ab68   0x0800ab68   0x00000012   Code   RO         3731    i.UART_DMAAbortOnError  stm32f4xx_hal_uart.o
    0x0800ab7a   0x0800ab7a   0x00000050   Code   RO         3732    i.UART_DMAError     stm32f4xx_hal_uart.o
    0x0800abca   0x0800abca   0x000000b4   Code   RO         3733    i.UART_DMAReceiveCplt  stm32f4xx_hal_uart.o
    0x0800ac7e   0x0800ac7e   0x00000024   Code   RO         3735    i.UART_DMARxHalfCplt  stm32f4xx_hal_uart.o
    0x0800aca2   0x0800aca2   0x00000058   Code   RO         3737    i.UART_DMATransmitCplt  stm32f4xx_hal_uart.o
    0x0800acfa   0x0800acfa   0x0000000e   Code   RO         3739    i.UART_DMATxHalfCplt  stm32f4xx_hal_uart.o
    0x0800ad08   0x0800ad08   0x0000006c   Code   RO         3741    i.UART_EndRxTransfer  stm32f4xx_hal_uart.o
    0x0800ad74   0x0800ad74   0x00000020   Code   RO         3742    i.UART_EndTransmit_IT  stm32f4xx_hal_uart.o
    0x0800ad94   0x0800ad94   0x00000026   Code   RO         3743    i.UART_EndTxTransfer  stm32f4xx_hal_uart.o
    0x0800adba   0x0800adba   0x000000fc   Code   RO         3744    i.UART_Receive_IT   stm32f4xx_hal_uart.o
    0x0800aeb6   0x0800aeb6   0x00000002   PAD
    0x0800aeb8   0x0800aeb8   0x0000022c   Code   RO         3745    i.UART_SetConfig    stm32f4xx_hal_uart.o
    0x0800b0e4   0x0800b0e4   0x000000d8   Code   RO         3746    i.UART_Start_Receive_DMA  stm32f4xx_hal_uart.o
    0x0800b1bc   0x0800b1bc   0x00000060   Code   RO         3748    i.UART_Transmit_IT  stm32f4xx_hal_uart.o
    0x0800b21c   0x0800b21c   0x00000180   Code   RO         6618    i.UP_DOWN_Velt_Set  auto_path.o
    0x0800b39c   0x0800b39c   0x00000080   Code   RO          724    i.USART1_IRQHandler  stm32f4xx_it.o
    0x0800b41c   0x0800b41c   0x000000b8   Code   RO          725    i.USART2_IRQHandler  stm32f4xx_it.o
    0x0800b4d4   0x0800b4d4   0x00000010   Code   RO          726    i.USART6_IRQHandler  stm32f4xx_it.o
    0x0800b4e4   0x0800b4e4   0x000000dc   Code   RO         6811    i.Upper_Data_Recieve_Deal  board_communicate.o
    0x0800b5c0   0x0800b5c0   0x00000024   Code   RO         6812    i.Upper_Lower_Communication  board_communicate.o
    0x0800b5e4   0x0800b5e4   0x00000004   Code   RO          727    i.UsageFault_Handler  stm32f4xx_it.o
    0x0800b5e8   0x0800b5e8   0x000000d8   Code   RO         6530    i.VOFA_pack_data    vofa.o
    0x0800b6c0   0x0800b6c0   0x00000050   Code   RO         6531    i.VOFA_transmit_data  vofa.o
    0x0800b710   0x0800b710   0x00000098   Code   RO         6996    i.Vision_Data_Deal  vision.o
    0x0800b7a8   0x0800b7a8   0x00000028   Code   RO         6997    i.Vision_Transmit   vision.o
    0x0800b7d0   0x0800b7d0   0x00000368   Code   RO         6750    i.Vision_location   locate.o
    0x0800bb38   0x0800bb38   0x00000030   Code   RO         7245    i.__ARM_fpclassify  m_wm.l(fpclassify.o)
    0x0800bb68   0x0800bb68   0x00000026   Code   RO         7247    i.__ARM_fpclassifyf  m_wm.l(fpclassifyf.o)
    0x0800bb8e   0x0800bb8e   0x00000002   PAD
    0x0800bb90   0x0800bb90   0x00000010   Code   RO         2971    i.__NVIC_GetPriorityGrouping  stm32f4xx_hal_cortex.o
    0x0800bba0   0x0800bba0   0x00000028   Code   RO         2972    i.__NVIC_SetPriority  stm32f4xx_hal_cortex.o
    0x0800bbc8   0x0800bbc8   0x00000006   Code   RO         5272    i.__get_IPSR        cmsis_os2.o
    0x0800bbce   0x0800bbce   0x00000002   PAD
    0x0800bbd0   0x0800bbd0   0x000002d8   Code   RO         7217    i.__hardfp_atan     m_wm.l(atan.o)
    0x0800bea8   0x0800bea8   0x00000200   Code   RO         7067    i.__hardfp_atan2    m_wm.l(atan2.o)
    0x0800c0a8   0x0800c0a8   0x000002ac   Code   RO         7079    i.__hardfp_atan2f   m_wm.l(atan2f.o)
    0x0800c354   0x0800c354   0x00000150   Code   RO         7091    i.__hardfp_cosf     m_wm.l(cosf.o)
    0x0800c4a4   0x0800c4a4   0x00000014   Code   RO         7103    i.__hardfp_fabs     m_wm.l(fabs.o)
    0x0800c4b8   0x0800c4b8   0x000000b0   Code   RO         7109    i.__hardfp_fmodf    m_wm.l(fmodf.o)
    0x0800c568   0x0800c568   0x00000c50   Code   RO         7121    i.__hardfp_pow      m_wm.l(pow.o)
    0x0800d1b8   0x0800d1b8   0x00000664   Code   RO         7135    i.__hardfp_powf     m_wm.l(powf.o)
    0x0800d81c   0x0800d81c   0x00000190   Code   RO         7149    i.__hardfp_sinf     m_wm.l(sinf.o)
    0x0800d9ac   0x0800d9ac   0x0000007a   Code   RO         7161    i.__hardfp_sqrt     m_wm.l(sqrt.o)
    0x0800da26   0x0800da26   0x0000003a   Code   RO         7173    i.__hardfp_sqrtf    m_wm.l(sqrtf.o)
    0x0800da60   0x0800da60   0x000000f8   Code   RO         7263    i.__kernel_poly     m_wm.l(poly.o)
    0x0800db58   0x0800db58   0x00000030   Code   RO         7231    i.__mathlib_dbl_divzero  m_wm.l(dunder.o)
    0x0800db88   0x0800db88   0x00000014   Code   RO         7232    i.__mathlib_dbl_infnan  m_wm.l(dunder.o)
    0x0800db9c   0x0800db9c   0x00000014   Code   RO         7233    i.__mathlib_dbl_infnan2  m_wm.l(dunder.o)
    0x0800dbb0   0x0800dbb0   0x00000020   Code   RO         7234    i.__mathlib_dbl_invalid  m_wm.l(dunder.o)
    0x0800dbd0   0x0800dbd0   0x00000020   Code   RO         7235    i.__mathlib_dbl_overflow  m_wm.l(dunder.o)
    0x0800dbf0   0x0800dbf0   0x00000020   Code   RO         7237    i.__mathlib_dbl_underflow  m_wm.l(dunder.o)
    0x0800dc10   0x0800dc10   0x00000014   Code   RO         7249    i.__mathlib_flt_divzero  m_wm.l(funder.o)
    0x0800dc24   0x0800dc24   0x00000006   Code   RO         7250    i.__mathlib_flt_infnan  m_wm.l(funder.o)
    0x0800dc2a   0x0800dc2a   0x00000006   Code   RO         7251    i.__mathlib_flt_infnan2  m_wm.l(funder.o)
    0x0800dc30   0x0800dc30   0x00000010   Code   RO         7252    i.__mathlib_flt_invalid  m_wm.l(funder.o)
    0x0800dc40   0x0800dc40   0x00000010   Code   RO         7253    i.__mathlib_flt_overflow  m_wm.l(funder.o)
    0x0800dc50   0x0800dc50   0x00000010   Code   RO         7255    i.__mathlib_flt_underflow  m_wm.l(funder.o)
    0x0800dc60   0x0800dc60   0x00000154   Code   RO         7266    i.__mathlib_rredf2  m_wm.l(rredf.o)
    0x0800ddb4   0x0800ddb4   0x0000006c   Code   RO         6171    i.angle_nearest_to  chassis.o
    0x0800de20   0x0800de20   0x00000010   Code   RO         7219    i.atan              m_wm.l(atan.o)
    0x0800de30   0x0800de30   0x0000001c   Code   RO         6091    i.can1_start        can_bsp.o
    0x0800de4c   0x0800de4c   0x0000001c   Code   RO         6092    i.can2_start        can_bsp.o
    0x0800de68   0x0800de68   0x00000028   Code   RO         6479    i.crc_ccitt         go1_sdk.o
    0x0800de90   0x0800de90   0x00000018   Code   RO         6480    i.crc_ccitt_byte    go1_sdk.o
    0x0800dea8   0x0800dea8   0x000000f0   Code   RO         6481    i.extract_data      go1_sdk.o
    0x0800df98   0x0800df98   0x00000018   Code   RO         7105    i.fabs              m_wm.l(fabs.o)
    0x0800dfb0   0x0800dfb0   0x0000003c   Code   RO         5953    i.feedforward_G_tor  algorithm.o
    0x0800dfec   0x0800dfec   0x00000032   Code   RO         5956    i.float_to_uint     algorithm.o
    0x0800e01e   0x0800e01e   0x00000002   PAD
    0x0800e020   0x0800e020   0x000000a4   Code   RO         6172    i.friction_compensation  chassis.o
    0x0800e0c4   0x0800e0c4   0x00000108   Code   RO           16    i.main              main.o
    0x0800e1cc   0x0800e1cc   0x0000021c   Code   RO         6482    i.modify_data       go1_sdk.o
    0x0800e3e8   0x0800e3e8   0x0000001e   Code   RO         5273    i.osDelay           cmsis_os2.o
    0x0800e406   0x0800e406   0x00000002   PAD
    0x0800e408   0x0800e408   0x0000002c   Code   RO         5287    i.osKernelInitialize  cmsis_os2.o
    0x0800e434   0x0800e434   0x00000060   Code   RO         5290    i.osKernelStart     cmsis_os2.o
    0x0800e494   0x0800e494   0x000000b8   Code   RO         5332    i.osThreadNew       cmsis_os2.o
    0x0800e54c   0x0800e54c   0x00000048   Code   RO         6900    i.parseDataPacket   remote_control.o
    0x0800e594   0x0800e594   0x000000cc   Code   RO         6619    i.path_permutation_choose  auto_path.o
    0x0800e660   0x0800e660   0x000001b4   Code   RO         6620    i.path_point_choose  auto_path.o
    0x0800e814   0x0800e814   0x0000007c   Code   RO         4707    i.prvAddCurrentTaskToDelayedList  tasks.o
    0x0800e890   0x0800e890   0x000000b8   Code   RO         4708    i.prvAddNewTaskToReadyList  tasks.o
    0x0800e948   0x0800e948   0x00000074   Code   RO         5083    i.prvCheckForValidListAndQueue  timers.o
    0x0800e9bc   0x0800e9bc   0x00000048   Code   RO         4709    i.prvCheckTasksWaitingTermination  tasks.o
    0x0800ea04   0x0800ea04   0x0000002a   Code   RO         4294    i.prvCopyDataFromQueue  queue.o
    0x0800ea2e   0x0800ea2e   0x0000007e   Code   RO         4295    i.prvCopyDataToQueue  queue.o
    0x0800eaac   0x0800eaac   0x00000050   Code   RO         4710    i.prvDeleteTCB      tasks.o
    0x0800eafc   0x0800eafc   0x00000028   Code   RO         5084    i.prvGetNextExpireTime  timers.o
    0x0800eb24   0x0800eb24   0x0000007c   Code   RO         5804    i.prvHeapInit       heap_4.o
    0x0800eba0   0x0800eba0   0x00000028   Code   RO         4711    i.prvIdleTask       tasks.o
    0x0800ebc8   0x0800ebc8   0x0000002a   Code   RO         4298    i.prvInitialiseNewQueue  queue.o
    0x0800ebf2   0x0800ebf2   0x000000be   Code   RO         4712    i.prvInitialiseNewTask  tasks.o
    0x0800ecb0   0x0800ecb0   0x00000068   Code   RO         4713    i.prvInitialiseTaskLists  tasks.o
    0x0800ed18   0x0800ed18   0x00000068   Code   RO         5805    i.prvInsertBlockIntoFreeList  heap_4.o
    0x0800ed80   0x0800ed80   0x00000058   Code   RO         5086    i.prvInsertTimerInActiveList  timers.o
    0x0800edd8   0x0800edd8   0x0000001a   Code   RO         4299    i.prvIsQueueEmpty   queue.o
    0x0800edf2   0x0800edf2   0x0000001e   Code   RO         4300    i.prvIsQueueFull    queue.o
    0x0800ee10   0x0800ee10   0x00000074   Code   RO         5087    i.prvProcessExpiredTimer  timers.o
    0x0800ee84   0x0800ee84   0x00000164   Code   RO         5088    i.prvProcessReceivedCommands  timers.o
    0x0800efe8   0x0800efe8   0x00000074   Code   RO         5089    i.prvProcessTimerOrBlockTask  timers.o
    0x0800f05c   0x0800f05c   0x00000034   Code   RO         4715    i.prvResetNextTaskUnblockTime  tasks.o
    0x0800f090   0x0800f090   0x0000002c   Code   RO         5090    i.prvSampleTimeNow  timers.o
    0x0800f0bc   0x0800f0bc   0x000000a4   Code   RO         5091    i.prvSwitchTimerLists  timers.o
    0x0800f160   0x0800f160   0x00000040   Code   RO         5860    i.prvTaskExitError  port.o
    0x0800f1a0   0x0800f1a0   0x0000001a   Code   RO         5092    i.prvTimerTask      timers.o
    0x0800f1ba   0x0800f1ba   0x0000007e   Code   RO         4301    i.prvUnlockQueue    queue.o
    0x0800f238   0x0800f238   0x0000014c   Code   RO         5806    i.pvPortMalloc      heap_4.o
    0x0800f384   0x0800f384   0x0000002c   Code   RO         5861    i.pxPortInitialiseStack  port.o
    0x0800f3b0   0x0800f3b0   0x00000094   Code   RO         5957    i.ramp_signal       algorithm.o
    0x0800f444   0x0800f444   0x0000006e   Code   RO         7163    i.sqrt              m_wm.l(sqrt.o)
    0x0800f4b2   0x0800f4b2   0x00000002   PAD
    0x0800f4b4   0x0800f4b4   0x00000078   Code   RO         6173    i.swerve_optimize   chassis.o
    0x0800f52c   0x0800f52c   0x00000034   Code   RO         5958    i.uint_to_float     algorithm.o
    0x0800f560   0x0800f560   0x000000fc   Code   RO         6814    i.updateTxData      board_communicate.o
    0x0800f65c   0x0800f65c   0x00000028   Code   RO         4254    i.uxListRemove      list.o
    0x0800f684   0x0800f684   0x00000018   Code   RO         5344    i.vApplicationGetIdleTaskMemory  cmsis_os2.o
    0x0800f69c   0x0800f69c   0x00000018   Code   RO         5345    i.vApplicationGetTimerTaskMemory  cmsis_os2.o
    0x0800f6b4   0x0800f6b4   0x0000001a   Code   RO         4255    i.vListInitialise   list.o
    0x0800f6ce   0x0800f6ce   0x00000006   Code   RO         4256    i.vListInitialiseItem  list.o
    0x0800f6d4   0x0800f6d4   0x00000034   Code   RO         4257    i.vListInsert       list.o
    0x0800f708   0x0800f708   0x00000018   Code   RO         4258    i.vListInsertEnd    list.o
    0x0800f720   0x0800f720   0x00000054   Code   RO         5863    i.vPortEnterCritical  port.o
    0x0800f774   0x0800f774   0x0000003c   Code   RO         5864    i.vPortExitCritical  port.o
    0x0800f7b0   0x0800f7b0   0x000000a4   Code   RO         5807    i.vPortFree         heap_4.o
    0x0800f854   0x0800f854   0x00000028   Code   RO         5865    i.vPortSetupTimerInterrupt  port.o
    0x0800f87c   0x0800f87c   0x00000078   Code   RO         5866    i.vPortValidateInterruptPriority  port.o
    0x0800f8f4   0x0800f8f4   0x0000002c   Code   RO         4307    i.vQueueAddToRegistry  queue.o
    0x0800f920   0x0800f920   0x0000004a   Code   RO         4311    i.vQueueWaitForMessageRestricted  queue.o
    0x0800f96a   0x0800f96a   0x00000002   PAD
    0x0800f96c   0x0800f96c   0x0000005c   Code   RO         4728    i.vTaskDelay        tasks.o
    0x0800f9c8   0x0800f9c8   0x00000018   Code   RO         4733    i.vTaskInternalSetTimeOutState  tasks.o
    0x0800f9e0   0x0800f9e0   0x0000000c   Code   RO         4734    i.vTaskMissedYield  tasks.o
    0x0800f9ec   0x0800f9ec   0x00000038   Code   RO         4736    i.vTaskPlaceOnEventList  tasks.o
    0x0800fa24   0x0800fa24   0x00000040   Code   RO         4737    i.vTaskPlaceOnEventListRestricted  tasks.o
    0x0800fa64   0x0800fa64   0x000000b8   Code   RO         4745    i.vTaskStartScheduler  tasks.o
    0x0800fb1c   0x0800fb1c   0x00000010   Code   RO         4747    i.vTaskSuspendAll   tasks.o
    0x0800fb2c   0x0800fb2c   0x00000090   Code   RO         4748    i.vTaskSwitchContext  tasks.o
    0x0800fbbc   0x0800fbbc   0x00000168   Code   RO         5867    i.xPortStartScheduler  port.o
    0x0800fd24   0x0800fd24   0x00000034   Code   RO         5868    i.xPortSysTickHandler  port.o
    0x0800fd58   0x0800fd58   0x000000e0   Code   RO         4317    i.xQueueGenericCreateStatic  queue.o
    0x0800fe38   0x0800fe38   0x00000098   Code   RO         4318    i.xQueueGenericReset  queue.o
    0x0800fed0   0x0800fed0   0x000001a8   Code   RO         4319    i.xQueueGenericSend  queue.o
    0x08010078   0x08010078   0x000000fc   Code   RO         4320    i.xQueueGenericSendFromISR  queue.o
    0x08010174   0x08010174   0x00000168   Code   RO         4329    i.xQueueReceive     queue.o
    0x080102dc   0x080102dc   0x0000008c   Code   RO         4750    i.xTaskCheckForTimeOut  tasks.o
    0x08010368   0x08010368   0x00000064   Code   RO         4751    i.xTaskCreate       tasks.o
    0x080103cc   0x080103cc   0x000000ba   Code   RO         4752    i.xTaskCreateStatic  tasks.o
    0x08010486   0x08010486   0x00000002   PAD
    0x08010488   0x08010488   0x00000020   Code   RO         4756    i.xTaskGetSchedulerState  tasks.o
    0x080104a8   0x080104a8   0x0000000c   Code   RO         4757    i.xTaskGetTickCount  tasks.o
    0x080104b4   0x080104b4   0x00000144   Code   RO         4759    i.xTaskIncrementTick  tasks.o
    0x080105f8   0x080105f8   0x000000a4   Code   RO         4762    i.xTaskPriorityDisinherit  tasks.o
    0x0801069c   0x0801069c   0x00000098   Code   RO         4764    i.xTaskRemoveFromEventList  tasks.o
    0x08010734   0x08010734   0x00000104   Code   RO         4765    i.xTaskResumeAll    tasks.o
    0x08010838   0x08010838   0x00000078   Code   RO         5101    i.xTimerCreateTimerTask  timers.o
    0x080108b0   0x080108b0   0x00000084   Code   RO         5102    i.xTimerGenericCommand  timers.o
    0x08010934   0x08010934   0x00000018   Code   RO         7194    x$fpl$basic         fz_wm.l(basic.o)
    0x0801094c   0x0801094c   0x00000062   Code   RO         7041    x$fpl$d2f           fz_wm.l(d2f.o)
    0x080109ae   0x080109ae   0x00000002   PAD
    0x080109b0   0x080109b0   0x00000150   Code   RO         7043    x$fpl$dadd          fz_wm.l(daddsub_clz.o)
    0x08010b00   0x08010b00   0x00000010   Code   RO         7291    x$fpl$dcheck1       fz_wm.l(dcheck1.o)
    0x08010b10   0x08010b10   0x00000018   Code   RO         7196    x$fpl$dcmpinf       fz_wm.l(dcmpi.o)
    0x08010b28   0x08010b28   0x000002b0   Code   RO         7050    x$fpl$ddiv          fz_wm.l(ddiv.o)
    0x08010dd8   0x08010dd8   0x00000078   Code   RO         7198    x$fpl$deqf          fz_wm.l(deqf.o)
    0x08010e50   0x08010e50   0x0000002e   Code   RO         7054    x$fpl$dflt          fz_wm.l(dflt_clz.o)
    0x08010e7e   0x08010e7e   0x00000026   Code   RO         7053    x$fpl$dfltu         fz_wm.l(dflt_clz.o)
    0x08010ea4   0x08010ea4   0x00000078   Code   RO         7059    x$fpl$dleqf         fz_wm.l(dleqf.o)
    0x08010f1c   0x08010f1c   0x00000154   Code   RO         7061    x$fpl$dmul          fz_wm.l(dmul.o)
    0x08011070   0x08011070   0x0000009c   Code   RO         7200    x$fpl$dnaninf       fz_wm.l(dnaninf.o)
    0x0801110c   0x0801110c   0x0000000c   Code   RO         7202    x$fpl$dretinf       fz_wm.l(dretinf.o)
    0x08011118   0x08011118   0x0000006c   Code   RO         7063    x$fpl$drleqf        fz_wm.l(drleqf.o)
    0x08011184   0x08011184   0x00000016   Code   RO         7044    x$fpl$drsb          fz_wm.l(daddsub_clz.o)
    0x0801119a   0x0801119a   0x00000002   PAD
    0x0801119c   0x0801119c   0x00000198   Code   RO         7204    x$fpl$dsqrt         fz_wm.l(dsqrt_umaal.o)
    0x08011334   0x08011334   0x000001d4   Code   RO         7045    x$fpl$dsub          fz_wm.l(daddsub_clz.o)
    0x08011508   0x08011508   0x00000056   Code   RO         7065    x$fpl$f2d           fz_wm.l(f2d.o)
    0x0801155e   0x0801155e   0x0000008c   Code   RO         7206    x$fpl$fnaninf       fz_wm.l(fnaninf.o)
    0x080115ea   0x080115ea   0x0000000a   Code   RO         7382    x$fpl$fpinit        fz_wm.l(fpinit.o)
    0x080115f4   0x080115f4   0x000000f4   Code   RO         7208    x$fpl$frem          fz_wm.l(frem_clz.o)
    0x080116e8   0x080116e8   0x0000000a   Code   RO         7210    x$fpl$fretinf       fz_wm.l(fretinf.o)
    0x080116f2   0x080116f2   0x00000064   Code   RO         7310    x$fpl$retnan        fz_wm.l(retnan.o)
    0x08011756   0x08011756   0x0000005c   Code   RO         7214    x$fpl$scalbn        fz_wm.l(scalbn.o)
    0x080117b2   0x080117b2   0x00000030   Code   RO         7365    x$fpl$trapveneer    fz_wm.l(trapv.o)
    0x080117e2   0x080117e2   0x00000000   Code   RO         7216    x$fpl$usenofp       fz_wm.l(usenofp.o)
    0x080117e2   0x080117e2   0x00000002   PAD
    0x080117e4   0x080117e4   0x000000d8   Data   RO          373    .constdata          freertos.o
    0x080118bc   0x080118bc   0x00000008   Data   RO         2685    .constdata          stm32f4xx_hal_dma.o
    0x080118c4   0x080118c4   0x00000018   Data   RO         4063    .constdata          system_stm32f4xx.o
    0x080118dc   0x080118dc   0x0000000a   Data   RO         6313    .constdata          nrf24l01.o
    0x080118e6   0x080118e6   0x00000200   Data   RO         6483    .constdata          go1_sdk.o
    0x08011ae6   0x08011ae6   0x00000004   Data   RO         6533    .constdata          vofa.o
    0x08011aea   0x08011aea   0x00000006   PAD
    0x08011af0   0x08011af0   0x00000088   Data   RO         7124    .constdata          m_wm.l(pow.o)
    0x08011b78   0x08011b78   0x00000140   Data   RO         7138    .constdata          m_wm.l(powf.o)
    0x08011cb8   0x08011cb8   0x00000098   Data   RO         7220    .constdata          m_wm.l(atan.o)
    0x08011d50   0x08011d50   0x00000008   Data   RO         7265    .constdata          m_wm.l(qnan.o)
    0x08011d58   0x08011d58   0x00000020   Data   RO         7267    .constdata          m_wm.l(rredf.o)
    0x08011d78   0x08011d78   0x0000002e   Data   RO          374    .conststring        freertos.o
    0x08011da6   0x08011da6   0x00000002   PAD
    0x08011da8   0x08011da8   0x00000020   Data   RO         7440    Region$$Table       anon$$obj.o


    Execution Region RW_IRAM1 (Exec base: 0x20000000, Load base: 0x08011dc8, Size: 0x00007600, Max: 0x0001c000, ABSOLUTE, COMPRESSED[0x000002a4])

    Exec Addr    Load Addr    Size         Type   Attr      Idx    E Section Name        Object

    0x20000000   COMPRESSED   0x00000018   Data   RW          375    .data               freertos.o
    0x20000018   COMPRESSED   0x00000004   Data   RW          480    .data               can.o
    0x2000001c   COMPRESSED   0x00000009   Data   RW         3135    .data               stm32f4xx_hal.o
    0x20000025   COMPRESSED   0x00000003   PAD
    0x20000028   COMPRESSED   0x00000004   Data   RW         4064    .data               system_stm32f4xx.o
    0x2000002c   COMPRESSED   0x0000003c   Data   RW         4768    .data               tasks.o
    0x20000068   COMPRESSED   0x00000014   Data   RW         5110    .data               timers.o
    0x2000007c   COMPRESSED   0x00000004   Data   RW         5347    .data               cmsis_os2.o
    0x20000080   COMPRESSED   0x00000020   Data   RW         5813    .data               heap_4.o
    0x200000a0   COMPRESSED   0x0000000c   Data   RW         5869    .data               port.o
    0x200000ac   COMPRESSED   0x00000010   Data   RW         6094    .data               can_bsp.o
    0x200000bc   COMPRESSED   0x00000004   PAD
    0x200000c0   COMPRESSED   0x00000f02   Data   RW         6226    .data               global.declare.o
    0x20000fc2   COMPRESSED   0x00000001   Data   RW         6314    .data               nrf24l01.o
    0x20000fc3   COMPRESSED   0x00000001   Data   RW         6416    .data               j60_sdk.o
    0x20000fc4   COMPRESSED   0x00000011   Data   RW         6621    .data               auto_path.o
    0x20000fd5   COMPRESSED   0x00000003   PAD
    0x20000fd8   COMPRESSED   0x00000018   Data   RW         6815    .data               board_communicate.o
    0x20000ff0   COMPRESSED   0x0000003c   Data   RW         6901    .data               remote_control.o
    0x2000102c        -       0x00000050   Zero   RW          479    .bss                can.o
    0x2000107c        -       0x00000058   Zero   RW          554    .bss                spi.o
    0x200010d4        -       0x00000048   Zero   RW          596    .bss                tim.o
    0x2000111c        -       0x00000528   Zero   RW          642    .bss                usart.o
    0x20001644        -       0x00000048   Zero   RW          912    .bss                stm32f4xx_hal_timebase_tim.o
    0x2000168c        -       0x00000040   Zero   RW         4333    .bss                queue.o
    0x200016cc        -       0x000004c4   Zero   RW         4767    .bss                tasks.o
    0x20001b90        -       0x00000118   Zero   RW         5109    .bss                timers.o
    0x20001ca8        -       0x000006b8   Zero   RW         5346    .bss                cmsis_os2.o
    0x20002360        -       0x00003c00   Zero   RW         5812    .bss                heap_4.o
    0x20005f60        -       0x00000030   Zero   RW         6093    .bss                can_bsp.o
    0x20005f90        -       0x00000ee0   Zero   RW         6225    .bss                global.declare.o
    0x20006e70        -       0x00000063   Zero   RW         6312    .bss                nrf24l01.o
    0x20006ed3        -       0x000000cc   Zero   RW         6532    .bss                vofa.o
    0x20006f9f   COMPRESSED   0x00000001   PAD
    0x20006fa0        -       0x00000060   Zero   RW         7294    .bss                c_w.l(libspace.o)
    0x20007000        -       0x00000200   Zero   RW            2    HEAP                startup_stm32f407xx.o
    0x20007200        -       0x00000400   Zero   RW            1    STACK               startup_stm32f407xx.o


    Execution Region RW_IRAM2 (Exec base: 0x2001c000, Load base: 0x0801206c, Size: 0x00000000, Max: 0x00004000, ABSOLUTE)

    **** No section assigned to this execution region ****


==============================================================================

Image component sizes


      Code (inc. data)   RO Data    RW Data    ZI Data      Debug   Object Name

      3398         98          0          0          0      24924   algorithm.o
      9060        794          0         17          0      19090   auto_path.o
       508        104          0         24          0       2985   board_communicate.o
       496         38          0          4         80       2826   can.o
      2102        158          0         16         48       6915   can_bsp.o
      2640        204          0          0          0       3569   chassis.o
       430         38          0          4       1720      66435   cmsis_os2.o
         0          0          0          0          0       7272   croutine.o
       232          6          0          0          0       1022   dma.o
         0          0          0          0          0      19864   event_groups.o
      6824        708          0          0          0       3475   foot.o
       740        178        262         24          0       4939   freertos.o
         0          0          0       3842       3808      15153   global.declare.o
       934         70        512          0          0       3808   go1_sdk.o
       276         12          0          0          0     705671   gpio.o
       724         74          0         32      15360       5323   heap_4.o
       588         34          0          1          0       3312   j60_sdk.o
       148          0          0          0          0       4022   list.o
       872         92          0          0          0       1134   locate.o
       474         66          0          0          0     724001   main.o
       408          8          0          0          0       2778   motor_dji_sdk.o
      1396        126          0          0          0       1104   navigate.o
       664         76         10          1         99       8188   nrf24l01.o
      1014         92          0         12          0      12573   port.o
      1922         20          0          0         64      18584   queue.o
       888         76          0         60          0       2697   remote_control.o
       220         20          0          0         88       1973   spi.o
        64         26        392          0       1536        916   startup_stm32f407xx.o
        96         20          0          9          0       8518   stm32f4xx_hal.o
      2144          4          0          0          0      15847   stm32f4xx_hal_can.o
       260         22          0          0          0      34014   stm32f4xx_hal_cortex.o
      1436         16          8          0          0       7686   stm32f4xx_hal_dma.o
       512         46          0          0          0       2332   stm32f4xx_hal_gpio.o
        84          6          0          0          0       1006   stm32f4xx_hal_msp.o
      1888         94          0          0          0       6869   stm32f4xx_hal_rcc.o
      1506         18          0          0          0       7470   stm32f4xx_hal_spi.o
      1252         76          0          0          0      10851   stm32f4xx_hal_tim.o
       184         30          0          0          0       2821   stm32f4xx_hal_tim_ex.o
       180         20          0          0         72       1695   stm32f4xx_hal_timebase_tim.o
      2988         40          0          0          0      19651   stm32f4xx_hal_uart.o
      1470        274          0          0          0      14865   stm32f4xx_it.o
         0          0          0          0          0        416   stream_buffer.o
        20          6         24          4          0       1351   system_stm32f4xx.o
      2808        346          0         60       1220      29506   tasks.o
       176         10          0          0         72       1978   tim.o
      1318        124          0         20        280      34287   timers.o
      1692        154          0          0       1320       5952   usart.o
       192         22          0          0          0       1341   vision.o
       296         38          4          0        204       2137   vofa.o

    ----------------------------------------------------------------------
     57570       4484       1252       4140      25972    1885146   Object Totals
         0          0         32          0          0          0   (incl. Generated)
        46          0          8         10          1          0   (incl. Padding)

    ----------------------------------------------------------------------

      Code (inc. data)   RO Data    RW Data    ZI Data      Debug   Library Member Name

        90          0          0          0          0          0   __dczerorl2.o
         8          0          0          0          0         68   __main.o
         0          0          0          0          0          0   __rtentry.o
        12          0          0          0          0          0   __rtentry2.o
         6          0          0          0          0          0   __rtentry4.o
        52          8          0          0          0          0   __scatter.o
        28          0          0          0          0          0   __scatter_zi.o
        22          0          0          0          0        100   _rserrno.o
        16          0          0          0          0         68   aeabi_memset.o
        18          0          0          0          0         80   exit.o
         6          0          0          0          0        152   heapauxi.o
         0          0          0          0          0          0   indicate_semi.o
         2          0          0          0          0          0   libinit.o
         6          0          0          0          0          0   libinit2.o
         2          0          0          0          0          0   libshutdown.o
         2          0          0          0          0          0   libshutdown2.o
         8          4          0          0         96         68   libspace.o
       238          0          0          0          0        100   lludivv7m.o
         8          4          0          0          0         68   rt_errno_addr_intlibspace.o
        68          0          0          0          0         68   rt_memclr.o
        78          0          0          0          0         80   rt_memclr_w.o
       138          0          0          0          0         68   rt_memcpy_v6.o
       100          0          0          0          0         80   rt_memcpy_w.o
         2          0          0          0          0          0   rtexit.o
        10          0          0          0          0          0   rtexit2.o
        12          4          0          0          0         68   sys_exit.o
        74          0          0          0          0         80   sys_stackheap_outer.o
         2          0          0          0          0         68   use_no_semi.o
        24          0          0          0          0        164   basic.o
        98          4          0          0          0        140   d2f.o
       826         16          0          0          0        492   daddsub_clz.o
        16          4          0          0          0        116   dcheck1.o
        24          0          0          0          0        116   dcmpi.o
       688        140          0          0          0        256   ddiv.o
       120          4          0          0          0        140   deqf.o
        84          0          0          0          0        232   dflt_clz.o
       120          4          0          0          0        140   dleqf.o
       340         12          0          0          0        152   dmul.o
       156          4          0          0          0        140   dnaninf.o
        12          0          0          0          0        116   dretinf.o
       108          0          0          0          0        128   drleqf.o
       408         56          0          0          0        168   dsqrt_umaal.o
        86          4          0          0          0        132   f2d.o
       140          4          0          0          0        132   fnaninf.o
        10          0          0          0          0        116   fpinit.o
       244          8          0          0          0        132   frem_clz.o
        10          0          0          0          0        116   fretinf.o
       100          0          0          0          0        116   retnan.o
        92          0          0          0          0        116   scalbn.o
        48          0          0          0          0        116   trapv.o
         0          0          0          0          0          0   usenofp.o
       744        106        152          0          0        352   atan.o
       512         64          0          0          0        208   atan2.o
       684         90          0          0          0        208   atan2f.o
       336         56          0          0          0        136   cosf.o
       184         44          0          0          0        744   dunder.o
        44          0          0          0          0        248   fabs.o
       176          0          0          0          0        168   fmodf.o
        48          0          0          0          0        124   fpclassify.o
        38          0          0          0          0        116   fpclassifyf.o
        80         24          0          0          0        696   funder.o
       248          0          0          0          0        152   poly.o
      3152        296        136          0          0        352   pow.o
      1636        110        320          0          0        372   powf.o
         0          0          8          0          0          0   qnan.o
       340         24         32          0          0        160   rredf.o
       400         56          0          0          0        212   sinf.o
       232          0          0          0          0        296   sqrt.o
        58          0          0          0          0        136   sqrtf.o

    ----------------------------------------------------------------------
     13690       1150        648          0         96       9372   Library Totals
        16          0          0          0          0          0   (incl. Padding)

    ----------------------------------------------------------------------

      Code (inc. data)   RO Data    RW Data    ZI Data      Debug   Library Name

      1008         20          0          0         96       1216   c_w.l
      3754        260          0          0          0       3476   fz_wm.l
      8912        870        648          0          0       4680   m_wm.l

    ----------------------------------------------------------------------
     13690       1150        648          0         96       9372   Library Totals

    ----------------------------------------------------------------------

==============================================================================


      Code (inc. data)   RO Data    RW Data    ZI Data      Debug   

     71260       5634       1900       4140      26068    1859346   Grand Totals
     71260       5634       1900        676      26068    1859346   ELF Image Totals (compressed)
     71260       5634       1900        676          0          0   ROM Totals

==============================================================================

    Total RO  Size (Code + RO Data)                73160 (  71.45kB)
    Total RW  Size (RW Data + ZI Data)             30208 (  29.50kB)
    Total ROM Size (Code + RO Data + RW Data)      73836 (  72.11kB)

==============================================================================

